Archive member included to satisfy reference by file (symbol)

c:/st/stm32cubeide_1.9.0/stm32cubeide/plugins/com.st.stm32cube.ide.mcu.externaltools.gnu-tools-for-stm32.10.3-2021.10.win32_1.0.0.202111181127/tools/bin/../lib/gcc/arm-none-eabi/10.3.1/../../../../arm-none-eabi/lib/thumb/v6-m/nofp\libc.a(lib_a-atof.o)
                              BOS\BOS_CLI.o (atof)
c:/st/stm32cubeide_1.9.0/stm32cubeide/plugins/com.st.stm32cube.ide.mcu.externaltools.gnu-tools-for-stm32.10.3-2021.10.win32_1.0.0.202111181127/tools/bin/../lib/gcc/arm-none-eabi/10.3.1/../../../../arm-none-eabi/lib/thumb/v6-m/nofp\libc.a(lib_a-atoi.o)
                              BOS\BOS_CLI.o (atoi)
c:/st/stm32cubeide_1.9.0/stm32cubeide/plugins/com.st.stm32cube.ide.mcu.externaltools.gnu-tools-for-stm32.10.3-2021.10.win32_1.0.0.202111181127/tools/bin/../lib/gcc/arm-none-eabi/10.3.1/../../../../arm-none-eabi/lib/thumb/v6-m/nofp\libc.a(lib_a-atol.o)
                              BOS\BOS.o (atol)
c:/st/stm32cubeide_1.9.0/stm32cubeide/plugins/com.st.stm32cube.ide.mcu.externaltools.gnu-tools-for-stm32.10.3-2021.10.win32_1.0.0.202111181127/tools/bin/../lib/gcc/arm-none-eabi/10.3.1/../../../../arm-none-eabi/lib/thumb/v6-m/nofp\libc.a(lib_a-ctype_.o)
                              BOS\BOS_CLI.o (_ctype_)
c:/st/stm32cubeide_1.9.0/stm32cubeide/plugins/com.st.stm32cube.ide.mcu.externaltools.gnu-tools-for-stm32.10.3-2021.10.win32_1.0.0.202111181127/tools/bin/../lib/gcc/arm-none-eabi/10.3.1/../../../../arm-none-eabi/lib/thumb/v6-m/nofp\libc.a(lib_a-exit.o)
                              c:/st/stm32cubeide_1.9.0/stm32cubeide/plugins/com.st.stm32cube.ide.mcu.externaltools.gnu-tools-for-stm32.10.3-2021.10.win32_1.0.0.202111181127/tools/bin/../lib/gcc/arm-none-eabi/10.3.1/../../../../arm-none-eabi/lib/thumb/v6-m/nofp/crt0.o (exit)
c:/st/stm32cubeide_1.9.0/stm32cubeide/plugins/com.st.stm32cube.ide.mcu.externaltools.gnu-tools-for-stm32.10.3-2021.10.win32_1.0.0.202111181127/tools/bin/../lib/gcc/arm-none-eabi/10.3.1/../../../../arm-none-eabi/lib/thumb/v6-m/nofp\libc.a(lib_a-impure.o)
                              c:/st/stm32cubeide_1.9.0/stm32cubeide/plugins/com.st.stm32cube.ide.mcu.externaltools.gnu-tools-for-stm32.10.3-2021.10.win32_1.0.0.202111181127/tools/bin/../lib/gcc/arm-none-eabi/10.3.1/../../../../arm-none-eabi/lib/thumb/v6-m/nofp\libc.a(lib_a-exit.o) (_global_impure_ptr)
c:/st/stm32cubeide_1.9.0/stm32cubeide/plugins/com.st.stm32cube.ide.mcu.externaltools.gnu-tools-for-stm32.10.3-2021.10.win32_1.0.0.202111181127/tools/bin/../lib/gcc/arm-none-eabi/10.3.1/../../../../arm-none-eabi/lib/thumb/v6-m/nofp\libc.a(lib_a-init.o)
                              c:/st/stm32cubeide_1.9.0/stm32cubeide/plugins/com.st.stm32cube.ide.mcu.externaltools.gnu-tools-for-stm32.10.3-2021.10.win32_1.0.0.202111181127/tools/bin/../lib/gcc/arm-none-eabi/10.3.1/../../../../arm-none-eabi/lib/thumb/v6-m/nofp/crt0.o (__libc_init_array)
c:/st/stm32cubeide_1.9.0/stm32cubeide/plugins/com.st.stm32cube.ide.mcu.externaltools.gnu-tools-for-stm32.10.3-2021.10.win32_1.0.0.202111181127/tools/bin/../lib/gcc/arm-none-eabi/10.3.1/../../../../arm-none-eabi/lib/thumb/v6-m/nofp\libc.a(lib_a-malloc.o)
                              BOS\BOS.o (malloc)
c:/st/stm32cubeide_1.9.0/stm32cubeide/plugins/com.st.stm32cube.ide.mcu.externaltools.gnu-tools-for-stm32.10.3-2021.10.win32_1.0.0.202111181127/tools/bin/../lib/gcc/arm-none-eabi/10.3.1/../../../../arm-none-eabi/lib/thumb/v6-m/nofp\libc.a(lib_a-mallocr.o)
                              c:/st/stm32cubeide_1.9.0/stm32cubeide/plugins/com.st.stm32cube.ide.mcu.externaltools.gnu-tools-for-stm32.10.3-2021.10.win32_1.0.0.202111181127/tools/bin/../lib/gcc/arm-none-eabi/10.3.1/../../../../arm-none-eabi/lib/thumb/v6-m/nofp\libc.a(lib_a-malloc.o) (_malloc_r)
c:/st/stm32cubeide_1.9.0/stm32cubeide/plugins/com.st.stm32cube.ide.mcu.externaltools.gnu-tools-for-stm32.10.3-2021.10.win32_1.0.0.202111181127/tools/bin/../lib/gcc/arm-none-eabi/10.3.1/../../../../arm-none-eabi/lib/thumb/v6-m/nofp\libc.a(lib_a-memcpy-stub.o)
                              BOS\BOS.o (memcpy)
c:/st/stm32cubeide_1.9.0/stm32cubeide/plugins/com.st.stm32cube.ide.mcu.externaltools.gnu-tools-for-stm32.10.3-2021.10.win32_1.0.0.202111181127/tools/bin/../lib/gcc/arm-none-eabi/10.3.1/../../../../arm-none-eabi/lib/thumb/v6-m/nofp\libc.a(lib_a-memset.o)
                              c:/st/stm32cubeide_1.9.0/stm32cubeide/plugins/com.st.stm32cube.ide.mcu.externaltools.gnu-tools-for-stm32.10.3-2021.10.win32_1.0.0.202111181127/tools/bin/../lib/gcc/arm-none-eabi/10.3.1/../../../../arm-none-eabi/lib/thumb/v6-m/nofp/crt0.o (memset)
c:/st/stm32cubeide_1.9.0/stm32cubeide/plugins/com.st.stm32cube.ide.mcu.externaltools.gnu-tools-for-stm32.10.3-2021.10.win32_1.0.0.202111181127/tools/bin/../lib/gcc/arm-none-eabi/10.3.1/../../../../arm-none-eabi/lib/thumb/v6-m/nofp\libc.a(lib_a-mlock.o)
[...]
Memory Configuration

Name             Origin             Length             Attributes
RAM              0x0000000020000000 0x0000000000024000 xrw
FLASH            0x0000000008000000 0x0000000000080000 xr
*default*        0x0000000000000000 0xffffffffffffffff

Linker script and memory map

LOAD c:/st/stm32cubeide_1.9.0/stm32cubeide/plugins/com.st.stm32cube.ide.mcu.externaltools.gnu-tools-for-stm32.10.3-2021.10.win32_1.0.0.202111181127/tools/bin/../lib/gcc/arm-none-eabi/10.3.1/thumb/v6-m/nofp/crti.o
LOAD c:/st/stm32cubeide_1.9.0/stm32cubeide/plugins/com.st.stm32cube.ide.mcu.externaltools.gnu-tools-for-stm32.10.3-2021.10.win32_1.0.0.202111181127/tools/bin/../lib/gcc/arm-none-eabi/10.3.1/thumb/v6-m/nofp/crtbegin.o
LOAD c:/st/stm32cubeide_1.9.0/stm32cubeide/plugins/com.st.stm32cube.ide.mcu.externaltools.gnu-tools-for-stm32.10.3-2021.10.win32_1.0.0.202111181127/tools/bin/../lib/gcc/arm-none-eabi/10.3.1/../../../../arm-none-eabi/lib/thumb/v6-m/nofp/crt0.o
LOAD BOS\BOS.o
LOAD BOS\BOS_CLI.o
LOAD BOS\BOS_CLIcommands.o
LOAD BOS\BOS_dma.o
LOAD BOS\BOS_freertos.o
LOAD BOS\BOS_messaging.o
LOAD BOS\BOS_msgparser.o
LOAD H0FR7\H0FR7.o
LOAD H0FR7\H0FR7_adc.o
LOAD H0FR7\H0FR7_dma.o
LOAD H0FR7\H0FR7_eeprom.o
LOAD H0FR7\H0FR7_gpio.o
LOAD H0FR7\H0FR7_inputs.o
LOAD H0FR7\H0FR7_it.o
LOAD H0FR7\H0FR7_rtc.o
LOAD H0FR7\H0FR7_timers.o
LOAD H0FR7\H0FR7_uart.o
LOAD H0FR7\startup_stm32g0b1ceuxn.o
LOAD Thirdparty\CMSIS\STM32G0xx\Device\ST\STM32G0xx\Source\Templates\system_stm32g0xx.o
LOAD Thirdparty\Middleware\STM32G0xx\FreeRTOS\Source\CMSIS_RTOS\cmsis_os.o
LOAD Thirdparty\Middleware\STM32G0xx\FreeRTOS\Source\FreeRTOS_CLI.o
LOAD Thirdparty\Middleware\STM32G0xx\FreeRTOS\Source\croutine.o
LOAD Thirdparty\Middleware\STM32G0xx\FreeRTOS\Source\event_groups.o
LOAD Thirdparty\Middleware\STM32G0xx\FreeRTOS\Source\list.o
LOAD Thirdparty\Middleware\STM32G0xx\FreeRTOS\Source\portable\GCC\ARM_CM0\port.o
LOAD Thirdparty\Middleware\STM32G0xx\FreeRTOS\Source\portable\MemMang\heap_4.o
LOAD Thirdparty\Middleware\STM32G0xx\FreeRTOS\Source\queue.o
LOAD Thirdparty\Middleware\STM32G0xx\FreeRTOS\Source\stream_buffer.o
LOAD Thirdparty\Middleware\STM32G0xx\FreeRTOS\Source\tasks.o
LOAD Thirdparty\Middleware\STM32G0xx\FreeRTOS\Source\timers.o
LOAD Thirdparty\STM32G0xx_HAL_Driver\Src\stm32g0xx_hal.o
LOAD Thirdparty\STM32G0xx_HAL_Driver\Src\stm32g0xx_hal_adc.o
LOAD Thirdparty\STM32G0xx_HAL_Driver\Src\stm32g0xx_hal_adc_ex.o
LOAD Thirdparty\STM32G0xx_HAL_Driver\Src\stm32g0xx_hal_cec.o
LOAD Thirdparty\STM32G0xx_HAL_Driver\Src\stm32g0xx_hal_comp.o
LOAD Thirdparty\STM32G0xx_HAL_Driver\Src\stm32g0xx_hal_cortex.o
LOAD Thirdparty\STM32G0xx_HAL_Driver\Src\stm32g0xx_hal_crc.o
LOAD Thirdparty\STM32G0xx_HAL_Driver\Src\stm32g0xx_hal_crc_ex.o
LOAD Thirdparty\STM32G0xx_HAL_Driver\Src\stm32g0xx_hal_cryp.o
LOAD Thirdparty\STM32G0xx_HAL_Driver\Src\stm32g0xx_hal_cryp_ex.o
LOAD Thirdparty\STM32G0xx_HAL_Driver\Src\stm32g0xx_hal_dac.o
LOAD Thirdparty\STM32G0xx_HAL_Driver\Src\stm32g0xx_hal_dac_ex.o
LOAD Thirdparty\STM32G0xx_HAL_Driver\Src\stm32g0xx_hal_dma.o
LOAD Thirdparty\STM32G0xx_HAL_Driver\Src\stm32g0xx_hal_dma_ex.o
LOAD Thirdparty\STM32G0xx_HAL_Driver\Src\stm32g0xx_hal_exti.o
LOAD Thirdparty\STM32G0xx_HAL_Driver\Src\stm32g0xx_hal_fdcan.o
LOAD Thirdparty\STM32G0xx_HAL_Driver\Src\stm32g0xx_hal_flash.o
LOAD Thirdparty\STM32G0xx_HAL_Driver\Src\stm32g0xx_hal_flash_ex.o
LOAD Thirdparty\STM32G0xx_HAL_Driver\Src\stm32g0xx_hal_gpio.o
LOAD Thirdparty\STM32G0xx_HAL_Driver\Src\stm32g0xx_hal_hcd.o
LOAD Thirdparty\STM32G0xx_HAL_Driver\Src\stm32g0xx_hal_i2c.o
LOAD Thirdparty\STM32G0xx_HAL_Driver\Src\stm32g0xx_hal_i2c_ex.o
LOAD Thirdparty\STM32G0xx_HAL_Driver\Src\stm32g0xx_hal_i2s.o
LOAD Thirdparty\STM32G0xx_HAL_Driver\Src\stm32g0xx_hal_irda.o
LOAD Thirdparty\STM32G0xx_HAL_Driver\Src\stm32g0xx_hal_iwdg.o
LOAD Thirdparty\STM32G0xx_HAL_Driver\Src\stm32g0xx_hal_lptim.o
LOAD Thirdparty\STM32G0xx_HAL_Driver\Src\stm32g0xx_hal_msp_template.o
LOAD Thirdparty\STM32G0xx_HAL_Driver\Src\stm32g0xx_hal_pcd.o
LOAD Thirdparty\STM32G0xx_HAL_Driver\Src\stm32g0xx_hal_pcd_ex.o
LOAD Thirdparty\STM32G0xx_HAL_Driver\Src\stm32g0xx_hal_pwr.o
LOAD Thirdparty\STM32G0xx_HAL_Driver\Src\stm32g0xx_hal_pwr_ex.o
LOAD Thirdparty\STM32G0xx_HAL_Driver\Src\stm32g0xx_hal_rcc.o
LOAD Thirdparty\STM32G0xx_HAL_Driver\Src\stm32g0xx_hal_rcc_ex.o
LOAD Thirdparty\STM32G0xx_HAL_Driver\Src\stm32g0xx_hal_rng.o
LOAD Thirdparty\STM32G0xx_HAL_Driver\Src\stm32g0xx_hal_rtc.o
LOAD Thirdparty\STM32G0xx_HAL_Driver\Src\stm32g0xx_hal_rtc_ex.o
LOAD Thirdparty\STM32G0xx_HAL_Driver\Src\stm32g0xx_hal_smartcard.o
LOAD Thirdparty\STM32G0xx_HAL_Driver\Src\stm32g0xx_hal_smartcard_ex.o
LOAD Thirdparty\STM32G0xx_HAL_Driver\Src\stm32g0xx_hal_smbus.o
LOAD Thirdparty\STM32G0xx_HAL_Driver\Src\stm32g0xx_hal_smbus_ex.o
LOAD Thirdparty\STM32G0xx_HAL_Driver\Src\stm32g0xx_hal_spi.o
LOAD Thirdparty\STM32G0xx_HAL_Driver\Src\stm32g0xx_hal_spi_ex.o
LOAD Thirdparty\STM32G0xx_HAL_Driver\Src\stm32g0xx_hal_tim.o
LOAD Thirdparty\STM32G0xx_HAL_Driver\Src\stm32g0xx_hal_tim_ex.o
LOAD Thirdparty\STM32G0xx_HAL_Driver\Src\stm32g0xx_hal_uart.o
LOAD Thirdparty\STM32G0xx_HAL_Driver\Src\stm32g0xx_hal_uart_ex.o
LOAD Thirdparty\STM32G0xx_HAL_Driver\Src\stm32g0xx_hal_usart.o
LOAD Thirdparty\STM32G0xx_HAL_Driver\Src\stm32g0xx_hal_usart_ex.o
LOAD Thirdparty\STM32G0xx_HAL_Driver\Src\stm32g0xx_hal_wwdg.o
LOAD Thirdparty\STM32G0xx_HAL_Driver\Src\stm32g0xx_ll_adc.o
LOAD Thirdparty\STM32G0xx_HAL_Driver\Src\stm32g0xx_ll_comp.o
LOAD Thirdparty\STM32G0xx_HAL_Driver\Src\stm32g0xx_ll_crc.o
LOAD Thirdparty\STM32G0xx_HAL_Driver\Src\stm32g0xx_ll_crs.o
LOAD Thirdparty\STM32G0xx_HAL_Driver\Src\stm32g0xx_ll_dac.o
LOAD Thirdparty\STM32G0xx_HAL_Driver\Src\stm32g0xx_ll_dma.o
LOAD Thirdparty\STM32G0xx_HAL_Driver\Src\stm32g0xx_ll_exti.o
LOAD Thirdparty\STM32G0xx_HAL_Driver\Src\stm32g0xx_ll_gpio.o
LOAD Thirdparty\STM32G0xx_HAL_Driver\Src\stm32g0xx_ll_i2c.o
LOAD Thirdparty\STM32G0xx_HAL_Driver\Src\stm32g0xx_ll_lptim.o
LOAD Thirdparty\STM32G0xx_HAL_Driver\Src\stm32g0xx_ll_lpuart.o
LOAD Thirdparty\STM32G0xx_HAL_Driver\Src\stm32g0xx_ll_pwr.o
LOAD Thirdparty\STM32G0xx_HAL_Driver\Src\stm32g0xx_ll_rcc.o
LOAD Thirdparty\STM32G0xx_HAL_Driver\Src\stm32g0xx_ll_rng.o
LOAD Thirdparty\STM32G0xx_HAL_Driver\Src\stm32g0xx_ll_rtc.o
LOAD Thirdparty\STM32G0xx_HAL_Driver\Src\stm32g0xx_ll_spi.o
LOAD Thirdparty\STM32G0xx_HAL_Driver\Src\stm32g0xx_ll_tim.o
LOAD Thirdparty\STM32G0xx_HAL_Driver\Src\stm32g0xx_ll_ucpd.o
LOAD Thirdparty\STM32G0xx_HAL_Driver\Src\stm32g0xx_ll_usart.o
LOAD Thirdparty\STM32G0xx_HAL_Driver\Src\stm32g0xx_ll_usb.o
LOAD Thirdparty\STM32G0xx_HAL_Driver\Src\stm32g0xx_ll_utils.o
LOAD User\main.o
START GROUP
LOAD c:/st/stm32cubeide_1.9.0/stm32cubeide/plugins/com.st.stm32cube.ide.mcu.externaltools.gnu-tools-for-stm32.10.3-2021.10.win32_1.0.0.202111181127/tools/bin/../lib/gcc/arm-none-eabi/10.3.1/../../../../arm-none-eabi/lib/thumb/v6-m/nofp\libc.a
LOAD c:/st/stm32cubeide_1.9.0/stm32cubeide/plugins/com.st.stm32cube.ide.mcu.externaltools.gnu-tools-for-stm32.10.3-2021.10.win32_1.0.0.202111181127/tools/bin/../lib/gcc/arm-none-eabi/10.3.1/../../../../arm-none-eabi/lib/thumb/v6-m/nofp\libm.a
END GROUP
START GROUP
LOAD c:/st/stm32cubeide_1.9.0/stm32cubeide/plugins/com.st.stm32cube.ide.mcu.externaltools.gnu-tools-for-stm32.10.3-2021.10.win32_1.0.0.202111181127/tools/bin/../lib/gcc/arm-none-eabi/10.3.1/thumb/v6-m/nofp\libgcc.a
LOAD c:/st/stm32cubeide_1.9.0/stm32cubeide/plugins/com.st.stm32cube.ide.mcu.externaltools.gnu-tools-for-stm32.10.3-2021.10.win32_1.0.0.202111181127/tools/bin/../lib/gcc/arm-none-eabi/10.3.1/../../../../arm-none-eabi/lib/thumb/v6-m/nofp\libc.a
END GROUP
START GROUP
LOAD c:/st/stm32cubeide_1.9.0/stm32cubeide/plugins/com.st.stm32cube.ide.mcu.externaltools.gnu-tools-for-stm32.10.3-2021.10.win32_1.0.0.202111181127/tools/bin/../lib/gcc/arm-none-eabi/10.3.1/thumb/v6-m/nofp\libgcc.a
LOAD c:/st/stm32cubeide_1.9.0/stm32cubeide/plugins/com.st.stm32cube.ide.mcu.externaltools.gnu-tools-for-stm32.10.3-2021.10.win32_1.0.0.202111181127/tools/bin/../lib/gcc/arm-none-eabi/10.3.1/../../../../arm-none-eabi/lib/thumb/v6-m/nofp\libc.a
LOAD c:/st/stm32cubeide_1.9.0/stm32cubeide/plugins/com.st.stm32cube.ide.mcu.externaltools.gnu-tools-for-stm32.10.3-2021.10.win32_1.0.0.202111181127/tools/bin/../lib/gcc/arm-none-eabi/10.3.1/../../../../arm-none-eabi/lib/thumb/v6-m/nofp\libnosys.a
END GROUP
LOAD c:/st/stm32cubeide_1.9.0/stm32cubeide/plugins/com.st.stm32cube.ide.mcu.externaltools.gnu-tools-for-stm32.10.3-2021.10.win32_1.0.0.202111181127/tools/bin/../lib/gcc/arm-none-eabi/10.3.1/thumb/v6-m/nofp/crtend.o
LOAD c:/st/stm32cubeide_1.9.0/stm32cubeide/plugins/com.st.stm32cube.ide.mcu.externaltools.gnu-tools-for-stm32.10.3-2021.10.win32_1.0.0.202111181127/tools/bin/../lib/gcc/arm-none-eabi/10.3.1/thumb/v6-m/nofp/crtn.o
                0x0000000020024000                _estack = (ORIGIN (RAM) + LENGTH (RAM))
                0x0000000000000200                _Min_Heap_Size = 0x200
                0x0000000000000400                _Min_Stack_Size = 0x400

.isr_vector     0x0000000008000000       0xbc
                0x0000000008000000                . = ALIGN (0x4)
 *(.isr_vector)
 .isr_vector    0x0000000008000000       0xbc H0FR7\startup_stm32g0b1ceuxn.o
                0x0000000008000000                g_pfnVectors
                0x00000000080000bc                . = ALIGN (0x4)

.text           0x00000000080000c0    0x2a1c8
                0x00000000080000c0                . = ALIGN (0x4)
 *(.text)
 .text          0x00000000080000c0       0x48 c:/st/stm32cubeide_1.9.0/stm32cubeide/plugins/com.st.stm32cube.ide.mcu.externaltools.gnu-tools-for-stm32.10.3-2021.10.win32_1.0.0.202111181127/tools/bin/../lib/gcc/arm-none-eabi/10.3.1/thumb/v6-m/nofp/crtbegin.o
 .text          0x0000000008000108       0x14 c:/st/stm32cubeide_1.9.0/stm32cubeide/plugins/com.st.stm32cube.ide.mcu.externaltools.gnu-tools-for-stm32.10.3-2021.10.win32_1.0.0.202111181127/tools/bin/../lib/gcc/arm-none-eabi/10.3.1/../../../../arm-none-eabi/lib/thumb/v6-m/nofp\libc.a(lib_a-strcmp.o)
                0x0000000008000108                strcmp
 .text          0x000000000800011c        0xe c:/st/stm32cubeide_1.9.0/stm32cubeide/plugins/com.st.stm32cube.ide.mcu.externaltools.gnu-tools-for-stm32.10.3-2021.10.win32_1.0.0.202111181127/tools/bin/../lib/gcc/arm-none-eabi/10.3.1/../../../../arm-none-eabi/lib/thumb/v6-m/nofp\libc.a(lib_a-strlen.o)
                0x000000000800011c                strlen
 *fill*         0x000000000800012a        0x2 
 .text          0x000000000800012c       0x14 c:/st/stm32cubeide_1.9.0/stm32cubeide/plugins/com.st.stm32cube.ide.mcu.externaltools.gnu-tools-for-stm32.10.3-2021.10.win32_1.0.0.202111181127/tools/bin/../lib/gcc/arm-none-eabi/10.3.1/thumb/v6-m/nofp\libgcc.a(_thumb1_case_uqi.o)
                0x000000000800012c                __gnu_thumb1_case_uqi
 .text          0x0000000008000140       0x14 c:/st/stm32cubeide_1.9.0/stm32cubeide/plugins/com.st.stm32cube.ide.mcu.externaltools.gnu-tools-for-stm32.10.3-2021.10.win32_1.0.0.202111181127/tools/bin/../lib/gcc/arm-none-eabi/10.3.1/thumb/v6-m/nofp\libgcc.a(_thumb1_case_uhi.o)
                0x0000000008000140                __gnu_thumb1_case_uhi
 .text          0x0000000008000154      0x114 c:/st/stm32cubeide_1.9.0/stm32cubeide/plugins/com.st.stm32cube.ide.mcu.externaltools.gnu-tools-for-stm32.10.3-2021.10.win32_1.0.0.202111181127/tools/bin/../lib/gcc/arm-none-eabi/10.3.1/thumb/v6-m/nofp\libgcc.a(_udivsi3.o)
                0x0000000008000154                __aeabi_uidiv
                0x0000000008000154                __udivsi3
                0x0000000008000260                __aeabi_uidivmod
 .text          0x0000000008000268      0x1d4 c:/st/stm32cubeide_1.9.0/stm32cubeide/plugins/com.st.stm32cube.ide.mcu.externaltools.gnu-tools-for-stm32.10.3-2021.10.win32_1.0.0.202111181127/tools/bin/../lib/gcc/arm-none-eabi/10.3.1/thumb/v6-m/nofp\libgcc.a(_divsi3.o)
                0x0000000008000268                __divsi3
                0x0000000008000268                __aeabi_idiv
                0x0000000008000434                __aeabi_idivmod
 .text          0x000000000800043c        0x4 c:/st/stm32cubeide_1.9.0/stm32cubeide/plugins/com.st.stm32cube.ide.mcu.externaltools.gnu-tools-for-stm32.10.3-2021.10.win32_1.0.0.202111181127/tools/bin/../lib/gcc/arm-none-eabi/10.3.1/thumb/v6-m/nofp\libgcc.a(_dvmd_tls.o)
                0x000000000800043c                __aeabi_idiv0
                0x000000000800043c                __aeabi_ldiv0
 .text          0x0000000008000440       0x7c c:/st/stm32cubeide_1.9.0/stm32cubeide/plugins/com.st.stm32cube.ide.mcu.externaltools.gnu-tools-for-stm32.10.3-2021.10.win32_1.0.0.202111181127/tools/bin/../lib/gcc/arm-none-eabi/10.3.1/thumb/v6-m/nofp\libgcc.a(_arm_cmpdf2.o)
                0x0000000008000440                __aeabi_cdrcmple
                0x0000000008000450                __aeabi_cdcmple
                0x0000000008000450                __aeabi_cdcmpeq
                0x0000000008000460                __aeabi_dcmpeq
                0x000000000800046c                __aeabi_dcmplt
                0x0000000008000480                __aeabi_dcmple
                0x0000000008000494                __aeabi_dcmpgt
                0x00000000080004a8                __aeabi_dcmpge
 .text          0x00000000080004bc       0x74 c:/st/stm32cubeide_1.9.0/stm32cubeide/plugins/com.st.stm32cube.ide.mcu.externaltools.gnu-tools-for-stm32.10.3-2021.10.win32_1.0.0.202111181127/tools/bin/../lib/gcc/arm-none-eabi/10.3.1/thumb/v6-m/nofp\libgcc.a(_arm_cmpsf2.o)
                0x00000000080004bc                __aeabi_cfrcmple
                0x00000000080004c4                __aeabi_cfcmpeq
                0x00000000080004c4                __aeabi_cfcmple
                0x00000000080004d4                __aeabi_fcmpeq
                0x00000000080004e0                __aeabi_fcmplt
                0x00000000080004f4                __aeabi_fcmple
                0x0000000008000508                __aeabi_fcmpgt
                0x000000000800051c                __aeabi_fcmpge
 .text          0x0000000008000530       0x14 c:/st/stm32cubeide_1.9.0/stm32cubeide/plugins/com.st.stm32cube.ide.mcu.externaltools.gnu-tools-for-stm32.10.3-2021.10.win32_1.0.0.202111181127/tools/bin/../lib/gcc/arm-none-eabi/10.3.1/thumb/v6-m/nofp\libgcc.a(_aeabi_ulcmp.o)
                0x0000000008000530                __aeabi_ulcmp
 .text          0x0000000008000544       0x40 c:/st/stm32cubeide_1.9.0/stm32cubeide/plugins/com.st.stm32cube.ide.mcu.externaltools.gnu-tools-for-stm32.10.3-2021.10.win32_1.0.0.202111181127/tools/bin/../lib/gcc/arm-none-eabi/10.3.1/thumb/v6-m/nofp\libgcc.a(_aeabi_uldivmod.o)
                0x0000000008000544                __aeabi_uldivmod
 .text          0x0000000008000584       0x5c c:/st/stm32cubeide_1.9.0/stm32cubeide/plugins/com.st.stm32cube.ide.mcu.externaltools.gnu-tools-for-stm32.10.3-2021.10.win32_1.0.0.202111181127/tools/bin/../lib/gcc/arm-none-eabi/10.3.1/thumb/v6-m/nofp\libgcc.a(_muldi3.o)
                0x0000000008000584                __muldi3
                0x0000000008000584                __aeabi_lmul
 .text          0x00000000080005e0       0x30 c:/st/stm32cubeide_1.9.0/stm32cubeide/plugins/com.st.stm32cube.ide.mcu.externaltools.gnu-tools-for-stm32.10.3-2021.10.win32_1.0.0.202111181127/tools/bin/../lib/gcc/arm-none-eabi/10.3.1/thumb/v6-m/nofp\libgcc.a(_fixunssfsi.o)
                0x00000000080005e0                __fixunssfsi
                0x00000000080005e0                __aeabi_f2uiz
 .text          0x0000000008000610       0x3c c:/st/stm32cubeide_1.9.0/stm32cubeide/plugins/com.st.stm32cube.ide.mcu.externaltools.gnu-tools-for-stm32.10.3-2021.10.win32_1.0.0.202111181127/tools/bin/../lib/gcc/arm-none-eabi/10.3.1/thumb/v6-m/nofp\libgcc.a(_fixunsdfsi.o)
                0x0000000008000610                __aeabi_d2uiz
                0x0000000008000610                __fixunsdfsi
 .text          0x000000000800064c       0x3c c:/st/stm32cubeide_1.9.0/stm32cubeide/plugins/com.st.stm32cube.ide.mcu.externaltools.gnu-tools-for-stm32.10.3-2021.10.win32_1.0.0.202111181127/tools/bin/../lib/gcc/arm-none-eabi/10.3.1/thumb/v6-m/nofp\libgcc.a(_fixdfdi.o)
                0x000000000800064c                __fixdfdi
                0x000000000800064c                __aeabi_d2lz
 .text          0x0000000008000688       0x3c c:/st/stm32cubeide_1.9.0/stm32cubeide/plugins/com.st.stm32cube.ide.mcu.externaltools.gnu-tools-for-stm32.10.3-2021.10.win32_1.0.0.202111181127/tools/bin/../lib/gcc/arm-none-eabi/10.3.1/thumb/v6-m/nofp\libgcc.a(_fixunsdfdi.o)
                0x0000000008000688                __fixunsdfdi
                0x0000000008000688                __aeabi_d2ulz
 .text          0x00000000080006c4       0x2c c:/st/stm32cubeide_1.9.0/stm32cubeide/plugins/com.st.stm32cube.ide.mcu.externaltools.gnu-tools-for-stm32.10.3-2021.10.win32_1.0.0.202111181127/tools/bin/../lib/gcc/arm-none-eabi/10.3.1/thumb/v6-m/nofp\libgcc.a(_floatdidf.o)
                0x00000000080006c4                __aeabi_l2d
                0x00000000080006c4                __floatdidf
 .text          0x00000000080006f0      0x198 c:/st/stm32cubeide_1.9.0/stm32cubeide/plugins/com.st.stm32cube.ide.mcu.externaltools.gnu-tools-for-stm32.10.3-2021.10.win32_1.0.0.202111181127/tools/bin/../lib/gcc/arm-none-eabi/10.3.1/thumb/v6-m/nofp\libgcc.a(_udivmoddi4.o)
                0x00000000080006f0                __udivmoddi4
 .text          0x0000000008000888       0x4c c:/st/stm32cubeide_1.9.0/stm32cubeide/plugins/com.st.stm32cube.ide.mcu.externaltools.gnu-tools-for-stm32.10.3-2021.10.win32_1.0.0.202111181127/tools/bin/../lib/gcc/arm-none-eabi/10.3.1/thumb/v6-m/nofp\libgcc.a(eqsf2.o)
                0x0000000008000888                __eqsf2
                0x0000000008000888                __nesf2
 .text          0x00000000080008d4       0x8c c:/st/stm32cubeide_1.9.0/stm32cubeide/plugins/com.st.stm32cube.ide.mcu.externaltools.gnu-tools-for-stm32.10.3-2021.10.win32_1.0.0.202111181127/tools/bin/../lib/gcc/arm-none-eabi/10.3.1/thumb/v6-m/nofp\libgcc.a(gesf2.o)
                0x00000000080008d4                __gesf2
                0x00000000080008d4                __gtsf2
 .text          0x0000000008000960       0x88 c:/st/stm32cubeide_1.9.0/stm32cubeide/plugins/com.st.stm32cube.ide.mcu.externaltools.gnu-tools-for-stm32.10.3-2021.10.win32_1.0.0.202111181127/tools/bin/../lib/gcc/arm-none-eabi/10.3.1/thumb/v6-m/nofp\libgcc.a(lesf2.o)
                0x0000000008000960                __ltsf2
                0x0000000008000960                __lesf2
 .text          0x00000000080009e8      0x24c c:/st/stm32cubeide_1.9.0/stm32cubeide/plugins/com.st.stm32cube.ide.mcu.externaltools.gnu-tools-for-stm32.10.3-2021.10.win32_1.0.0.202111181127/tools/bin/../lib/gcc/arm-none-eabi/10.3.1/thumb/v6-m/nofp\libgcc.a(mulsf3.o)
                0x00000000080009e8                __aeabi_fmul
 .text          0x0000000008000c34      0x35c c:/st/stm32cubeide_1.9.0/stm32cubeide/plugins/com.st.stm32cube.ide.mcu.externaltools.gnu-tools-for-stm32.10.3-2021.10.win32_1.0.0.202111181127/tools/bin/../lib/gcc/arm-none-eabi/10.3.1/thumb/v6-m/nofp\libgcc.a(subsf3.o)
                0x0000000008000c34                __aeabi_fsub
 .text          0x0000000008000f90       0x40 c:/st/stm32cubeide_1.9.0/stm32cubeide/plugins/com.st.stm32cube.ide.mcu.externaltools.gnu-tools-for-stm32.10.3-2021.10.win32_1.0.0.202111181127/tools/bin/../lib/gcc/arm-none-eabi/10.3.1/thumb/v6-m/nofp\libgcc.a(fixsfsi.o)
                0x0000000008000f90                __aeabi_f2iz
 .text          0x0000000008000fd0       0x84 c:/st/stm32cubeide_1.9.0/stm32cubeide/plugins/com.st.stm32cube.ide.mcu.externaltools.gnu-tools-for-stm32.10.3-2021.10.win32_1.0.0.202111181127/tools/bin/../lib/gcc/arm-none-eabi/10.3.1/thumb/v6-m/nofp\libgcc.a(floatunsisf.o)
                0x0000000008000fd0                __aeabi_ui2f
 .text          0x0000000008001054      0x678 c:/st/stm32cubeide_1.9.0/stm32cubeide/plugins/com.st.stm32cube.ide.mcu.externaltools.gnu-tools-for-stm32.10.3-2021.10.win32_1.0.0.202111181127/tools/bin/../lib/gcc/arm-none-eabi/10.3.1/thumb/v6-m/nofp\libgcc.a(adddf3.o)
                0x0000000008001054                __aeabi_dadd
 .text          0x00000000080016cc      0x5ec c:/st/stm32cubeide_1.9.0/stm32cubeide/plugins/com.st.stm32cube.ide.mcu.externaltools.gnu-tools-for-stm32.10.3-2021.10.win32_1.0.0.202111181127/tools/bin/../lib/gcc/arm-none-eabi/10.3.1/thumb/v6-m/nofp\libgcc.a(divdf3.o)
                0x00000000080016cc                __aeabi_ddiv
 .text          0x0000000008001cb8       0x84 c:/st/stm32cubeide_1.9.0/stm32cubeide/plugins/com.st.stm32cube.ide.mcu.externaltools.gnu-tools-for-stm32.10.3-2021.10.win32_1.0.0.202111181127/tools/bin/../lib/gcc/arm-none-eabi/10.3.1/thumb/v6-m/nofp\libgcc.a(eqdf2.o)
                0x0000000008001cb8                __nedf2
                0x0000000008001cb8                __eqdf2
 .text          0x0000000008001d3c       0xcc c:/st/stm32cubeide_1.9.0/stm32cubeide/plugins/com.st.stm32cube.ide.mcu.externaltools.gnu-tools-for-stm32.10.3-2021.10.win32_1.0.0.202111181127/tools/bin/../lib/gcc/arm-none-eabi/10.3.1/thumb/v6-m/nofp\libgcc.a(gedf2.o)
                0x0000000008001d3c                __gedf2
                0x0000000008001d3c                __gtdf2
 .text          0x0000000008001e08       0xc8 c:/st/stm32cubeide_1.9.0/stm32cubeide/plugins/com.st.stm32cube.ide.mcu.externaltools.gnu-tools-for-stm32.10.3-2021.10.win32_1.0.0.202111181127/tools/bin/../lib/gcc/arm-none-eabi/10.3.1/thumb/v6-m/nofp\libgcc.a(ledf2.o)
                0x0000000008001e08                __ledf2
                0x0000000008001e08                __ltdf2
 .text          0x0000000008001ed0      0x4d8 c:/st/stm32cubeide_1.9.0/stm32cubeide/plugins/com.st.stm32cube.ide.mcu.externaltools.gnu-tools-for-stm32.10.3-2021.10.win32_1.0.0.202111181127/tools/bin/../lib/gcc/arm-none-eabi/10.3.1/thumb/v6-m/nofp\libgcc.a(muldf3.o)
                0x0000000008001ed0                __aeabi_dmul
 .text          0x00000000080023a8      0x724 c:/st/stm32cubeide_1.9.0/stm32cubeide/plugins/com.st.stm32cube.ide.mcu.externaltools.gnu-tools-for-stm32.10.3-2021.10.win32_1.0.0.202111181127/tools/bin/../lib/gcc/arm-none-eabi/10.3.1/thumb/v6-m/nofp\libgcc.a(subdf3.o)
                0x00000000080023a8                __aeabi_dsub
 .text          0x0000000008002acc       0x3c c:/st/stm32cubeide_1.9.0/stm32cubeide/plugins/com.st.stm32cube.ide.mcu.externaltools.gnu-tools-for-stm32.10.3-2021.10.win32_1.0.0.202111181127/tools/bin/../lib/gcc/arm-none-eabi/10.3.1/thumb/v6-m/nofp\libgcc.a(unorddf2.o)
                0x0000000008002acc                __aeabi_dcmpun
 .text          0x0000000008002b08       0x6c c:/st/stm32cubeide_1.9.0/stm32cubeide/plugins/com.st.stm32cube.ide.mcu.externaltools.gnu-tools-for-stm32.10.3-2021.10.win32_1.0.0.202111181127/tools/bin/../lib/gcc/arm-none-eabi/10.3.1/thumb/v6-m/nofp\libgcc.a(fixdfsi.o)
                0x0000000008002b08                __aeabi_d2iz
 .text          0x0000000008002b74       0x60 c:/st/stm32cubeide_1.9.0/stm32cubeide/plugins/com.st.stm32cube.ide.mcu.externaltools.gnu-tools-for-stm32.10.3-2021.10.win32_1.0.0.202111181127/tools/bin/../lib/gcc/arm-none-eabi/10.3.1/thumb/v6-m/nofp\libgcc.a(floatsidf.o)
                0x0000000008002b74                __aeabi_i2d
 .text          0x0000000008002bd4       0x4c c:/st/stm32cubeide_1.9.0/stm32cubeide/plugins/com.st.stm32cube.ide.mcu.externaltools.gnu-tools-for-stm32.10.3-2021.10.win32_1.0.0.202111181127/tools/bin/../lib/gcc/arm-none-eabi/10.3.1/thumb/v6-m/nofp\libgcc.a(floatunsidf.o)
                0x0000000008002bd4                __aeabi_ui2d
 .text          0x0000000008002c20       0x90 c:/st/stm32cubeide_1.9.0/stm32cubeide/plugins/com.st.stm32cube.ide.mcu.externaltools.gnu-tools-for-stm32.10.3-2021.10.win32_1.0.0.202111181127/tools/bin/../lib/gcc/arm-none-eabi/10.3.1/thumb/v6-m/nofp\libgcc.a(extendsfdf2.o)
                0x0000000008002c20                __aeabi_f2d
 .text          0x0000000008002cb0      0x110 c:/st/stm32cubeide_1.9.0/stm32cubeide/plugins/com.st.stm32cube.ide.mcu.externaltools.gnu-tools-for-stm32.10.3-2021.10.win32_1.0.0.202111181127/tools/bin/../lib/gcc/arm-none-eabi/10.3.1/thumb/v6-m/nofp\libgcc.a(truncdfsf2.o)
                0x0000000008002cb0                __aeabi_d2f
 .text          0x0000000008002dc0       0x3c c:/st/stm32cubeide_1.9.0/stm32cubeide/plugins/com.st.stm32cube.ide.mcu.externaltools.gnu-tools-for-stm32.10.3-2021.10.win32_1.0.0.202111181127/tools/bin/../lib/gcc/arm-none-eabi/10.3.1/thumb/v6-m/nofp\libgcc.a(_clzsi2.o)
                0x0000000008002dc0                __clzsi2
 .text          0x0000000008002dfc       0x18 c:/st/stm32cubeide_1.9.0/stm32cubeide/plugins/com.st.stm32cube.ide.mcu.externaltools.gnu-tools-for-stm32.10.3-2021.10.win32_1.0.0.202111181127/tools/bin/../lib/gcc/arm-none-eabi/10.3.1/thumb/v6-m/nofp\libgcc.a(_clzdi2.o)
                0x0000000008002dfc                __clzdi2
 *(.text*)
 .text.__NVIC_SystemReset
                0x0000000008002e14       0x24 BOS\BOS.o
 .text.Processor_type
                0x0000000008002e38       0x6a BOS\BOS.o
                0x0000000008002e38                Processor_type
 *fill*         0x0000000008002ea2        0x2 
 .text.Get_Module_Name
                0x0000000008002ea4       0x28 BOS\BOS.o
                0x0000000008002ea4                Get_Module_Name
 .text.Send_BOS_Message
                0x0000000008002ecc       0xfc BOS\BOS.o
                0x0000000008002ecc                Send_BOS_Message
 .text.LoadEEvars
                0x0000000008002fc8       0x2a BOS\BOS.o
                0x0000000008002fc8                LoadEEvars
 *fill*         0x0000000008002ff2        0x2 
 .text.LoadROtopology
                0x0000000008002ff4       0xfc BOS\BOS.o
                0x0000000008002ff4                LoadROtopology
 .text.LoadEEportsDir
                0x00000000080030f0       0x68 BOS\BOS.o
                0x00000000080030f0                LoadEEportsDir
 .text.LoadEEalias
                0x0000000008003158       0xd8 BOS\BOS.o
                0x0000000008003158                LoadEEalias
 .text.LoadEEgroup
                0x0000000008003230      0x120 BOS\BOS.o
                0x0000000008003230                LoadEEgroup
 .text.LoadEEstreams
                0x0000000008003350      0x21c BOS\BOS.o
                0x0000000008003350                LoadEEstreams
 .text.LoadEEparams
                0x000000000800356c      0x260 BOS\BOS.o
                0x000000000800356c                LoadEEparams
 .text.LoadEEbuttons
                0x00000000080037cc      0x2ec BOS\BOS.o
                0x00000000080037cc                LoadEEbuttons
 .text.LoadROsnippets
                0x0000000008003ab8      0x1d8 BOS\BOS.o
                0x0000000008003ab8                LoadROsnippets
 .text.SaveEEportsDir
                0x0000000008003c90       0x78 BOS\BOS.o
                0x0000000008003c90                SaveEEportsDir
 .text.SaveEEalias
                0x0000000008003d08       0xd4 BOS\BOS.o
                0x0000000008003d08                SaveEEalias
 .text.SaveEEstreams
                0x0000000008003ddc       0xdc BOS\BOS.o
                0x0000000008003ddc                SaveEEstreams
 .text.SaveEEparams
                0x0000000008003eb8       0xf8 BOS\BOS.o
                0x0000000008003eb8                SaveEEparams
 .text.ClearEEportsDir
                0x0000000008003fb0       0x84 BOS\BOS.o
                0x0000000008003fb0                ClearEEportsDir
 .text.EE_FormatForFactoryReset
                0x0000000008004034       0x2c BOS\BOS.o
                0x0000000008004034                EE_FormatForFactoryReset
 .text.IsLowerCLIbaud
                0x0000000008004060       0xe8 BOS\BOS.o
                0x0000000008004060                IsLowerCLIbaud
 .text.IsModuleParameter
                0x0000000008004148       0x64 BOS\BOS.o
                0x0000000008004148                IsModuleParameter
 .text.IsMathOperator
                0x00000000080041ac       0xc4 BOS\BOS.o
                0x00000000080041ac                IsMathOperator
 .text.BOS_Init
                0x0000000008004270      0x138 BOS\BOS.o
                0x0000000008004270                BOS_Init
 .text.Module_Init
                0x00000000080043a8       0x1e BOS\BOS.o
                0x00000000080043a8                Module_Init
 *fill*         0x00000000080043c6        0x2 
 .text.ExploreNeighbors
                0x00000000080043c8       0x90 BOS\BOS.o
                0x00000000080043c8                ExploreNeighbors
 .text.FindBroadcastRoutes
                0x0000000008004458      0x3b0 BOS\BOS.o
                0x0000000008004458                FindBroadcastRoutes
 .text.FindRoute
                0x0000000008004808      0x2dc BOS\BOS.o
                0x0000000008004808                FindRoute
 .text.minArr   0x0000000008004ae4       0x88 BOS\BOS.o
                0x0000000008004ae4                minArr
 .text.QnotEmpty
                0x0000000008004b6c       0x50 BOS\BOS.o
                0x0000000008004b6c                QnotEmpty
 .text.DisplayTopology
                0x0000000008004bbc      0x258 BOS\BOS.o
                0x0000000008004bbc                DisplayTopology
 .text.DisplayPortsDir
                0x0000000008004e14      0x118 BOS\BOS.o
                0x0000000008004e14                DisplayPortsDir
 .text.DisplayModuleStatus
                0x0000000008004f2c      0x3c0 BOS\BOS.o
                0x0000000008004f2c                DisplayModuleStatus
 .text.GetID    0x00000000080052ec      0x15c BOS\BOS.o
                0x00000000080052ec                GetID
 .text.NameModule
                0x0000000008005448      0x140 BOS\BOS.o
                0x0000000008005448                NameModule
 .text.AddModuleToGroup
                0x0000000008005588      0x1b8 BOS\BOS.o
                0x0000000008005588                AddModuleToGroup
 .text.WriteToRemote
                0x0000000008005740      0x460 BOS\BOS.o
                0x0000000008005740                WriteToRemote
 .text.GetDateString
                0x0000000008005ba0       0x5c BOS\BOS.o
                0x0000000008005ba0                GetDateString
 .text.Bridge   0x0000000008005bfc       0x4c BOS\BOS.o
                0x0000000008005bfc                Bridge
 .text.Unbridge
                0x0000000008005c48       0xcc BOS\BOS.o
                0x0000000008005c48                Unbridge
 .text.prvCLITask
                0x0000000008005d14      0x278 BOS\BOS_CLI.o
                0x0000000008005d14                prvCLITask
 .text.CLI_CommandParser
                0x0000000008005f8c      0x574 BOS\BOS_CLI.o
                0x0000000008005f8c                CLI_CommandParser
 .text.StringToLowerCase
                0x0000000008006500       0x6c BOS\BOS_CLI.o
                0x0000000008006500                StringToLowerCase
 .text.AddSnippet
                0x000000000800656c      0x1b4 BOS\BOS_CLI.o
                0x000000000800656c                AddSnippet
 .text.ParseSnippetCondition
                0x0000000008006720      0x7f8 BOS\BOS_CLI.o
                0x0000000008006720                ParseSnippetCondition
 .text.ParseSnippetCommand
                0x0000000008006f18       0xc8 BOS\BOS_CLI.o
                0x0000000008006f18                ParseSnippetCommand
 .text.CheckSnippetCondition
                0x0000000008006fe0      0x1b4 BOS\BOS_CLI.o
                0x0000000008006fe0                CheckSnippetCondition
 .text.ExecuteSnippet
                0x0000000008007194       0xd0 BOS\BOS_CLI.o
                0x0000000008007194                ExecuteSnippet
 .text.__NVIC_SystemReset
                0x0000000008007264       0x24 BOS\BOS_CLIcommands.o
 .text.RegisterUserCLICommands
                0x0000000008007288        0xa BOS\BOS_CLIcommands.o
                0x0000000008007288                RegisterUserCLICommands
 *fill*         0x0000000008007292        0x2 
 .text.vRegisterCLICommands
                0x0000000008007294      0x1b0 BOS\BOS_CLIcommands.o
                0x0000000008007294                vRegisterCLICommands
 .text.prvTaskStatsCommand
                0x0000000008007444       0x40 BOS\BOS_CLIcommands.o
 .text.prvRunTimeStatsCommand
                0x0000000008007484       0x40 BOS\BOS_CLIcommands.o
 .text.pingCommand
                0x00000000080074c4       0x98 BOS\BOS_CLIcommands.o
 .text.bootloaderUpdateCommand
                0x000000000800755c      0x1fc BOS\BOS_CLIcommands.o
 .text.exploreCommand
                0x0000000008007758       0x16 BOS\BOS_CLIcommands.o
 .text.resetCommand
                0x000000000800776e       0x10 BOS\BOS_CLIcommands.o
 *fill*         0x000000000800777e        0x2 
 .text.nameCommand
                0x0000000008007780       0xe8 BOS\BOS_CLIcommands.o
 .text.groupCommand
                0x0000000008007868      0x2fc BOS\BOS_CLIcommands.o
 .text.statusCommand
                0x0000000008007b64       0x1c BOS\BOS_CLIcommands.o
 .text.infoCommand
                0x0000000008007b80       0xfc BOS\BOS_CLIcommands.o
 .text.scastCommand
                0x0000000008007c7c      0x2dc BOS\BOS_CLIcommands.o
 .text.addbuttonCommand
                0x0000000008007f58      0x150 BOS\BOS_CLIcommands.o
 .text.removebuttonCommand
                0x00000000080080a8       0x94 BOS\BOS_CLIcommands.o
 .text.setCommand
                0x000000000800813c      0xbf8 BOS\BOS_CLIcommands.o
 .text.getCommand
                0x0000000008008d34      0x3b4 BOS\BOS_CLIcommands.o
 .text.defaultCommand
                0x00000000080090e8       0xf8 BOS\BOS_CLIcommands.o
 .text.timeCommand
                0x00000000080091e0       0xd8 BOS\BOS_CLIcommands.o
 .text.dateCommand
                0x00000000080092b8       0x34 BOS\BOS_CLIcommands.o
 .text.setBaudrateCommand
                0x00000000080092ec       0xc0 BOS\BOS_CLIcommands.o
 .text.uuidCommand
                0x00000000080093ac       0x70 BOS\BOS_CLIcommands.o
 .text.idcodeCommand
                0x000000000800941c       0xe0 BOS\BOS_CLIcommands.o
 .text.flashsizeCommand
                0x00000000080094fc       0x34 BOS\BOS_CLIcommands.o
 .text.snipCommand
                0x0000000008009530      0x3ac BOS\BOS_CLIcommands.o
 .text.actSnipCommand
                0x00000000080098dc       0xb8 BOS\BOS_CLIcommands.o
 .text.pauseSnipCommand
                0x0000000008009994       0xb8 BOS\BOS_CLIcommands.o
 .text.delSnipCommand
                0x0000000008009a4c      0x1d4 BOS\BOS_CLIcommands.o
 .text.bridgeCommand
                0x0000000008009c20      0x11c BOS\BOS_CLIcommands.o
 .text.unbridgeCommand
                0x0000000008009d3c      0x11c BOS\BOS_CLIcommands.o
 .text.testportCommand
                0x0000000008009e58      0x2e8 BOS\BOS_CLIcommands.o
 .text.ADCReadCommand
                0x000000000800a140      0x134 BOS\BOS_CLIcommands.o
 .text.ReadTempCommand
                0x000000000800a274       0x54 BOS\BOS_CLIcommands.o
 .text.ReadVrefCommand
                0x000000000800a2c8       0x54 BOS\BOS_CLIcommands.o
 .text.GetReadPrecentageCommand
                0x000000000800a31c       0x98 BOS\BOS_CLIcommands.o
 .text.StartDMAstream
                0x000000000800a3b4       0xb0 BOS\BOS_dma.o
                0x000000000800a3b4                StartDMAstream
 .text.ResetUartORE
                0x000000000800a464       0x54 BOS\BOS_dma.o
                0x000000000800a464                ResetUartORE
 .text.MX_FREERTOS_Init
                0x000000000800a4b8      0x214 BOS\BOS_freertos.o
                0x000000000800a4b8                MX_FREERTOS_Init
 .text.StartDefaultTask
                0x000000000800a6cc       0xd0 BOS\BOS_freertos.o
                0x000000000800a6cc                StartDefaultTask
 .text.ExecuteMonitor
                0x000000000800a79c      0x4cc BOS\BOS_freertos.o
                0x000000000800a79c                ExecuteMonitor
 .text.vMainConfigureTimerForRunTimeStats
                0x000000000800ac68       0x2c BOS\BOS_freertos.o
                0x000000000800ac68                vMainConfigureTimerForRunTimeStats
 .text.ulMainGetRunTimeCounterValue
                0x000000000800ac94       0x90 BOS\BOS_freertos.o
                0x000000000800ac94                ulMainGetRunTimeCounterValue
 .text.SetupDMAStreams
                0x000000000800ad24      0x27c BOS\BOS_messaging.o
                0x000000000800ad24                SetupDMAStreams
 .text.StreamTimerCallback
                0x000000000800afa0       0x34 BOS\BOS_messaging.o
                0x000000000800afa0                StreamTimerCallback
 .text.ForwardReceivedMessage
                0x000000000800afd4       0x80 BOS\BOS_messaging.o
                0x000000000800afd4                ForwardReceivedMessage
 .text.BroadcastReceivedMessage
                0x000000000800b054       0x70 BOS\BOS_messaging.o
                0x000000000800b054                BroadcastReceivedMessage
 .text.NotifyMessagingTask
                0x000000000800b0c4       0x90 BOS\BOS_messaging.o
                0x000000000800b0c4                NotifyMessagingTask
 .text.BroadcastMessage
                0x000000000800b154       0x94 BOS\BOS_messaging.o
                0x000000000800b154                BroadcastMessage
 .text.SendMessageToModule
                0x000000000800b1e8       0xa4 BOS\BOS_messaging.o
                0x000000000800b1e8                SendMessageToModule
 .text.SendMessageFromPort
                0x000000000800b28c      0x6b4 BOS\BOS_messaging.o
                0x000000000800b28c                SendMessageFromPort
 .text.StartScastDMAStream
                0x000000000800b940      0x30c BOS\BOS_messaging.o
                0x000000000800b940                StartScastDMAStream
 .text.__NVIC_SystemReset
                0x000000000800bc4c       0x24 BOS\BOS_msgparser.o
 .text.BackEndTask
                0x000000000800bc70      0x858 BOS\BOS_msgparser.o
                0x000000000800bc70                BackEndTask
 .text.PxMessagingTask
                0x000000000800c4c8     0x531c BOS\BOS_msgparser.o
                0x000000000800c4c8                PxMessagingTask
 .text.User_MessagingParser
                0x00000000080117e4       0x3a BOS\BOS_msgparser.o
                0x00000000080117e4                User_MessagingParser
 *fill*         0x000000000801181e        0x2 
 .text.SystemClock_Config
                0x0000000008011820       0xfc H0FR7\H0FR7.o
                0x0000000008011820                SystemClock_Config
 .text.SaveToRO
                0x000000000801191c      0x414 H0FR7\H0FR7.o
                0x000000000801191c                SaveToRO
 .text.ClearROtopology
                0x0000000008011d30       0x38 H0FR7\H0FR7.o
                0x0000000008011d30                ClearROtopology
 .text.remoteBootloaderUpdate
                0x0000000008011d68      0x178 H0FR7\H0FR7.o
                0x0000000008011d68                remoteBootloaderUpdate
 .text.SetupPortForRemoteBootloaderUpdate
                0x0000000008011ee0       0x52 H0FR7\H0FR7.o
                0x0000000008011ee0                SetupPortForRemoteBootloaderUpdate
 *fill*         0x0000000008011f32        0x2 
 .text.Module_Peripheral_Init
                0x0000000008011f34      0x178 H0FR7\H0FR7.o
                0x0000000008011f34                Module_Peripheral_Init
 .text.initialValue
                0x00000000080120ac       0x14 H0FR7\H0FR7.o
                0x00000000080120ac                initialValue
 .text.Module_MessagingTask
                0x00000000080120c0      0x408 H0FR7\H0FR7.o
                0x00000000080120c0                Module_MessagingTask
 .text.GetPort  0x00000000080124c8       0x6c H0FR7\H0FR7.o
                0x00000000080124c8                GetPort
 .text.RegisterModuleCLICommands
                0x0000000008012534       0x6c H0FR7\H0FR7.o
                0x0000000008012534                RegisterModuleCLICommands
 .text.SwitchTimerCallback
                0x00000000080125a0       0x4c H0FR7\H0FR7.o
                0x00000000080125a0                SwitchTimerCallback
 .text.Current_Calculation
                0x00000000080125ec       0xc8 H0FR7\H0FR7.o
 .text.mosfetStopMeasurement
                0x00000000080126b4       0x1c H0FR7\H0FR7.o
 .text.MosfetTask
                0x00000000080126d0      0x1b4 H0FR7\H0FR7.o
 .text.SendMeasurementResult
                0x0000000008012884      0x298 H0FR7\H0FR7.o
 .text.CheckForEnterKey
                0x0000000008012b1c       0x9c H0FR7\H0FR7.o
 .text.SetSwitchPWM
                0x0000000008012bb8       0x70 H0FR7\H0FR7.o
                0x0000000008012bb8                SetSwitchPWM
 .text.OutputOn
                0x0000000008012c28       0x9c H0FR7\H0FR7.o
                0x0000000008012c28                OutputOn
 .text.OutputOff
                0x0000000008012cc4       0x44 H0FR7\H0FR7.o
                0x0000000008012cc4                OutputOff
 .text.OutputToggle
                0x0000000008012d08       0x40 H0FR7\H0FR7.o
                0x0000000008012d08                OutputToggle
 .text.OutputPWM
                0x0000000008012d48       0x58 H0FR7\H0FR7.o
                0x0000000008012d48                OutputPWM
 .text.Sample_current_measurement
                0x0000000008012da0       0x44 H0FR7\H0FR7.o
                0x0000000008012da0                Sample_current_measurement
 .text.Stream_current_To_Port
                0x0000000008012de4       0xe8 H0FR7\H0FR7.o
                0x0000000008012de4                Stream_current_To_Port
 .text.Stream_current_To_CLI
                0x0000000008012ecc       0xd4 H0FR7\H0FR7.o
                0x0000000008012ecc                Stream_current_To_CLI
 .text.Stream_current_To_CLI_V
                0x0000000008012fa0       0xd4 H0FR7\H0FR7.o
                0x0000000008012fa0                Stream_current_To_CLI_V
 .text.Stream_current_To_Buffer
                0x0000000008013074       0xc4 H0FR7\H0FR7.o
                0x0000000008013074                Stream_current_To_Buffer
 .text.Stop_current_measurement
                0x0000000008013138       0x48 H0FR7\H0FR7.o
                0x0000000008013138                Stop_current_measurement
 .text.onCommand
                0x0000000008013180       0xb8 H0FR7\H0FR7.o
                0x0000000008013180                onCommand
 .text.offCommand
                0x0000000008013238       0x44 H0FR7\H0FR7.o
                0x0000000008013238                offCommand
 .text.toggleCommand
                0x000000000801327c       0x64 H0FR7\H0FR7.o
                0x000000000801327c                toggleCommand
 .text.ledModeCommand
                0x00000000080132e0       0xbc H0FR7\H0FR7.o
                0x00000000080132e0                ledModeCommand
 .text.pwmCommand
                0x000000000801339c       0xd0 H0FR7\H0FR7.o
                0x000000000801339c                pwmCommand
 .text.mosfetSampleCommand
                0x000000000801346c       0x4c H0FR7\H0FR7.o
                0x000000000801346c                mosfetSampleCommand
 .text.mosfetStreamCommand
                0x00000000080134b8      0x2e0 H0FR7\H0FR7.o
                0x00000000080134b8                mosfetStreamCommand
 .text.mosfetStopCommand
                0x0000000008013798       0x58 H0FR7\H0FR7.o
                0x0000000008013798                mosfetStopCommand
 .text.MX_ADC1_Init
                0x00000000080137f0       0xd4 H0FR7\H0FR7_adc.o
                0x00000000080137f0                MX_ADC1_Init
 .text.LL_DMAMUX_SetRequestID
                0x00000000080138c4       0x3c H0FR7\H0FR7_dma.o
 .text.DMA_Init
                0x0000000008013900       0xa8 H0FR7\H0FR7_dma.o
                0x0000000008013900                DMA_Init
 .text.DMA_MSG_RX_CH_Init
                0x00000000080139a8       0x4c H0FR7\H0FR7_dma.o
                0x00000000080139a8                DMA_MSG_RX_CH_Init
 .text.DMA_STREAM_CH_Init
                0x00000000080139f4       0x4c H0FR7\H0FR7_dma.o
                0x00000000080139f4                DMA_STREAM_CH_Init
 .text.SetupMessagingRxDMAs
                0x0000000008013a40       0x9c H0FR7\H0FR7_dma.o
                0x0000000008013a40                SetupMessagingRxDMAs
 .text.DMA_MSG_RX_Setup
                0x0000000008013adc       0x38 H0FR7\H0FR7_dma.o
                0x0000000008013adc                DMA_MSG_RX_Setup
 .text.DMA_MSG_TX_UnSetup
                0x0000000008013b14       0x28 H0FR7\H0FR7_dma.o
                0x0000000008013b14                DMA_MSG_TX_UnSetup
 .text.DMA_STREAM_Setup
                0x0000000008013b3c       0x68 H0FR7\H0FR7_dma.o
                0x0000000008013b3c                DMA_STREAM_Setup
 .text.StopStreamDMA
                0x0000000008013ba4       0x70 H0FR7\H0FR7_dma.o
                0x0000000008013ba4                StopStreamDMA
 .text.StopMsgDMA
                0x0000000008013c14       0x4c H0FR7\H0FR7_dma.o
                0x0000000008013c14                StopMsgDMA
 .text.SwitchMsgDMAToStream
                0x0000000008013c60       0x50 H0FR7\H0FR7_dma.o
                0x0000000008013c60                SwitchMsgDMAToStream
 .text.SwitchStreamDMAToMsg
                0x0000000008013cb0       0xd8 H0FR7\H0FR7_dma.o
                0x0000000008013cb0                SwitchStreamDMAToMsg
 .text.UnSetupDMAInterrupts
                0x0000000008013d88       0xe4 H0FR7\H0FR7_dma.o
                0x0000000008013d88                UnSetupDMAInterrupts
 .text.RemapAndLinkDMAtoUARTRx
                0x0000000008013e6c      0x134 H0FR7\H0FR7_dma.o
                0x0000000008013e6c                RemapAndLinkDMAtoUARTRx
 .text.CRC_Init
                0x0000000008013fa0       0x44 H0FR7\H0FR7_dma.o
                0x0000000008013fa0                CRC_Init
 .text.HAL_CRC_MspInit
                0x0000000008013fe4       0x30 H0FR7\H0FR7_dma.o
                0x0000000008013fe4                HAL_CRC_MspInit
 .text.CalculateCRC8
                0x0000000008014014      0x154 H0FR7\H0FR7_dma.o
                0x0000000008014014                CalculateCRC8
 .text.EE_Init  0x0000000008014168      0x684 H0FR7\H0FR7_eeprom.o
                0x0000000008014168                EE_Init
 .text.EE_ReadVariable
                0x00000000080147ec       0xc0 H0FR7\H0FR7_eeprom.o
                0x00000000080147ec                EE_ReadVariable
 .text.EE_WriteVariable
                0x00000000080148ac       0x64 H0FR7\H0FR7_eeprom.o
                0x00000000080148ac                EE_WriteVariable
 .text.EE_Format
                0x0000000008014910      0x14c H0FR7\H0FR7_eeprom.o
                0x0000000008014910                EE_Format
 .text.EE_FindValidPage
                0x0000000008014a5c       0x90 H0FR7\H0FR7_eeprom.o
 .text.EE_VerifyPageFullWriteVariable
                0x0000000008014aec      0x160 H0FR7\H0FR7_eeprom.o
 .text.EE_PageTransfer
                0x0000000008014c4c      0x20c H0FR7\H0FR7_eeprom.o
 .text.EraseSector
                0x0000000008014e58       0x60 H0FR7\H0FR7_eeprom.o
                0x0000000008014e58                EraseSector
 .text.GPIO_Init
                0x0000000008014eb8       0x90 H0FR7\H0FR7_gpio.o
                0x0000000008014eb8                GPIO_Init
 .text.IND_LED_Init
                0x0000000008014f48       0x34 H0FR7\H0FR7_gpio.o
                0x0000000008014f48                IND_LED_Init
 .text.IsFactoryReset
                0x0000000008014f7c      0x15c H0FR7\H0FR7_gpio.o
                0x0000000008014f7c                IsFactoryReset
 .text.GetPortGPIOs
                0x00000000080150d8      0x144 H0FR7\H0FR7_gpio.o
                0x00000000080150d8                GetPortGPIOs
 .text.buttonPressedCallback
                0x000000000801521c       0x14 H0FR7\H0FR7_inputs.o
                0x000000000801521c                buttonPressedCallback
 .text.CheckAttachedButtons
                0x0000000008015230      0x7ac H0FR7\H0FR7_inputs.o
                0x0000000008015230                CheckAttachedButtons
 .text.CheckForTimedButtonPress
                0x00000000080159dc       0xfc H0FR7\H0FR7_inputs.o
                0x00000000080159dc                CheckForTimedButtonPress
 .text.CheckForTimedButtonRelease
                0x0000000008015ad8       0xfc H0FR7\H0FR7_inputs.o
                0x0000000008015ad8                CheckForTimedButtonRelease
 .text.AddPortButton
                0x0000000008015bd4      0x268 H0FR7\H0FR7_inputs.o
                0x0000000008015bd4                AddPortButton
 .text.RemovePortButton
                0x0000000008015e3c      0x208 H0FR7\H0FR7_inputs.o
                0x0000000008015e3c                RemovePortButton
 .text.SetButtonEvents
                0x0000000008016044      0x77c H0FR7\H0FR7_inputs.o
                0x0000000008016044                SetButtonEvents
 .text.MX_ADC_Init
                0x00000000080167c0       0x88 H0FR7\H0FR7_inputs.o
                0x00000000080167c0                MX_ADC_Init
 .text.HAL_ADC_MspInit
                0x0000000008016848       0xa8 H0FR7\H0FR7_inputs.o
                0x0000000008016848                HAL_ADC_MspInit
 .text.ADCSelectChannel
                0x00000000080168f0       0xac H0FR7\H0FR7_inputs.o
                0x00000000080168f0                ADCSelectChannel
 .text.ReadADCChannel
                0x000000000801699c      0x10c H0FR7\H0FR7_inputs.o
                0x000000000801699c                ReadADCChannel
 .text.ReadTempAndVref
                0x0000000008016aa8      0x1f0 H0FR7\H0FR7_inputs.o
                0x0000000008016aa8                ReadTempAndVref
 .text.GetReadPrecentage
                0x0000000008016c98      0x21c H0FR7\H0FR7_inputs.o
                0x0000000008016c98                GetReadPrecentage
 .text.Get_channel
                0x0000000008016eb4       0xac H0FR7\H0FR7_inputs.o
                0x0000000008016eb4                Get_channel
 .text.Error_Handler
                0x0000000008016f60       0x10 H0FR7\H0FR7_inputs.o
                0x0000000008016f60                Error_Handler
 .text.Get_Rank
                0x0000000008016f70       0xa4 H0FR7\H0FR7_inputs.o
                0x0000000008016f70                Get_Rank
 .text.buttonReleasedCallback
                0x0000000008017014       0x14 H0FR7\H0FR7_inputs.o
                0x0000000008017014                buttonReleasedCallback
 .text.buttonClickedCallback
                0x0000000008017028       0x14 H0FR7\H0FR7_inputs.o
                0x0000000008017028                buttonClickedCallback
 .text.buttonDblClickedCallback
                0x000000000801703c       0x14 H0FR7\H0FR7_inputs.o
                0x000000000801703c                buttonDblClickedCallback
 .text.buttonPressedForXCallback
                0x0000000008017050       0x1a H0FR7\H0FR7_inputs.o
                0x0000000008017050                buttonPressedForXCallback
 .text.buttonReleasedForYCallback
                0x000000000801706a       0x1a H0FR7\H0FR7_inputs.o
                0x000000000801706a                buttonReleasedForYCallback
 .text.__NVIC_SystemReset
                0x0000000008017084       0x24 H0FR7\H0FR7_it.o
 .text.SysTick_Handler
                0x00000000080170a8       0x12 H0FR7\H0FR7_it.o
                0x00000000080170a8                SysTick_Handler
 *fill*         0x00000000080170ba        0x2 
 .text.HardFault_Handler
                0x00000000080170bc       0x40 H0FR7\H0FR7_it.o
                0x00000000080170bc                HardFault_Handler
 .text.USART1_IRQHandler
                0x00000000080170fc       0x30 H0FR7\H0FR7_it.o
                0x00000000080170fc                USART1_IRQHandler
 .text.USART2_LPUART2_IRQHandler
                0x000000000801712c       0x30 H0FR7\H0FR7_it.o
                0x000000000801712c                USART2_LPUART2_IRQHandler
 .text.USART3_4_5_6_LPUART1_IRQHandler
                0x000000000801715c       0x54 H0FR7\H0FR7_it.o
                0x000000000801715c                USART3_4_5_6_LPUART1_IRQHandler
 .text.HAL_UART_TxCpltCallback
                0x00000000080171b0       0x48 H0FR7\H0FR7_it.o
                0x00000000080171b0                HAL_UART_TxCpltCallback
 .text.HAL_UART_ErrorCallback
                0x00000000080171f8       0xd4 H0FR7\H0FR7_it.o
                0x00000000080171f8                HAL_UART_ErrorCallback
 .text.HAL_UART_RxCpltCallback
                0x00000000080172cc       0x10 H0FR7\H0FR7_it.o
                0x00000000080172cc                HAL_UART_RxCpltCallback
 .text.vApplicationStackOverflowHook
                0x00000000080172dc       0x44 H0FR7\H0FR7_it.o
                0x00000000080172dc                vApplicationStackOverflowHook
 .text.vApplicationMallocFailedHook
                0x0000000008017320       0x40 H0FR7\H0FR7_it.o
                0x0000000008017320                vApplicationMallocFailedHook
 .text.RTC_Init
                0x0000000008017360       0xc4 H0FR7\H0FR7_rtc.o
                0x0000000008017360                RTC_Init
 .text.RTC_CalendarConfig
                0x0000000008017424      0x18c H0FR7\H0FR7_rtc.o
                0x0000000008017424                RTC_CalendarConfig
 .text.BOS_CalendarConfig
                0x00000000080175b0      0x128 H0FR7\H0FR7_rtc.o
                0x00000000080175b0                BOS_CalendarConfig
 .text.GetTimeDate
                0x00000000080176d8       0x90 H0FR7\H0FR7_rtc.o
                0x00000000080176d8                GetTimeDate
 .text.TIM_USEC_Init
                0x0000000008017768       0x74 H0FR7\H0FR7_timers.o
                0x0000000008017768                TIM_USEC_Init
 .text.TIM_MSEC_Init
                0x00000000080177dc       0xc4 H0FR7\H0FR7_timers.o
                0x00000000080177dc                TIM_MSEC_Init
 .text.MX_TIM17_Init
                0x00000000080178a0       0xf0 H0FR7\H0FR7_timers.o
                0x00000000080178a0                MX_TIM17_Init
 .text.HAL_TIM_Base_MspInit
                0x0000000008017990       0x94 H0FR7\H0FR7_timers.o
                0x0000000008017990                HAL_TIM_Base_MspInit
 .text.HAL_TIM_MspPostInit
                0x0000000008017a24       0x7c H0FR7\H0FR7_timers.o
                0x0000000008017a24                HAL_TIM_MspPostInit
 .text.StartMicroDelay
                0x0000000008017aa0       0x48 H0FR7\H0FR7_timers.o
                0x0000000008017aa0                StartMicroDelay
 .text.StartMilliDelay
                0x0000000008017ae8       0x48 H0FR7\H0FR7_timers.o
                0x0000000008017ae8                StartMilliDelay
 .text.MX_USART1_UART_Init
                0x0000000008017b30       0x74 H0FR7\H0FR7_uart.o
                0x0000000008017b30                MX_USART1_UART_Init
 .text.MX_USART2_UART_Init
                0x0000000008017ba4       0x7c H0FR7\H0FR7_uart.o
                0x0000000008017ba4                MX_USART2_UART_Init
 .text.MX_USART3_UART_Init
                0x0000000008017c20       0x7c H0FR7\H0FR7_uart.o
                0x0000000008017c20                MX_USART3_UART_Init
 .text.MX_USART4_UART_Init
                0x0000000008017c9c       0x60 H0FR7\H0FR7_uart.o
                0x0000000008017c9c                MX_USART4_UART_Init
 .text.MX_USART5_UART_Init
                0x0000000008017cfc       0x60 H0FR7\H0FR7_uart.o
                0x0000000008017cfc                MX_USART5_UART_Init
 .text.MX_USART6_UART_Init
                0x0000000008017d5c       0x60 H0FR7\H0FR7_uart.o
                0x0000000008017d5c                MX_USART6_UART_Init
 .text.HAL_UART_MspInit
                0x0000000008017dbc      0x5b8 H0FR7\H0FR7_uart.o
                0x0000000008017dbc                HAL_UART_MspInit
 .text.writePxMutex
                0x0000000008018374       0xac H0FR7\H0FR7_uart.o
                0x0000000008018374                writePxMutex
 .text.writePxITMutex
                0x0000000008018420       0x78 H0FR7\H0FR7_uart.o
                0x0000000008018420                writePxITMutex
 .text.UpdateBaudrate
                0x0000000008018498       0x3e H0FR7\H0FR7_uart.o
                0x0000000008018498                UpdateBaudrate
 *fill*         0x00000000080184d6        0x2 
 .text.GetUart  0x00000000080184d8       0x54 H0FR7\H0FR7_uart.o
                0x00000000080184d8                GetUart
 .text.SwapUartPins
                0x000000000801852c       0xd0 H0FR7\H0FR7_uart.o
                0x000000000801852c                SwapUartPins
 .text.ReadPortsDir
                0x00000000080185fc       0xa8 H0FR7\H0FR7_uart.o
                0x00000000080185fc                ReadPortsDir
 .text.ReadPortsDirMSG
                0x00000000080186a4       0x80 H0FR7\H0FR7_uart.o
                0x00000000080186a4                ReadPortsDirMSG
 .text.UpdateMyPortsDir
                0x0000000008018724       0x84 H0FR7\H0FR7_uart.o
                0x0000000008018724                UpdateMyPortsDir
 .text.Reset_Handler
                0x00000000080187a8       0x90 H0FR7\startup_stm32g0b1ceuxn.o
                0x00000000080187a8                Reset_Handler
 .text.Default_Handler
                0x0000000008018838        0x2 H0FR7\startup_stm32g0b1ceuxn.o
                0x0000000008018838                I2C2_3_IRQHandler
                0x0000000008018838                TIM1_CC_IRQHandler
                0x0000000008018838                ADC1_COMP_IRQHandler
                0x0000000008018838                NMI_Handler
                0x0000000008018838                I2C1_IRQHandler
                0x0000000008018838                TIM7_LPTIM2_IRQHandler
                0x0000000008018838                TIM17_FDCAN_IT1_IRQHandler
                0x0000000008018838                DMA1_Ch4_7_DMA2_Ch1_5_DMAMUX1_OVR_IRQHandler
                0x0000000008018838                RCC_CRS_IRQHandler
                0x0000000008018838                RTC_TAMP_IRQHandler
                0x0000000008018838                SPI1_IRQHandler
                0x0000000008018838                USB_UCPD1_2_IRQHandler
                0x0000000008018838                EXTI2_3_IRQHandler
                0x0000000008018838                PVD_VDDIO2_IRQHandler
                0x0000000008018838                EXTI4_15_IRQHandler
                0x0000000008018838                DMA1_Channel1_IRQHandler
                0x0000000008018838                Default_Handler
                0x0000000008018838                CEC_IRQHandler
                0x0000000008018838                TIM14_IRQHandler
                0x0000000008018838                TIM15_IRQHandler
                0x0000000008018838                TIM3_TIM4_IRQHandler
                0x0000000008018838                EXTI0_1_IRQHandler
                0x0000000008018838                SPI2_3_IRQHandler
                0x0000000008018838                TIM6_DAC_LPTIM1_IRQHandler
                0x0000000008018838                WWDG_IRQHandler
                0x0000000008018838                TIM2_IRQHandler
                0x0000000008018838                DMA1_Channel2_3_IRQHandler
                0x0000000008018838                FLASH_IRQHandler
                0x0000000008018838                TIM16_FDCAN_IT0_IRQHandler
                0x0000000008018838                TIM1_BRK_UP_TRG_COM_IRQHandler
 .text.SystemInit
                0x000000000801883a        0xa Thirdparty\CMSIS\STM32G0xx\Device\ST\STM32G0xx\Source\Templates\system_stm32g0xx.o
                0x000000000801883a                SystemInit
 .text.inHandlerMode
                0x0000000008018844       0x1c Thirdparty\Middleware\STM32G0xx\FreeRTOS\Source\CMSIS_RTOS\cmsis_os.o
 .text.osKernelStart
                0x0000000008018860       0x10 Thirdparty\Middleware\STM32G0xx\FreeRTOS\Source\CMSIS_RTOS\cmsis_os.o
                0x0000000008018860                osKernelStart
 .text.osDelay  0x0000000008018870       0x28 Thirdparty\Middleware\STM32G0xx\FreeRTOS\Source\CMSIS_RTOS\cmsis_os.o
                0x0000000008018870                osDelay
 .text.osSemaphoreCreate
                0x0000000008018898       0x4a Thirdparty\Middleware\STM32G0xx\FreeRTOS\Source\CMSIS_RTOS\cmsis_os.o
                0x0000000008018898                osSemaphoreCreate
 *fill*         0x00000000080188e2        0x2 
 .text.osSemaphoreWait
                0x00000000080188e4       0x94 Thirdparty\Middleware\STM32G0xx\FreeRTOS\Source\CMSIS_RTOS\cmsis_os.o
                0x00000000080188e4                osSemaphoreWait
 .text.osSemaphoreRelease
                0x0000000008018978       0x64 Thirdparty\Middleware\STM32G0xx\FreeRTOS\Source\CMSIS_RTOS\cmsis_os.o
                0x0000000008018978                osSemaphoreRelease
 .text.osSystickHandler
                0x00000000080189dc       0x18 Thirdparty\Middleware\STM32G0xx\FreeRTOS\Source\CMSIS_RTOS\cmsis_os.o
                0x00000000080189dc                osSystickHandler
 .text.FreeRTOS_CLIRegisterCommand
                0x00000000080189f4       0x50 Thirdparty\Middleware\STM32G0xx\FreeRTOS\Source\FreeRTOS_CLI.o
                0x00000000080189f4                FreeRTOS_CLIRegisterCommand
 .text.FreeRTOS_CLIProcessCommand
                0x0000000008018a44      0x11c Thirdparty\Middleware\STM32G0xx\FreeRTOS\Source\FreeRTOS_CLI.o
                0x0000000008018a44                FreeRTOS_CLIProcessCommand
 .text.FreeRTOS_CLIGetOutputBuffer
                0x0000000008018b60       0x10 Thirdparty\Middleware\STM32G0xx\FreeRTOS\Source\FreeRTOS_CLI.o
                0x0000000008018b60                FreeRTOS_CLIGetOutputBuffer
 .text.FreeRTOS_CLIGetParameter
                0x0000000008018b70       0xbc Thirdparty\Middleware\STM32G0xx\FreeRTOS\Source\FreeRTOS_CLI.o
                0x0000000008018b70                FreeRTOS_CLIGetParameter
 .text.prvHelpCommand
                0x0000000008018c2c      0x154 Thirdparty\Middleware\STM32G0xx\FreeRTOS\Source\FreeRTOS_CLI.o
 .text.prvGetNumberOfParameters
                0x0000000008018d80       0x7a Thirdparty\Middleware\STM32G0xx\FreeRTOS\Source\FreeRTOS_CLI.o
 .text.vListInitialise
                0x0000000008018dfa       0x3c Thirdparty\Middleware\STM32G0xx\FreeRTOS\Source\list.o
                0x0000000008018dfa                vListInitialise
 .text.vListInitialiseItem
                0x0000000008018e36       0x16 Thirdparty\Middleware\STM32G0xx\FreeRTOS\Source\list.o
                0x0000000008018e36                vListInitialiseItem
 .text.vListInsertEnd
                0x0000000008018e4c       0x44 Thirdparty\Middleware\STM32G0xx\FreeRTOS\Source\list.o
                0x0000000008018e4c                vListInsertEnd
 .text.vListInsert
                0x0000000008018e90       0x6c Thirdparty\Middleware\STM32G0xx\FreeRTOS\Source\list.o
                0x0000000008018e90                vListInsert
 .text.uxListRemove
                0x0000000008018efc       0x50 Thirdparty\Middleware\STM32G0xx\FreeRTOS\Source\list.o
                0x0000000008018efc                uxListRemove
 .text.pxPortInitialiseStack
                0x0000000008018f4c       0x54 Thirdparty\Middleware\STM32G0xx\FreeRTOS\Source\portable\GCC\ARM_CM0\port.o
                0x0000000008018f4c                pxPortInitialiseStack
 .text.prvTaskExitError
                0x0000000008018fa0       0x1e Thirdparty\Middleware\STM32G0xx\FreeRTOS\Source\portable\GCC\ARM_CM0\port.o
 .text.SVC_Handler
                0x0000000008018fbe        0xa Thirdparty\Middleware\STM32G0xx\FreeRTOS\Source\portable\GCC\ARM_CM0\port.o
                0x0000000008018fbe                SVC_Handler
 *fill*         0x0000000008018fc8        0x8 
 .text.vPortStartFirstTask
                0x0000000008018fd0       0x38 Thirdparty\Middleware\STM32G0xx\FreeRTOS\Source\portable\GCC\ARM_CM0\port.o
 .text.xPortStartScheduler
                0x0000000008019008       0x48 Thirdparty\Middleware\STM32G0xx\FreeRTOS\Source\portable\GCC\ARM_CM0\port.o
                0x0000000008019008                xPortStartScheduler
 .text.vPortYield
                0x0000000008019050       0x20 Thirdparty\Middleware\STM32G0xx\FreeRTOS\Source\portable\GCC\ARM_CM0\port.o
                0x0000000008019050                vPortYield
 .text.vPortEnterCritical
                0x0000000008019070       0x24 Thirdparty\Middleware\STM32G0xx\FreeRTOS\Source\portable\GCC\ARM_CM0\port.o
                0x0000000008019070                vPortEnterCritical
 .text.vPortExitCritical
                0x0000000008019094       0x24 Thirdparty\Middleware\STM32G0xx\FreeRTOS\Source\portable\GCC\ARM_CM0\port.o
                0x0000000008019094                vPortExitCritical
 .text.ulSetInterruptMaskFromISR
                0x00000000080190b8        0xc Thirdparty\Middleware\STM32G0xx\FreeRTOS\Source\portable\GCC\ARM_CM0\port.o
                0x00000000080190b8                ulSetInterruptMaskFromISR
 .text.vClearInterruptMaskFromISR
                0x00000000080190c4        0x8 Thirdparty\Middleware\STM32G0xx\FreeRTOS\Source\portable\GCC\ARM_CM0\port.o
                0x00000000080190c4                vClearInterruptMaskFromISR
 *fill*         0x00000000080190cc        0x4 
 .text.PendSV_Handler
                0x00000000080190d0       0x48 Thirdparty\Middleware\STM32G0xx\FreeRTOS\Source\portable\GCC\ARM_CM0\port.o
                0x00000000080190d0                PendSV_Handler
 .text.xPortSysTickHandler
                0x0000000008019118       0x34 Thirdparty\Middleware\STM32G0xx\FreeRTOS\Source\portable\GCC\ARM_CM0\port.o
                0x0000000008019118                xPortSysTickHandler
 .text.vPortSetupTimerInterrupt
                0x000000000801914c       0x44 Thirdparty\Middleware\STM32G0xx\FreeRTOS\Source\portable\GCC\ARM_CM0\port.o
                0x000000000801914c                vPortSetupTimerInterrupt
 .text.pvPortMalloc
                0x0000000008019190      0x140 Thirdparty\Middleware\STM32G0xx\FreeRTOS\Source\portable\MemMang\heap_4.o
                0x0000000008019190                pvPortMalloc
 .text.vPortFree
                0x00000000080192d0       0x80 Thirdparty\Middleware\STM32G0xx\FreeRTOS\Source\portable\MemMang\heap_4.o
                0x00000000080192d0                vPortFree
 .text.prvHeapInit
                0x0000000008019350       0xc0 Thirdparty\Middleware\STM32G0xx\FreeRTOS\Source\portable\MemMang\heap_4.o
 .text.prvInsertBlockIntoFreeList
                0x0000000008019410       0xb0 Thirdparty\Middleware\STM32G0xx\FreeRTOS\Source\portable\MemMang\heap_4.o
 .text.xQueueGenericReset
                0x00000000080194c0       0x9e Thirdparty\Middleware\STM32G0xx\FreeRTOS\Source\queue.o
                0x00000000080194c0                xQueueGenericReset
 .text.xQueueGenericCreate
                0x000000000801955e       0x52 Thirdparty\Middleware\STM32G0xx\FreeRTOS\Source\queue.o
                0x000000000801955e                xQueueGenericCreate
 .text.prvInitialiseNewQueue
                0x00000000080195b0       0x4e Thirdparty\Middleware\STM32G0xx\FreeRTOS\Source\queue.o
 .text.xQueueCreateCountingSemaphore
                0x00000000080195fe       0x30 Thirdparty\Middleware\STM32G0xx\FreeRTOS\Source\queue.o
                0x00000000080195fe                xQueueCreateCountingSemaphore
 .text.xQueueGenericSend
                0x000000000801962e      0x12a Thirdparty\Middleware\STM32G0xx\FreeRTOS\Source\queue.o
                0x000000000801962e                xQueueGenericSend
 .text.xQueueGenericSendFromISR
                0x0000000008019758       0xa6 Thirdparty\Middleware\STM32G0xx\FreeRTOS\Source\queue.o
                0x0000000008019758                xQueueGenericSendFromISR
 .text.xQueueGiveFromISR
                0x00000000080197fe       0x96 Thirdparty\Middleware\STM32G0xx\FreeRTOS\Source\queue.o
                0x00000000080197fe                xQueueGiveFromISR
 .text.xQueueReceive
                0x0000000008019894      0x128 Thirdparty\Middleware\STM32G0xx\FreeRTOS\Source\queue.o
                0x0000000008019894                xQueueReceive
 .text.xQueueSemaphoreTake
                0x00000000080199bc      0x178 Thirdparty\Middleware\STM32G0xx\FreeRTOS\Source\queue.o
                0x00000000080199bc                xQueueSemaphoreTake
 .text.xQueueReceiveFromISR
                0x0000000008019b34       0xa0 Thirdparty\Middleware\STM32G0xx\FreeRTOS\Source\queue.o
                0x0000000008019b34                xQueueReceiveFromISR
 .text.prvGetDisinheritPriorityAfterTimeout
                0x0000000008019bd4       0x2c Thirdparty\Middleware\STM32G0xx\FreeRTOS\Source\queue.o
 .text.prvCopyDataToQueue
                0x0000000008019c00       0xd6 Thirdparty\Middleware\STM32G0xx\FreeRTOS\Source\queue.o
 .text.prvCopyDataFromQueue
                0x0000000008019cd6       0x4c Thirdparty\Middleware\STM32G0xx\FreeRTOS\Source\queue.o
 .text.prvUnlockQueue
                0x0000000008019d22       0xbc Thirdparty\Middleware\STM32G0xx\FreeRTOS\Source\queue.o
 .text.prvIsQueueEmpty
                0x0000000008019dde       0x2c Thirdparty\Middleware\STM32G0xx\FreeRTOS\Source\queue.o
 .text.prvIsQueueFull
                0x0000000008019e0a       0x30 Thirdparty\Middleware\STM32G0xx\FreeRTOS\Source\queue.o
 *fill*         0x0000000008019e3a        0x2 
 .text.vQueueAddToRegistry
                0x0000000008019e3c       0x50 Thirdparty\Middleware\STM32G0xx\FreeRTOS\Source\queue.o
                0x0000000008019e3c                vQueueAddToRegistry
 .text.vQueueWaitForMessageRestricted
                0x0000000008019e8c       0x66 Thirdparty\Middleware\STM32G0xx\FreeRTOS\Source\queue.o
                0x0000000008019e8c                vQueueWaitForMessageRestricted
 .text.xTaskCreate
                0x0000000008019ef2       0x90 Thirdparty\Middleware\STM32G0xx\FreeRTOS\Source\tasks.o
                0x0000000008019ef2                xTaskCreate
 *fill*         0x0000000008019f82        0x2 
 .text.prvInitialiseNewTask
                0x0000000008019f84      0x10c Thirdparty\Middleware\STM32G0xx\FreeRTOS\Source\tasks.o
 .text.prvAddNewTaskToReadyList
                0x000000000801a090       0xd0 Thirdparty\Middleware\STM32G0xx\FreeRTOS\Source\tasks.o
 .text.vTaskDelay
                0x000000000801a160       0x3a Thirdparty\Middleware\STM32G0xx\FreeRTOS\Source\tasks.o
                0x000000000801a160                vTaskDelay
 *fill*         0x000000000801a19a        0x2 
 .text.eTaskGetState
                0x000000000801a19c       0xd0 Thirdparty\Middleware\STM32G0xx\FreeRTOS\Source\tasks.o
                0x000000000801a19c                eTaskGetState
 .text.uxTaskPriorityGet
                0x000000000801a26c       0x34 Thirdparty\Middleware\STM32G0xx\FreeRTOS\Source\tasks.o
                0x000000000801a26c                uxTaskPriorityGet
 .text.vTaskPrioritySet
                0x000000000801a2a0      0x110 Thirdparty\Middleware\STM32G0xx\FreeRTOS\Source\tasks.o
                0x000000000801a2a0                vTaskPrioritySet
 .text.vTaskStartScheduler
                0x000000000801a3b0       0x74 Thirdparty\Middleware\STM32G0xx\FreeRTOS\Source\tasks.o
                0x000000000801a3b0                vTaskStartScheduler
 .text.vTaskSuspendAll
                0x000000000801a424       0x18 Thirdparty\Middleware\STM32G0xx\FreeRTOS\Source\tasks.o
                0x000000000801a424                vTaskSuspendAll
 .text.xTaskResumeAll
                0x000000000801a43c      0x10c Thirdparty\Middleware\STM32G0xx\FreeRTOS\Source\tasks.o
                0x000000000801a43c                xTaskResumeAll
 .text.xTaskGetTickCount
                0x000000000801a548       0x1c Thirdparty\Middleware\STM32G0xx\FreeRTOS\Source\tasks.o
                0x000000000801a548                xTaskGetTickCount
 .text.xTaskGetTickCountFromISR
                0x000000000801a564       0x20 Thirdparty\Middleware\STM32G0xx\FreeRTOS\Source\tasks.o
                0x000000000801a564                xTaskGetTickCountFromISR
 .text.uxTaskGetSystemState
                0x000000000801a584      0x120 Thirdparty\Middleware\STM32G0xx\FreeRTOS\Source\tasks.o
                0x000000000801a584                uxTaskGetSystemState
 .text.xTaskIncrementTick
                0x000000000801a6a4      0x150 Thirdparty\Middleware\STM32G0xx\FreeRTOS\Source\tasks.o
                0x000000000801a6a4                xTaskIncrementTick
 .text.vTaskSwitchContext
                0x000000000801a7f4      0x124 Thirdparty\Middleware\STM32G0xx\FreeRTOS\Source\tasks.o
                0x000000000801a7f4                vTaskSwitchContext
 .text.vTaskPlaceOnEventList
                0x000000000801a918       0x34 Thirdparty\Middleware\STM32G0xx\FreeRTOS\Source\tasks.o
                0x000000000801a918                vTaskPlaceOnEventList
 .text.vTaskPlaceOnEventListRestricted
                0x000000000801a94c       0x44 Thirdparty\Middleware\STM32G0xx\FreeRTOS\Source\tasks.o
                0x000000000801a94c                vTaskPlaceOnEventListRestricted
 .text.xTaskRemoveFromEventList
                0x000000000801a990       0xb0 Thirdparty\Middleware\STM32G0xx\FreeRTOS\Source\tasks.o
                0x000000000801a990                xTaskRemoveFromEventList
 .text.vTaskInternalSetTimeOutState
                0x000000000801aa40       0x28 Thirdparty\Middleware\STM32G0xx\FreeRTOS\Source\tasks.o
                0x000000000801aa40                vTaskInternalSetTimeOutState
 .text.xTaskCheckForTimeOut
                0x000000000801aa68       0x8c Thirdparty\Middleware\STM32G0xx\FreeRTOS\Source\tasks.o
                0x000000000801aa68                xTaskCheckForTimeOut
 .text.vTaskMissedYield
                0x000000000801aaf4       0x14 Thirdparty\Middleware\STM32G0xx\FreeRTOS\Source\tasks.o
                0x000000000801aaf4                vTaskMissedYield
 .text.prvIdleTask
                0x000000000801ab08       0x20 Thirdparty\Middleware\STM32G0xx\FreeRTOS\Source\tasks.o
 .text.prvInitialiseTaskLists
                0x000000000801ab28       0x88 Thirdparty\Middleware\STM32G0xx\FreeRTOS\Source\tasks.o
 .text.prvCheckTasksWaitingTermination
                0x000000000801abb0       0x5c Thirdparty\Middleware\STM32G0xx\FreeRTOS\Source\tasks.o
 .text.vTaskGetInfo
                0x000000000801ac0c       0xd8 Thirdparty\Middleware\STM32G0xx\FreeRTOS\Source\tasks.o
                0x000000000801ac0c                vTaskGetInfo
 .text.prvListTasksWithinSingleList
                0x000000000801ace4       0xa6 Thirdparty\Middleware\STM32G0xx\FreeRTOS\Source\tasks.o
 .text.prvTaskCheckFreeStackSpace
                0x000000000801ad8a       0x34 Thirdparty\Middleware\STM32G0xx\FreeRTOS\Source\tasks.o
 .text.prvDeleteTCB
                0x000000000801adbe       0x22 Thirdparty\Middleware\STM32G0xx\FreeRTOS\Source\tasks.o
 .text.prvResetNextTaskUnblockTime
                0x000000000801ade0       0x3c Thirdparty\Middleware\STM32G0xx\FreeRTOS\Source\tasks.o
 .text.xTaskGetSchedulerState
                0x000000000801ae1c       0x38 Thirdparty\Middleware\STM32G0xx\FreeRTOS\Source\tasks.o
                0x000000000801ae1c                xTaskGetSchedulerState
 .text.xTaskPriorityInherit
                0x000000000801ae54       0xd0 Thirdparty\Middleware\STM32G0xx\FreeRTOS\Source\tasks.o
                0x000000000801ae54                xTaskPriorityInherit
 .text.xTaskPriorityDisinherit
                0x000000000801af24       0x98 Thirdparty\Middleware\STM32G0xx\FreeRTOS\Source\tasks.o
                0x000000000801af24                xTaskPriorityDisinherit
 .text.vTaskPriorityDisinheritAfterTimeout
                0x000000000801afbc       0xc0 Thirdparty\Middleware\STM32G0xx\FreeRTOS\Source\tasks.o
                0x000000000801afbc                vTaskPriorityDisinheritAfterTimeout
 .text.prvWriteNameToBuffer
                0x000000000801b07c       0x52 Thirdparty\Middleware\STM32G0xx\FreeRTOS\Source\tasks.o
 *fill*         0x000000000801b0ce        0x2 
 .text.vTaskList
                0x000000000801b0d0      0x14c Thirdparty\Middleware\STM32G0xx\FreeRTOS\Source\tasks.o
                0x000000000801b0d0                vTaskList
 .text.vTaskGetRunTimeStats
                0x000000000801b21c      0x118 Thirdparty\Middleware\STM32G0xx\FreeRTOS\Source\tasks.o
                0x000000000801b21c                vTaskGetRunTimeStats
 .text.pvTaskIncrementMutexHeldCount
                0x000000000801b334       0x24 Thirdparty\Middleware\STM32G0xx\FreeRTOS\Source\tasks.o
                0x000000000801b334                pvTaskIncrementMutexHeldCount
 .text.ulTaskNotifyTake
                0x000000000801b358       0x84 Thirdparty\Middleware\STM32G0xx\FreeRTOS\Source\tasks.o
                0x000000000801b358                ulTaskNotifyTake
 .text.xTaskGenericNotify
                0x000000000801b3dc      0x104 Thirdparty\Middleware\STM32G0xx\FreeRTOS\Source\tasks.o
                0x000000000801b3dc                xTaskGenericNotify
 .text.xTaskGenericNotifyFromISR
                0x000000000801b4e0      0x140 Thirdparty\Middleware\STM32G0xx\FreeRTOS\Source\tasks.o
                0x000000000801b4e0                xTaskGenericNotifyFromISR
 .text.prvAddCurrentTaskToDelayedList
                0x000000000801b620       0xa8 Thirdparty\Middleware\STM32G0xx\FreeRTOS\Source\tasks.o
 .text.xTimerCreateTimerTask
                0x000000000801b6c8       0x4c Thirdparty\Middleware\STM32G0xx\FreeRTOS\Source\timers.o
                0x000000000801b6c8                xTimerCreateTimerTask
 .text.xTimerCreate
                0x000000000801b714       0x46 Thirdparty\Middleware\STM32G0xx\FreeRTOS\Source\timers.o
                0x000000000801b714                xTimerCreate
 .text.prvInitialiseNewTimer
                0x000000000801b75a       0x5a Thirdparty\Middleware\STM32G0xx\FreeRTOS\Source\timers.o
 .text.xTimerGenericCommand
                0x000000000801b7b4       0x8c Thirdparty\Middleware\STM32G0xx\FreeRTOS\Source\timers.o
                0x000000000801b7b4                xTimerGenericCommand
 .text.prvProcessExpiredTimer
                0x000000000801b840       0x80 Thirdparty\Middleware\STM32G0xx\FreeRTOS\Source\timers.o
 .text.prvTimerTask
                0x000000000801b8c0       0x28 Thirdparty\Middleware\STM32G0xx\FreeRTOS\Source\timers.o
 .text.prvProcessTimerOrBlockTask
                0x000000000801b8e8       0x90 Thirdparty\Middleware\STM32G0xx\FreeRTOS\Source\timers.o
 .text.prvGetNextExpireTime
                0x000000000801b978       0x44 Thirdparty\Middleware\STM32G0xx\FreeRTOS\Source\timers.o
 .text.prvSampleTimeNow
                0x000000000801b9bc       0x40 Thirdparty\Middleware\STM32G0xx\FreeRTOS\Source\timers.o
 .text.prvInsertTimerInActiveList
                0x000000000801b9fc       0x84 Thirdparty\Middleware\STM32G0xx\FreeRTOS\Source\timers.o
 .text.prvProcessReceivedCommands
                0x000000000801ba80      0x16c Thirdparty\Middleware\STM32G0xx\FreeRTOS\Source\timers.o
 .text.prvSwitchTimerLists
                0x000000000801bbec       0xb0 Thirdparty\Middleware\STM32G0xx\FreeRTOS\Source\timers.o
 .text.prvCheckForValidListAndQueue
                0x000000000801bc9c       0x74 Thirdparty\Middleware\STM32G0xx\FreeRTOS\Source\timers.o
 .text.xTimerIsTimerActive
                0x000000000801bd10       0x36 Thirdparty\Middleware\STM32G0xx\FreeRTOS\Source\timers.o
                0x000000000801bd10                xTimerIsTimerActive
 .text.pvTimerGetTimerID
                0x000000000801bd46       0x24 Thirdparty\Middleware\STM32G0xx\FreeRTOS\Source\timers.o
                0x000000000801bd46                pvTimerGetTimerID
 *fill*         0x000000000801bd6a        0x2 
 .text.HAL_Init
                0x000000000801bd6c       0x40 Thirdparty\STM32G0xx_HAL_Driver\Src\stm32g0xx_hal.o
                0x000000000801bd6c                HAL_Init
 .text.HAL_InitTick
                0x000000000801bdac       0x94 Thirdparty\STM32G0xx_HAL_Driver\Src\stm32g0xx_hal.o
                0x000000000801bdac                HAL_InitTick
 .text.HAL_IncTick
                0x000000000801be40       0x24 Thirdparty\STM32G0xx_HAL_Driver\Src\stm32g0xx_hal.o
                0x000000000801be40                HAL_IncTick
 .text.HAL_GetTick
                0x000000000801be64       0x14 Thirdparty\STM32G0xx_HAL_Driver\Src\stm32g0xx_hal.o
                0x000000000801be64                HAL_GetTick
 .text.HAL_Delay
                0x000000000801be78       0x48 Thirdparty\STM32G0xx_HAL_Driver\Src\stm32g0xx_hal.o
                0x000000000801be78                HAL_Delay
 .text.HAL_GetREVID
                0x000000000801bec0       0x18 Thirdparty\STM32G0xx_HAL_Driver\Src\stm32g0xx_hal.o
                0x000000000801bec0                HAL_GetREVID
 .text.HAL_GetDEVID
                0x000000000801bed8       0x18 Thirdparty\STM32G0xx_HAL_Driver\Src\stm32g0xx_hal.o
                0x000000000801bed8                HAL_GetDEVID
 .text.LL_ADC_SetCommonPathInternalCh
                0x000000000801bef0       0x28 Thirdparty\STM32G0xx_HAL_Driver\Src\stm32g0xx_hal_adc.o
 .text.LL_ADC_GetCommonPathInternalCh
                0x000000000801bf18       0x1a Thirdparty\STM32G0xx_HAL_Driver\Src\stm32g0xx_hal_adc.o
 .text.LL_ADC_SetSamplingTimeCommonChannels
                0x000000000801bf32       0x3a Thirdparty\STM32G0xx_HAL_Driver\Src\stm32g0xx_hal_adc.o
 .text.LL_ADC_GetSamplingTimeCommonChannels
                0x000000000801bf6c       0x2e Thirdparty\STM32G0xx_HAL_Driver\Src\stm32g0xx_hal_adc.o
 .text.LL_ADC_REG_IsTriggerSourceSWStart
                0x000000000801bf9a       0x22 Thirdparty\STM32G0xx_HAL_Driver\Src\stm32g0xx_hal_adc.o
 .text.LL_ADC_REG_SetSequencerRanks
                0x000000000801bfbc       0x40 Thirdparty\STM32G0xx_HAL_Driver\Src\stm32g0xx_hal_adc.o
 .text.LL_ADC_REG_SetSequencerChAdd
                0x000000000801bffc       0x22 Thirdparty\STM32G0xx_HAL_Driver\Src\stm32g0xx_hal_adc.o
 .text.LL_ADC_REG_SetSequencerChRem
                0x000000000801c01e       0x24 Thirdparty\STM32G0xx_HAL_Driver\Src\stm32g0xx_hal_adc.o
 *fill*         0x000000000801c042        0x2 
 .text.LL_ADC_SetChannelSamplingTime
                0x000000000801c044       0x38 Thirdparty\STM32G0xx_HAL_Driver\Src\stm32g0xx_hal_adc.o
 .text.LL_ADC_EnableInternalRegulator
                0x000000000801c07c       0x28 Thirdparty\STM32G0xx_HAL_Driver\Src\stm32g0xx_hal_adc.o
 .text.LL_ADC_IsInternalRegulatorEnabled
                0x000000000801c0a4       0x28 Thirdparty\STM32G0xx_HAL_Driver\Src\stm32g0xx_hal_adc.o
 .text.LL_ADC_Enable
                0x000000000801c0cc       0x24 Thirdparty\STM32G0xx_HAL_Driver\Src\stm32g0xx_hal_adc.o
 .text.LL_ADC_Disable
                0x000000000801c0f0       0x24 Thirdparty\STM32G0xx_HAL_Driver\Src\stm32g0xx_hal_adc.o
 .text.LL_ADC_IsEnabled
                0x000000000801c114       0x22 Thirdparty\STM32G0xx_HAL_Driver\Src\stm32g0xx_hal_adc.o
 .text.LL_ADC_IsDisableOngoing
                0x000000000801c136       0x22 Thirdparty\STM32G0xx_HAL_Driver\Src\stm32g0xx_hal_adc.o
 .text.LL_ADC_REG_StartConversion
                0x000000000801c158       0x24 Thirdparty\STM32G0xx_HAL_Driver\Src\stm32g0xx_hal_adc.o
 .text.LL_ADC_REG_StopConversion
                0x000000000801c17c       0x24 Thirdparty\STM32G0xx_HAL_Driver\Src\stm32g0xx_hal_adc.o
 .text.LL_ADC_REG_IsConversionOngoing
                0x000000000801c1a0       0x22 Thirdparty\STM32G0xx_HAL_Driver\Src\stm32g0xx_hal_adc.o
 *fill*         0x000000000801c1c2        0x2 
 .text.HAL_ADC_Init
                0x000000000801c1c4      0x350 Thirdparty\STM32G0xx_HAL_Driver\Src\stm32g0xx_hal_adc.o
                0x000000000801c1c4                HAL_ADC_Init
 .text.HAL_ADC_Start
                0x000000000801c514       0x9c Thirdparty\STM32G0xx_HAL_Driver\Src\stm32g0xx_hal_adc.o
                0x000000000801c514                HAL_ADC_Start
 .text.HAL_ADC_Stop
                0x000000000801c5b0       0x78 Thirdparty\STM32G0xx_HAL_Driver\Src\stm32g0xx_hal_adc.o
                0x000000000801c5b0                HAL_ADC_Stop
 .text.HAL_ADC_PollForConversion
                0x000000000801c628      0x128 Thirdparty\STM32G0xx_HAL_Driver\Src\stm32g0xx_hal_adc.o
                0x000000000801c628                HAL_ADC_PollForConversion
 .text.HAL_ADC_GetValue
                0x000000000801c750       0x16 Thirdparty\STM32G0xx_HAL_Driver\Src\stm32g0xx_hal_adc.o
                0x000000000801c750                HAL_ADC_GetValue
 *fill*         0x000000000801c766        0x2 
 .text.HAL_ADC_ConfigChannel
                0x000000000801c768      0x3b0 Thirdparty\STM32G0xx_HAL_Driver\Src\stm32g0xx_hal_adc.o
                0x000000000801c768                HAL_ADC_ConfigChannel
 .text.ADC_ConversionStop
                0x000000000801cb18       0x84 Thirdparty\STM32G0xx_HAL_Driver\Src\stm32g0xx_hal_adc.o
                0x000000000801cb18                ADC_ConversionStop
 .text.ADC_Enable
                0x000000000801cb9c      0x10c Thirdparty\STM32G0xx_HAL_Driver\Src\stm32g0xx_hal_adc.o
                0x000000000801cb9c                ADC_Enable
 .text.ADC_Disable
                0x000000000801cca8       0xbc Thirdparty\STM32G0xx_HAL_Driver\Src\stm32g0xx_hal_adc.o
                0x000000000801cca8                ADC_Disable
 .text.__NVIC_EnableIRQ
                0x000000000801cd64       0x34 Thirdparty\STM32G0xx_HAL_Driver\Src\stm32g0xx_hal_cortex.o
 .text.__NVIC_DisableIRQ
                0x000000000801cd98       0x44 Thirdparty\STM32G0xx_HAL_Driver\Src\stm32g0xx_hal_cortex.o
 .text.__NVIC_SetPriority
                0x000000000801cddc       0xdc Thirdparty\STM32G0xx_HAL_Driver\Src\stm32g0xx_hal_cortex.o
 .text.SysTick_Config
                0x000000000801ceb8       0x48 Thirdparty\STM32G0xx_HAL_Driver\Src\stm32g0xx_hal_cortex.o
 .text.HAL_NVIC_SetPriority
                0x000000000801cf00       0x2a Thirdparty\STM32G0xx_HAL_Driver\Src\stm32g0xx_hal_cortex.o
                0x000000000801cf00                HAL_NVIC_SetPriority
 .text.HAL_NVIC_EnableIRQ
                0x000000000801cf2a       0x20 Thirdparty\STM32G0xx_HAL_Driver\Src\stm32g0xx_hal_cortex.o
                0x000000000801cf2a                HAL_NVIC_EnableIRQ
 .text.HAL_NVIC_DisableIRQ
                0x000000000801cf4a       0x20 Thirdparty\STM32G0xx_HAL_Driver\Src\stm32g0xx_hal_cortex.o
                0x000000000801cf4a                HAL_NVIC_DisableIRQ
 .text.HAL_SYSTICK_Config
                0x000000000801cf6a       0x1a Thirdparty\STM32G0xx_HAL_Driver\Src\stm32g0xx_hal_cortex.o
                0x000000000801cf6a                HAL_SYSTICK_Config
 .text.HAL_CRC_Init
                0x000000000801cf84       0xcc Thirdparty\STM32G0xx_HAL_Driver\Src\stm32g0xx_hal_crc.o
                0x000000000801cf84                HAL_CRC_Init
 .text.HAL_CRC_Accumulate
                0x000000000801d050       0x8e Thirdparty\STM32G0xx_HAL_Driver\Src\stm32g0xx_hal_crc.o
                0x000000000801d050                HAL_CRC_Accumulate
 .text.HAL_CRC_Calculate
                0x000000000801d0de       0x9e Thirdparty\STM32G0xx_HAL_Driver\Src\stm32g0xx_hal_crc.o
                0x000000000801d0de                HAL_CRC_Calculate
 .text.CRC_Handle_8
                0x000000000801d17c      0x122 Thirdparty\STM32G0xx_HAL_Driver\Src\stm32g0xx_hal_crc.o
 .text.CRC_Handle_16
                0x000000000801d29e       0x6e Thirdparty\STM32G0xx_HAL_Driver\Src\stm32g0xx_hal_crc.o
 .text.HAL_CRCEx_Polynomial_Set
                0x000000000801d30c       0xda Thirdparty\STM32G0xx_HAL_Driver\Src\stm32g0xx_hal_crc_ex.o
                0x000000000801d30c                HAL_CRCEx_Polynomial_Set
 *fill*         0x000000000801d3e6        0x2 
 .text.HAL_DMA_Init
                0x000000000801d3e8      0x158 Thirdparty\STM32G0xx_HAL_Driver\Src\stm32g0xx_hal_dma.o
                0x000000000801d3e8                HAL_DMA_Init
 .text.HAL_DMA_Start_IT
                0x000000000801d540      0x10c Thirdparty\STM32G0xx_HAL_Driver\Src\stm32g0xx_hal_dma.o
                0x000000000801d540                HAL_DMA_Start_IT
 .text.HAL_DMA_Abort
                0x000000000801d64c       0xc0 Thirdparty\STM32G0xx_HAL_Driver\Src\stm32g0xx_hal_dma.o
                0x000000000801d64c                HAL_DMA_Abort
 .text.HAL_DMA_Abort_IT
                0x000000000801d70c       0xd0 Thirdparty\STM32G0xx_HAL_Driver\Src\stm32g0xx_hal_dma.o
                0x000000000801d70c                HAL_DMA_Abort_IT
 .text.HAL_DMA_GetError
                0x000000000801d7dc       0x14 Thirdparty\STM32G0xx_HAL_Driver\Src\stm32g0xx_hal_dma.o
                0x000000000801d7dc                HAL_DMA_GetError
 .text.DMA_SetConfig
                0x000000000801d7f0       0x78 Thirdparty\STM32G0xx_HAL_Driver\Src\stm32g0xx_hal_dma.o
 .text.DMA_CalcDMAMUXChannelBaseAndMask
                0x000000000801d868       0x94 Thirdparty\STM32G0xx_HAL_Driver\Src\stm32g0xx_hal_dma.o
 .text.DMA_CalcDMAMUXRequestGenBaseAndMask
                0x000000000801d8fc       0x48 Thirdparty\STM32G0xx_HAL_Driver\Src\stm32g0xx_hal_dma.o
 .text.HAL_FLASH_Program
                0x000000000801d944       0x9c Thirdparty\STM32G0xx_HAL_Driver\Src\stm32g0xx_hal_flash.o
                0x000000000801d944                HAL_FLASH_Program
 .text.HAL_FLASH_Unlock
                0x000000000801d9e0       0x48 Thirdparty\STM32G0xx_HAL_Driver\Src\stm32g0xx_hal_flash.o
                0x000000000801d9e0                HAL_FLASH_Unlock
 .text.HAL_FLASH_Lock
                0x000000000801da28       0x38 Thirdparty\STM32G0xx_HAL_Driver\Src\stm32g0xx_hal_flash.o
                0x000000000801da28                HAL_FLASH_Lock
 .text.FLASH_WaitForLastOperation
                0x000000000801da60       0x9c Thirdparty\STM32G0xx_HAL_Driver\Src\stm32g0xx_hal_flash.o
                0x000000000801da60                FLASH_WaitForLastOperation
 .text.FLASH_Program_DoubleWord
                0x000000000801dafc       0x40 Thirdparty\STM32G0xx_HAL_Driver\Src\stm32g0xx_hal_flash.o
 .text.HAL_FLASHEx_Erase
                0x000000000801db3c       0xe0 Thirdparty\STM32G0xx_HAL_Driver\Src\stm32g0xx_hal_flash_ex.o
                0x000000000801db3c                HAL_FLASHEx_Erase
 .text.FLASH_MassErase
                0x000000000801dc1c       0x28 Thirdparty\STM32G0xx_HAL_Driver\Src\stm32g0xx_hal_flash_ex.o
 .text.FLASH_PageErase
                0x000000000801dc44      0x198 Thirdparty\STM32G0xx_HAL_Driver\Src\stm32g0xx_hal_flash_ex.o
                0x000000000801dc44                FLASH_PageErase
 .text.HAL_GPIO_Init
                0x000000000801dddc      0x2d8 Thirdparty\STM32G0xx_HAL_Driver\Src\stm32g0xx_hal_gpio.o
                0x000000000801dddc                HAL_GPIO_Init
 .text.HAL_GPIO_DeInit
                0x000000000801e0b4      0x1b0 Thirdparty\STM32G0xx_HAL_Driver\Src\stm32g0xx_hal_gpio.o
                0x000000000801e0b4                HAL_GPIO_DeInit
 .text.HAL_GPIO_ReadPin
                0x000000000801e264       0x3a Thirdparty\STM32G0xx_HAL_Driver\Src\stm32g0xx_hal_gpio.o
                0x000000000801e264                HAL_GPIO_ReadPin
 .text.HAL_GPIO_WritePin
                0x000000000801e29e       0x3a Thirdparty\STM32G0xx_HAL_Driver\Src\stm32g0xx_hal_gpio.o
                0x000000000801e29e                HAL_GPIO_WritePin
 .text.HAL_GPIO_TogglePin
                0x000000000801e2d8       0x36 Thirdparty\STM32G0xx_HAL_Driver\Src\stm32g0xx_hal_gpio.o
                0x000000000801e2d8                HAL_GPIO_TogglePin
 .text.HAL_MspInit
                0x000000000801e30e        0xa Thirdparty\STM32G0xx_HAL_Driver\Src\stm32g0xx_hal_msp_template.o
                0x000000000801e30e                HAL_MspInit
 .text.HAL_PWREx_ControlVoltageScaling
                0x000000000801e318       0x80 Thirdparty\STM32G0xx_HAL_Driver\Src\stm32g0xx_hal_pwr_ex.o
                0x000000000801e318                HAL_PWREx_ControlVoltageScaling
 .text.LL_RCC_GetAPB1Prescaler
                0x000000000801e398       0x18 Thirdparty\STM32G0xx_HAL_Driver\Src\stm32g0xx_hal_rcc.o
 .text.HAL_RCC_OscConfig
                0x000000000801e3b0      0x6c0 Thirdparty\STM32G0xx_HAL_Driver\Src\stm32g0xx_hal_rcc.o
                0x000000000801e3b0                HAL_RCC_OscConfig
 .text.HAL_RCC_ClockConfig
                0x000000000801ea70      0x210 Thirdparty\STM32G0xx_HAL_Driver\Src\stm32g0xx_hal_rcc.o
                0x000000000801ea70                HAL_RCC_ClockConfig
 .text.HAL_RCC_GetSysClockFreq
                0x000000000801ec80      0x104 Thirdparty\STM32G0xx_HAL_Driver\Src\stm32g0xx_hal_rcc.o
                0x000000000801ec80                HAL_RCC_GetSysClockFreq
 .text.HAL_RCC_GetHCLKFreq
                0x000000000801ed84       0x14 Thirdparty\STM32G0xx_HAL_Driver\Src\stm32g0xx_hal_rcc.o
                0x000000000801ed84                HAL_RCC_GetHCLKFreq
 .text.HAL_RCC_GetPCLK1Freq
                0x000000000801ed98       0x2c Thirdparty\STM32G0xx_HAL_Driver\Src\stm32g0xx_hal_rcc.o
                0x000000000801ed98                HAL_RCC_GetPCLK1Freq
 .text.HAL_RCCEx_PeriphCLKConfig
                0x000000000801edc4      0x478 Thirdparty\STM32G0xx_HAL_Driver\Src\stm32g0xx_hal_rcc_ex.o
                0x000000000801edc4                HAL_RCCEx_PeriphCLKConfig
 .text.HAL_RTC_Init
                0x000000000801f23c      0x144 Thirdparty\STM32G0xx_HAL_Driver\Src\stm32g0xx_hal_rtc.o
                0x000000000801f23c                HAL_RTC_Init
 .text.HAL_RTC_MspInit
                0x000000000801f380       0x10 Thirdparty\STM32G0xx_HAL_Driver\Src\stm32g0xx_hal_rtc.o
                0x000000000801f380                HAL_RTC_MspInit
 .text.HAL_RTC_SetTime
                0x000000000801f390      0x150 Thirdparty\STM32G0xx_HAL_Driver\Src\stm32g0xx_hal_rtc.o
                0x000000000801f390                HAL_RTC_SetTime
 .text.HAL_RTC_GetTime
                0x000000000801f4e0       0xb8 Thirdparty\STM32G0xx_HAL_Driver\Src\stm32g0xx_hal_rtc.o
                0x000000000801f4e0                HAL_RTC_GetTime
 .text.HAL_RTC_SetDate
                0x000000000801f598      0x124 Thirdparty\STM32G0xx_HAL_Driver\Src\stm32g0xx_hal_rtc.o
                0x000000000801f598                HAL_RTC_SetDate
 .text.HAL_RTC_GetDate
                0x000000000801f6bc       0x9c Thirdparty\STM32G0xx_HAL_Driver\Src\stm32g0xx_hal_rtc.o
                0x000000000801f6bc                HAL_RTC_GetDate
 .text.HAL_RTC_WaitForSynchro
                0x000000000801f758       0x4e Thirdparty\STM32G0xx_HAL_Driver\Src\stm32g0xx_hal_rtc.o
                0x000000000801f758                HAL_RTC_WaitForSynchro
 .text.RTC_EnterInitMode
                0x000000000801f7a6       0x84 Thirdparty\STM32G0xx_HAL_Driver\Src\stm32g0xx_hal_rtc.o
                0x000000000801f7a6                RTC_EnterInitMode
 *fill*         0x000000000801f82a        0x2 
 .text.RTC_ExitInitMode