Archive member included to satisfy reference by file (symbol)

C:/ST/STM32CubeIDE_1.17.0/STM32CubeIDE/plugins/com.st.stm32cube.ide.mcu.externaltools.gnu-tools-for-stm32.12.3.rel1.win32_1.1.0.202410251130/tools/bin/../lib/gcc/arm-none-eabi/12.3.1/../../../../arm-none-eabi/lib/thumb/v6-m/nofp\libc.a(libc_a-atof.o)
                              BOS\BOS_CLI.o (atof)
C:/ST/STM32CubeIDE_1.17.0/STM32CubeIDE/plugins/com.st.stm32cube.ide.mcu.externaltools.gnu-tools-for-stm32.12.3.rel1.win32_1.1.0.202410251130/tools/bin/../lib/gcc/arm-none-eabi/12.3.1/../../../../arm-none-eabi/lib/thumb/v6-m/nofp\libc.a(libc_a-atoi.o)
                              BOS\BOS_CLIcommands.o (atoi)
C:/ST/STM32CubeIDE_1.17.0/STM32CubeIDE/plugins/com.st.stm32cube.ide.mcu.externaltools.gnu-tools-for-stm32.12.3.rel1.win32_1.1.0.202410251130/tools/bin/../lib/gcc/arm-none-eabi/12.3.1/../../../../arm-none-eabi/lib/thumb/v6-m/nofp\libc.a(libc_a-atol.o)
                              BOS\BOS.o (atol)
C:/ST/STM32CubeIDE_1.17.0/STM32CubeIDE/plugins/com.st.stm32cube.ide.mcu.externaltools.gnu-tools-for-stm32.12.3.rel1.win32_1.1.0.202410251130/tools/bin/../lib/gcc/arm-none-eabi/12.3.1/../../../../arm-none-eabi/lib/thumb/v6-m/nofp\libc.a(libc_a-exit.o)
                              C:/ST/STM32CubeIDE_1.17.0/STM32CubeIDE/plugins/com.st.stm32cube.ide.mcu.externaltools.gnu-tools-for-stm32.12.3.rel1.win32_1.1.0.202410251130/tools/bin/../lib/gcc/arm-none-eabi/12.3.1/../../../../arm-none-eabi/lib/thumb/v6-m/nofp/crt0.o (exit)
C:/ST/STM32CubeIDE_1.17.0/STM32CubeIDE/plugins/com.st.stm32cube.ide.mcu.externaltools.gnu-tools-for-stm32.12.3.rel1.win32_1.1.0.202410251130/tools/bin/../lib/gcc/arm-none-eabi/12.3.1/../../../../arm-none-eabi/lib/thumb/v6-m/nofp\libc.a(libc_a-malloc.o)
                              BOS\BOS.o (malloc)
C:/ST/STM32CubeIDE_1.17.0/STM32CubeIDE/plugins/com.st.stm32cube.ide.mcu.externaltools.gnu-tools-for-stm32.12.3.rel1.win32_1.1.0.202410251130/tools/bin/../lib/gcc/arm-none-eabi/12.3.1/../../../../arm-none-eabi/lib/thumb/v6-m/nofp\libc.a(libc_a-mallocr.o)
                              C:/ST/STM32CubeIDE_1.17.0/STM32CubeIDE/plugins/com.st.stm32cube.ide.mcu.externaltools.gnu-tools-for-stm32.12.3.rel1.win32_1.1.0.202410251130/tools/bin/../lib/gcc/arm-none-eabi/12.3.1/../../../../arm-none-eabi/lib/thumb/v6-m/nofp\libc.a(libc_a-malloc.o) (_malloc_r)
C:/ST/STM32CubeIDE_1.17.0/STM32CubeIDE/plugins/com.st.stm32cube.ide.mcu.externaltools.gnu-tools-for-stm32.12.3.rel1.win32_1.1.0.202410251130/tools/bin/../lib/gcc/arm-none-eabi/12.3.1/../../../../arm-none-eabi/lib/thumb/v6-m/nofp\libc.a(libc_a-mlock.o)
                              C:/ST/STM32CubeIDE_1.17.0/STM32CubeIDE/plugins/com.st.stm32cube.ide.mcu.externaltools.gnu-tools-for-stm32.12.3.rel1.win32_1.1.0.202410251130/tools/bin/../lib/gcc/arm-none-eabi/12.3.1/../../../../arm-none-eabi/lib/thumb/v6-m/nofp\libc.a(libc_a-mallocr.o) (__malloc_lock)
C:/ST/STM32CubeIDE_1.17.0/STM32CubeIDE/plugins/com.st.stm32cube.ide.mcu.externaltools.gnu-tools-for-stm32.12.3.rel1.win32_1.1.0.202410251130/tools/bin/../lib/gcc/arm-none-eabi/12.3.1/../../../../arm-none-eabi/lib/thumb/v6-m/nofp\libc.a(libc_a-rand.o)
                              BOS\BOS_CLIcommands.o (rand)
C:/ST/STM32CubeIDE_1.17.0/STM32CubeIDE/plugins/com.st.stm32cube.ide.mcu.externaltools.gnu-tools-for-stm32.12.3.rel1.win32_1.1.0.202410251130/tools/bin/../lib/gcc/arm-none-eabi/12.3.1/../../../../arm-none-eabi/lib/thumb/v6-m/nofp\libc.a(libc_a-realloc.o)
                              BOS\BOS_CLI.o (realloc)
C:/ST/STM32CubeIDE_1.17.0/STM32CubeIDE/plugins/com.st.stm32cube.ide.mcu.externaltools.gnu-tools-for-stm32.12.3.rel1.win32_1.1.0.202410251130/tools/bin/../lib/gcc/arm-none-eabi/12.3.1/../../../../arm-none-eabi/lib/thumb/v6-m/nofp\libc.a(libc_a-reallocr.o)
                              C:/ST/STM32CubeIDE_1.17.0/STM32CubeIDE/plugins/com.st.stm32cube.ide.mcu.externaltools.gnu-tools-for-stm32.12.3.rel1.win32_1.1.0.202410251130/tools/bin/../lib/gcc/arm-none-eabi/12.3.1/../../../../arm-none-eabi/lib/thumb/v6-m/nofp\libc.a(libc_a-realloc.o) (_realloc_r)
C:/ST/STM32CubeIDE_1.17.0/STM32CubeIDE/plugins/com.st.stm32cube.ide.mcu.externaltools.gnu-tools-for-stm32.12.3.rel1.win32_1.1.0.202410251130/tools/bin/../lib/gcc/arm-none-eabi/12.3.1/../../../../arm-none-eabi/lib/thumb/v6-m/nofp\libc.a(libc_a-strtod.o)
                              C:/ST/STM32CubeIDE_1.17.0/STM32CubeIDE/plugins/com.st.stm32cube.ide.mcu.externaltools.gnu-tools-for-stm32.12.3.rel1.win32_1.1.0.202410251130/tools/bin/../lib/gcc/arm-none-eabi/12.3.1/../../../../arm-none-eabi/lib/thumb/v6-m/nofp\libc.a(libc_a-atof.o) (strtod)
C:/ST/STM32CubeIDE_1.17.0/STM32CubeIDE/plugins/com.st.stm32cube.ide.mcu.externaltools.gnu-tools-for-stm32.12.3.rel1.win32_1.1.0.202410251130/tools/bin/../lib/gcc/arm-none-eabi/12.3.1/../../../../arm-none-eabi/lib/thumb/v6-m/nofp\libc.a(libc_a-strtol.o)
[...]
Memory Configuration

Name             Origin             Length             Attributes
RAM              0x20000000         0x00024000         xrw
FLASH            0x08000000         0x00080000         xr
*default*        0x00000000         0xffffffff

Linker script and memory map

LOAD C:/ST/STM32CubeIDE_1.17.0/STM32CubeIDE/plugins/com.st.stm32cube.ide.mcu.externaltools.gnu-tools-for-stm32.12.3.rel1.win32_1.1.0.202410251130/tools/bin/../lib/gcc/arm-none-eabi/12.3.1/thumb/v6-m/nofp/crti.o
LOAD C:/ST/STM32CubeIDE_1.17.0/STM32CubeIDE/plugins/com.st.stm32cube.ide.mcu.externaltools.gnu-tools-for-stm32.12.3.rel1.win32_1.1.0.202410251130/tools/bin/../lib/gcc/arm-none-eabi/12.3.1/thumb/v6-m/nofp/crtbegin.o
LOAD C:/ST/STM32CubeIDE_1.17.0/STM32CubeIDE/plugins/com.st.stm32cube.ide.mcu.externaltools.gnu-tools-for-stm32.12.3.rel1.win32_1.1.0.202410251130/tools/bin/../lib/gcc/arm-none-eabi/12.3.1/../../../../arm-none-eabi/lib/thumb/v6-m/nofp/crt0.o
LOAD BOS\BOS.o
LOAD BOS\BOS_CLI.o
LOAD BOS\BOS_CLIcommands.o
LOAD BOS\BOS_dma.o
LOAD BOS\BOS_freertos.o
LOAD BOS\BOS_messaging.o
LOAD BOS\BOS_msgparser.o
LOAD H0FR7\H0FR7.o
LOAD H0FR7\H0FR7_dma.o
LOAD H0FR7\H0FR7_eeprom.o
LOAD H0FR7\H0FR7_gpio.o
LOAD H0FR7\H0FR7_inputs.o
LOAD H0FR7\H0FR7_it.o
LOAD H0FR7\H0FR7_rtc.o
LOAD H0FR7\H0FR7_timers.o
LOAD H0FR7\H0FR7_uart.o
LOAD H0FR7\startup_stm32g0b1ceuxn.o
LOAD Thirdparty\CMSIS\STM32G0xx\Device\ST\STM32G0xx\Source\Templates\system_stm32g0xx.o
LOAD Thirdparty\EEPROM_Emul\Core\eeprom_emul.o
LOAD Thirdparty\EEPROM_Emul\Porting\STM32G0\flash_interface.o
LOAD Thirdparty\Middleware\STM32G0xx\FreeRTOS\Source\CMSIS_RTOS\cmsis_os.o
LOAD Thirdparty\Middleware\STM32G0xx\FreeRTOS\Source\FreeRTOS_CLI.o
LOAD Thirdparty\Middleware\STM32G0xx\FreeRTOS\Source\croutine.o
LOAD Thirdparty\Middleware\STM32G0xx\FreeRTOS\Source\event_groups.o
LOAD Thirdparty\Middleware\STM32G0xx\FreeRTOS\Source\list.o
LOAD Thirdparty\Middleware\STM32G0xx\FreeRTOS\Source\portable\GCC\ARM_CM0\port.o
LOAD Thirdparty\Middleware\STM32G0xx\FreeRTOS\Source\portable\MemMang\heap_4.o
LOAD Thirdparty\Middleware\STM32G0xx\FreeRTOS\Source\queue.o
LOAD Thirdparty\Middleware\STM32G0xx\FreeRTOS\Source\stream_buffer.o
LOAD Thirdparty\Middleware\STM32G0xx\FreeRTOS\Source\tasks.o
LOAD Thirdparty\Middleware\STM32G0xx\FreeRTOS\Source\timers.o
LOAD Thirdparty\STM32G0xx_HAL_Driver\Src\stm32g0xx_hal.o
LOAD Thirdparty\STM32G0xx_HAL_Driver\Src\stm32g0xx_hal_adc.o
LOAD Thirdparty\STM32G0xx_HAL_Driver\Src\stm32g0xx_hal_adc_ex.o
LOAD Thirdparty\STM32G0xx_HAL_Driver\Src\stm32g0xx_hal_cec.o
LOAD Thirdparty\STM32G0xx_HAL_Driver\Src\stm32g0xx_hal_comp.o
LOAD Thirdparty\STM32G0xx_HAL_Driver\Src\stm32g0xx_hal_cortex.o
LOAD Thirdparty\STM32G0xx_HAL_Driver\Src\stm32g0xx_hal_crc.o
LOAD Thirdparty\STM32G0xx_HAL_Driver\Src\stm32g0xx_hal_crc_ex.o
LOAD Thirdparty\STM32G0xx_HAL_Driver\Src\stm32g0xx_hal_cryp.o
LOAD Thirdparty\STM32G0xx_HAL_Driver\Src\stm32g0xx_hal_cryp_ex.o
LOAD Thirdparty\STM32G0xx_HAL_Driver\Src\stm32g0xx_hal_dac.o
LOAD Thirdparty\STM32G0xx_HAL_Driver\Src\stm32g0xx_hal_dac_ex.o
LOAD Thirdparty\STM32G0xx_HAL_Driver\Src\stm32g0xx_hal_dma.o
LOAD Thirdparty\STM32G0xx_HAL_Driver\Src\stm32g0xx_hal_dma_ex.o
LOAD Thirdparty\STM32G0xx_HAL_Driver\Src\stm32g0xx_hal_exti.o
LOAD Thirdparty\STM32G0xx_HAL_Driver\Src\stm32g0xx_hal_fdcan.o
LOAD Thirdparty\STM32G0xx_HAL_Driver\Src\stm32g0xx_hal_flash.o
LOAD Thirdparty\STM32G0xx_HAL_Driver\Src\stm32g0xx_hal_flash_ex.o
LOAD Thirdparty\STM32G0xx_HAL_Driver\Src\stm32g0xx_hal_gpio.o
LOAD Thirdparty\STM32G0xx_HAL_Driver\Src\stm32g0xx_hal_hcd.o
LOAD Thirdparty\STM32G0xx_HAL_Driver\Src\stm32g0xx_hal_i2c.o
LOAD Thirdparty\STM32G0xx_HAL_Driver\Src\stm32g0xx_hal_i2c_ex.o
LOAD Thirdparty\STM32G0xx_HAL_Driver\Src\stm32g0xx_hal_i2s.o
LOAD Thirdparty\STM32G0xx_HAL_Driver\Src\stm32g0xx_hal_irda.o
LOAD Thirdparty\STM32G0xx_HAL_Driver\Src\stm32g0xx_hal_iwdg.o
LOAD Thirdparty\STM32G0xx_HAL_Driver\Src\stm32g0xx_hal_lptim.o
LOAD Thirdparty\STM32G0xx_HAL_Driver\Src\stm32g0xx_hal_msp_template.o
LOAD Thirdparty\STM32G0xx_HAL_Driver\Src\stm32g0xx_hal_pcd.o
LOAD Thirdparty\STM32G0xx_HAL_Driver\Src\stm32g0xx_hal_pcd_ex.o
LOAD Thirdparty\STM32G0xx_HAL_Driver\Src\stm32g0xx_hal_pwr.o
LOAD Thirdparty\STM32G0xx_HAL_Driver\Src\stm32g0xx_hal_pwr_ex.o
LOAD Thirdparty\STM32G0xx_HAL_Driver\Src\stm32g0xx_hal_rcc.o
LOAD Thirdparty\STM32G0xx_HAL_Driver\Src\stm32g0xx_hal_rcc_ex.o
LOAD Thirdparty\STM32G0xx_HAL_Driver\Src\stm32g0xx_hal_rng.o
LOAD Thirdparty\STM32G0xx_HAL_Driver\Src\stm32g0xx_hal_rtc.o
LOAD Thirdparty\STM32G0xx_HAL_Driver\Src\stm32g0xx_hal_rtc_ex.o
LOAD Thirdparty\STM32G0xx_HAL_Driver\Src\stm32g0xx_hal_smartcard.o
LOAD Thirdparty\STM32G0xx_HAL_Driver\Src\stm32g0xx_hal_smartcard_ex.o
LOAD Thirdparty\STM32G0xx_HAL_Driver\Src\stm32g0xx_hal_smbus.o
LOAD Thirdparty\STM32G0xx_HAL_Driver\Src\stm32g0xx_hal_smbus_ex.o
LOAD Thirdparty\STM32G0xx_HAL_Driver\Src\stm32g0xx_hal_spi.o
LOAD Thirdparty\STM32G0xx_HAL_Driver\Src\stm32g0xx_hal_spi_ex.o
LOAD Thirdparty\STM32G0xx_HAL_Driver\Src\stm32g0xx_hal_tim.o
LOAD Thirdparty\STM32G0xx_HAL_Driver\Src\stm32g0xx_hal_tim_ex.o
LOAD Thirdparty\STM32G0xx_HAL_Driver\Src\stm32g0xx_hal_uart.o
LOAD Thirdparty\STM32G0xx_HAL_Driver\Src\stm32g0xx_hal_uart_ex.o
LOAD Thirdparty\STM32G0xx_HAL_Driver\Src\stm32g0xx_hal_usart.o
LOAD Thirdparty\STM32G0xx_HAL_Driver\Src\stm32g0xx_hal_usart_ex.o
LOAD Thirdparty\STM32G0xx_HAL_Driver\Src\stm32g0xx_hal_wwdg.o
LOAD Thirdparty\STM32G0xx_HAL_Driver\Src\stm32g0xx_ll_adc.o
LOAD Thirdparty\STM32G0xx_HAL_Driver\Src\stm32g0xx_ll_comp.o
LOAD Thirdparty\STM32G0xx_HAL_Driver\Src\stm32g0xx_ll_crc.o
LOAD Thirdparty\STM32G0xx_HAL_Driver\Src\stm32g0xx_ll_crs.o
LOAD Thirdparty\STM32G0xx_HAL_Driver\Src\stm32g0xx_ll_dac.o
LOAD Thirdparty\STM32G0xx_HAL_Driver\Src\stm32g0xx_ll_dma.o
LOAD Thirdparty\STM32G0xx_HAL_Driver\Src\stm32g0xx_ll_exti.o
LOAD Thirdparty\STM32G0xx_HAL_Driver\Src\stm32g0xx_ll_gpio.o
LOAD Thirdparty\STM32G0xx_HAL_Driver\Src\stm32g0xx_ll_i2c.o
LOAD Thirdparty\STM32G0xx_HAL_Driver\Src\stm32g0xx_ll_lptim.o
LOAD Thirdparty\STM32G0xx_HAL_Driver\Src\stm32g0xx_ll_lpuart.o
LOAD Thirdparty\STM32G0xx_HAL_Driver\Src\stm32g0xx_ll_pwr.o
LOAD Thirdparty\STM32G0xx_HAL_Driver\Src\stm32g0xx_ll_rcc.o
LOAD Thirdparty\STM32G0xx_HAL_Driver\Src\stm32g0xx_ll_rng.o
LOAD Thirdparty\STM32G0xx_HAL_Driver\Src\stm32g0xx_ll_rtc.o
LOAD Thirdparty\STM32G0xx_HAL_Driver\Src\stm32g0xx_ll_spi.o
LOAD Thirdparty\STM32G0xx_HAL_Driver\Src\stm32g0xx_ll_tim.o
LOAD Thirdparty\STM32G0xx_HAL_Driver\Src\stm32g0xx_ll_ucpd.o
LOAD Thirdparty\STM32G0xx_HAL_Driver\Src\stm32g0xx_ll_usart.o
LOAD Thirdparty\STM32G0xx_HAL_Driver\Src\stm32g0xx_ll_usb.o
LOAD Thirdparty\STM32G0xx_HAL_Driver\Src\stm32g0xx_ll_utils.o
LOAD User\main.o
LOAD syscalls.o
START GROUP
LOAD C:/ST/STM32CubeIDE_1.17.0/STM32CubeIDE/plugins/com.st.stm32cube.ide.mcu.externaltools.gnu-tools-for-stm32.12.3.rel1.win32_1.1.0.202410251130/tools/bin/../lib/gcc/arm-none-eabi/12.3.1/../../../../arm-none-eabi/lib/thumb/v6-m/nofp\libc.a
LOAD C:/ST/STM32CubeIDE_1.17.0/STM32CubeIDE/plugins/com.st.stm32cube.ide.mcu.externaltools.gnu-tools-for-stm32.12.3.rel1.win32_1.1.0.202410251130/tools/bin/../lib/gcc/arm-none-eabi/12.3.1/../../../../arm-none-eabi/lib/thumb/v6-m/nofp\libm.a
END GROUP
START GROUP
LOAD C:/ST/STM32CubeIDE_1.17.0/STM32CubeIDE/plugins/com.st.stm32cube.ide.mcu.externaltools.gnu-tools-for-stm32.12.3.rel1.win32_1.1.0.202410251130/tools/bin/../lib/gcc/arm-none-eabi/12.3.1/thumb/v6-m/nofp\libgcc.a
LOAD C:/ST/STM32CubeIDE_1.17.0/STM32CubeIDE/plugins/com.st.stm32cube.ide.mcu.externaltools.gnu-tools-for-stm32.12.3.rel1.win32_1.1.0.202410251130/tools/bin/../lib/gcc/arm-none-eabi/12.3.1/../../../../arm-none-eabi/lib/thumb/v6-m/nofp\libc.a
END GROUP
START GROUP
LOAD C:/ST/STM32CubeIDE_1.17.0/STM32CubeIDE/plugins/com.st.stm32cube.ide.mcu.externaltools.gnu-tools-for-stm32.12.3.rel1.win32_1.1.0.202410251130/tools/bin/../lib/gcc/arm-none-eabi/12.3.1/thumb/v6-m/nofp\libgcc.a
LOAD C:/ST/STM32CubeIDE_1.17.0/STM32CubeIDE/plugins/com.st.stm32cube.ide.mcu.externaltools.gnu-tools-for-stm32.12.3.rel1.win32_1.1.0.202410251130/tools/bin/../lib/gcc/arm-none-eabi/12.3.1/../../../../arm-none-eabi/lib/thumb/v6-m/nofp\libc.a
LOAD C:/ST/STM32CubeIDE_1.17.0/STM32CubeIDE/plugins/com.st.stm32cube.ide.mcu.externaltools.gnu-tools-for-stm32.12.3.rel1.win32_1.1.0.202410251130/tools/bin/../lib/gcc/arm-none-eabi/12.3.1/../../../../arm-none-eabi/lib/thumb/v6-m/nofp\libnosys.a
END GROUP
LOAD C:/ST/STM32CubeIDE_1.17.0/STM32CubeIDE/plugins/com.st.stm32cube.ide.mcu.externaltools.gnu-tools-for-stm32.12.3.rel1.win32_1.1.0.202410251130/tools/bin/../lib/gcc/arm-none-eabi/12.3.1/thumb/v6-m/nofp/crtend.o
LOAD C:/ST/STM32CubeIDE_1.17.0/STM32CubeIDE/plugins/com.st.stm32cube.ide.mcu.externaltools.gnu-tools-for-stm32.12.3.rel1.win32_1.1.0.202410251130/tools/bin/../lib/gcc/arm-none-eabi/12.3.1/thumb/v6-m/nofp/crtn.o
                0x20024000                        _estack = (ORIGIN (RAM) + LENGTH (RAM))
                0x00000200                        _Min_Heap_Size = 0x200
                0x00000400                        _Min_Stack_Size = 0x400

.isr_vector     0x08000000       0xbc
                0x08000000                        . = ALIGN (0x4)
 *(.isr_vector)
 .isr_vector    0x08000000       0xbc H0FR7\startup_stm32g0b1ceuxn.o
                0x08000000                g_pfnVectors
                0x080000bc                        . = ALIGN (0x4)

.text           0x080000c0    0x28090
                0x080000c0                        . = ALIGN (0x4)
 *(.text)
 .text          0x080000c0       0x48 C:/ST/STM32CubeIDE_1.17.0/STM32CubeIDE/plugins/com.st.stm32cube.ide.mcu.externaltools.gnu-tools-for-stm32.12.3.rel1.win32_1.1.0.202410251130/tools/bin/../lib/gcc/arm-none-eabi/12.3.1/thumb/v6-m/nofp/crtbegin.o
 .text          0x08000108       0x14 C:/ST/STM32CubeIDE_1.17.0/STM32CubeIDE/plugins/com.st.stm32cube.ide.mcu.externaltools.gnu-tools-for-stm32.12.3.rel1.win32_1.1.0.202410251130/tools/bin/../lib/gcc/arm-none-eabi/12.3.1/../../../../arm-none-eabi/lib/thumb/v6-m/nofp\libc.a(libc_a-strcmp.o)
                0x08000108                strcmp
 .text          0x0800011c        0xe C:/ST/STM32CubeIDE_1.17.0/STM32CubeIDE/plugins/com.st.stm32cube.ide.mcu.externaltools.gnu-tools-for-stm32.12.3.rel1.win32_1.1.0.202410251130/tools/bin/../lib/gcc/arm-none-eabi/12.3.1/../../../../arm-none-eabi/lib/thumb/v6-m/nofp\libc.a(libc_a-strlen.o)
                0x0800011c                strlen
 *fill*         0x0800012a        0x2 
 .text          0x0800012c       0x14 C:/ST/STM32CubeIDE_1.17.0/STM32CubeIDE/plugins/com.st.stm32cube.ide.mcu.externaltools.gnu-tools-for-stm32.12.3.rel1.win32_1.1.0.202410251130/tools/bin/../lib/gcc/arm-none-eabi/12.3.1/thumb/v6-m/nofp\libgcc.a(_thumb1_case_uqi.o)
                0x0800012c                __gnu_thumb1_case_uqi
 .text          0x08000140       0x14 C:/ST/STM32CubeIDE_1.17.0/STM32CubeIDE/plugins/com.st.stm32cube.ide.mcu.externaltools.gnu-tools-for-stm32.12.3.rel1.win32_1.1.0.202410251130/tools/bin/../lib/gcc/arm-none-eabi/12.3.1/thumb/v6-m/nofp\libgcc.a(_thumb1_case_uhi.o)
                0x08000140                __gnu_thumb1_case_uhi
 .text          0x08000154      0x114 C:/ST/STM32CubeIDE_1.17.0/STM32CubeIDE/plugins/com.st.stm32cube.ide.mcu.externaltools.gnu-tools-for-stm32.12.3.rel1.win32_1.1.0.202410251130/tools/bin/../lib/gcc/arm-none-eabi/12.3.1/thumb/v6-m/nofp\libgcc.a(_udivsi3.o)
                0x08000154                __aeabi_uidiv
                0x08000154                __udivsi3
                0x08000260                __aeabi_uidivmod
 .text          0x08000268      0x1d4 C:/ST/STM32CubeIDE_1.17.0/STM32CubeIDE/plugins/com.st.stm32cube.ide.mcu.externaltools.gnu-tools-for-stm32.12.3.rel1.win32_1.1.0.202410251130/tools/bin/../lib/gcc/arm-none-eabi/12.3.1/thumb/v6-m/nofp\libgcc.a(_divsi3.o)
                0x08000268                __divsi3
                0x08000268                __aeabi_idiv
                0x08000434                __aeabi_idivmod
 .text          0x0800043c        0x4 C:/ST/STM32CubeIDE_1.17.0/STM32CubeIDE/plugins/com.st.stm32cube.ide.mcu.externaltools.gnu-tools-for-stm32.12.3.rel1.win32_1.1.0.202410251130/tools/bin/../lib/gcc/arm-none-eabi/12.3.1/thumb/v6-m/nofp\libgcc.a(_dvmd_tls.o)
                0x0800043c                __aeabi_idiv0
                0x0800043c                __aeabi_ldiv0
 .text          0x08000440       0x7c C:/ST/STM32CubeIDE_1.17.0/STM32CubeIDE/plugins/com.st.stm32cube.ide.mcu.externaltools.gnu-tools-for-stm32.12.3.rel1.win32_1.1.0.202410251130/tools/bin/../lib/gcc/arm-none-eabi/12.3.1/thumb/v6-m/nofp\libgcc.a(_arm_cmpdf2.o)
                0x08000440                __aeabi_cdrcmple
                0x08000450                __aeabi_cdcmple
                0x08000450                __aeabi_cdcmpeq
                0x08000460                __aeabi_dcmpeq
                0x0800046c                __aeabi_dcmplt
                0x08000480                __aeabi_dcmple
                0x08000494                __aeabi_dcmpgt
                0x080004a8                __aeabi_dcmpge
 .text          0x080004bc       0x74 C:/ST/STM32CubeIDE_1.17.0/STM32CubeIDE/plugins/com.st.stm32cube.ide.mcu.externaltools.gnu-tools-for-stm32.12.3.rel1.win32_1.1.0.202410251130/tools/bin/../lib/gcc/arm-none-eabi/12.3.1/thumb/v6-m/nofp\libgcc.a(_arm_cmpsf2.o)
                0x080004bc                __aeabi_cfrcmple
                0x080004c4                __aeabi_cfcmpeq
                0x080004c4                __aeabi_cfcmple
                0x080004d4                __aeabi_fcmpeq
                0x080004e0                __aeabi_fcmplt
                0x080004f4                __aeabi_fcmple
                0x08000508                __aeabi_fcmpgt
                0x0800051c                __aeabi_fcmpge
 .text          0x08000530       0x40 C:/ST/STM32CubeIDE_1.17.0/STM32CubeIDE/plugins/com.st.stm32cube.ide.mcu.externaltools.gnu-tools-for-stm32.12.3.rel1.win32_1.1.0.202410251130/tools/bin/../lib/gcc/arm-none-eabi/12.3.1/thumb/v6-m/nofp\libgcc.a(_aeabi_uldivmod.o)
                0x08000530                __aeabi_uldivmod
 .text          0x08000570       0x5c C:/ST/STM32CubeIDE_1.17.0/STM32CubeIDE/plugins/com.st.stm32cube.ide.mcu.externaltools.gnu-tools-for-stm32.12.3.rel1.win32_1.1.0.202410251130/tools/bin/../lib/gcc/arm-none-eabi/12.3.1/thumb/v6-m/nofp\libgcc.a(_muldi3.o)
                0x08000570                __muldi3
                0x08000570                __aeabi_lmul
 .text          0x080005cc       0x3c C:/ST/STM32CubeIDE_1.17.0/STM32CubeIDE/plugins/com.st.stm32cube.ide.mcu.externaltools.gnu-tools-for-stm32.12.3.rel1.win32_1.1.0.202410251130/tools/bin/../lib/gcc/arm-none-eabi/12.3.1/thumb/v6-m/nofp\libgcc.a(_fixunsdfsi.o)
                0x080005cc                __aeabi_d2uiz
                0x080005cc                __fixunsdfsi
 .text          0x08000608       0x38 C:/ST/STM32CubeIDE_1.17.0/STM32CubeIDE/plugins/com.st.stm32cube.ide.mcu.externaltools.gnu-tools-for-stm32.12.3.rel1.win32_1.1.0.202410251130/tools/bin/../lib/gcc/arm-none-eabi/12.3.1/thumb/v6-m/nofp\libgcc.a(_fixdfdi.o)
                0x08000608                __fixdfdi
                0x08000608                __aeabi_d2lz
 .text          0x08000640       0x3c C:/ST/STM32CubeIDE_1.17.0/STM32CubeIDE/plugins/com.st.stm32cube.ide.mcu.externaltools.gnu-tools-for-stm32.12.3.rel1.win32_1.1.0.202410251130/tools/bin/../lib/gcc/arm-none-eabi/12.3.1/thumb/v6-m/nofp\libgcc.a(_fixunsdfdi.o)
                0x08000640                __fixunsdfdi
                0x08000640                __aeabi_d2ulz
 .text          0x0800067c       0x2c C:/ST/STM32CubeIDE_1.17.0/STM32CubeIDE/plugins/com.st.stm32cube.ide.mcu.externaltools.gnu-tools-for-stm32.12.3.rel1.win32_1.1.0.202410251130/tools/bin/../lib/gcc/arm-none-eabi/12.3.1/thumb/v6-m/nofp\libgcc.a(_floatdidf.o)
                0x0800067c                __aeabi_l2d
                0x0800067c                __floatdidf
 .text          0x080006a8      0x198 C:/ST/STM32CubeIDE_1.17.0/STM32CubeIDE/plugins/com.st.stm32cube.ide.mcu.externaltools.gnu-tools-for-stm32.12.3.rel1.win32_1.1.0.202410251130/tools/bin/../lib/gcc/arm-none-eabi/12.3.1/thumb/v6-m/nofp\libgcc.a(_udivmoddi4.o)
                0x080006a8                __udivmoddi4
 .text          0x08000840       0x50 C:/ST/STM32CubeIDE_1.17.0/STM32CubeIDE/plugins/com.st.stm32cube.ide.mcu.externaltools.gnu-tools-for-stm32.12.3.rel1.win32_1.1.0.202410251130/tools/bin/../lib/gcc/arm-none-eabi/12.3.1/thumb/v6-m/nofp\libgcc.a(eqsf2.o)
                0x08000840                __eqsf2
                0x08000840                __nesf2
 .text          0x08000890       0xa0 C:/ST/STM32CubeIDE_1.17.0/STM32CubeIDE/plugins/com.st.stm32cube.ide.mcu.externaltools.gnu-tools-for-stm32.12.3.rel1.win32_1.1.0.202410251130/tools/bin/../lib/gcc/arm-none-eabi/12.3.1/thumb/v6-m/nofp\libgcc.a(gesf2.o)
                0x08000890                __gesf2
                0x08000890                __gtsf2
 .text          0x08000930       0x9c C:/ST/STM32CubeIDE_1.17.0/STM32CubeIDE/plugins/com.st.stm32cube.ide.mcu.externaltools.gnu-tools-for-stm32.12.3.rel1.win32_1.1.0.202410251130/tools/bin/../lib/gcc/arm-none-eabi/12.3.1/thumb/v6-m/nofp\libgcc.a(lesf2.o)
                0x08000930                __ltsf2
                0x08000930                __lesf2
 .text          0x080009cc      0x27c C:/ST/STM32CubeIDE_1.17.0/STM32CubeIDE/plugins/com.st.stm32cube.ide.mcu.externaltools.gnu-tools-for-stm32.12.3.rel1.win32_1.1.0.202410251130/tools/bin/../lib/gcc/arm-none-eabi/12.3.1/thumb/v6-m/nofp\libgcc.a(mulsf3.o)
                0x080009cc                __aeabi_fmul
 .text          0x08000c48      0x6c8 C:/ST/STM32CubeIDE_1.17.0/STM32CubeIDE/plugins/com.st.stm32cube.ide.mcu.externaltools.gnu-tools-for-stm32.12.3.rel1.win32_1.1.0.202410251130/tools/bin/../lib/gcc/arm-none-eabi/12.3.1/thumb/v6-m/nofp\libgcc.a(adddf3.o)
                0x08000c48                __aeabi_dadd
 .text          0x08001310      0x634 C:/ST/STM32CubeIDE_1.17.0/STM32CubeIDE/plugins/com.st.stm32cube.ide.mcu.externaltools.gnu-tools-for-stm32.12.3.rel1.win32_1.1.0.202410251130/tools/bin/../lib/gcc/arm-none-eabi/12.3.1/thumb/v6-m/nofp\libgcc.a(divdf3.o)
                0x08001310                __aeabi_ddiv
 .text          0x08001944       0x88 C:/ST/STM32CubeIDE_1.17.0/STM32CubeIDE/plugins/com.st.stm32cube.ide.mcu.externaltools.gnu-tools-for-stm32.12.3.rel1.win32_1.1.0.202410251130/tools/bin/../lib/gcc/arm-none-eabi/12.3.1/thumb/v6-m/nofp\libgcc.a(eqdf2.o)
                0x08001944                __nedf2
                0x08001944                __eqdf2
 .text          0x080019cc       0xe8 C:/ST/STM32CubeIDE_1.17.0/STM32CubeIDE/plugins/com.st.stm32cube.ide.mcu.externaltools.gnu-tools-for-stm32.12.3.rel1.win32_1.1.0.202410251130/tools/bin/../lib/gcc/arm-none-eabi/12.3.1/thumb/v6-m/nofp\libgcc.a(gedf2.o)
                0x080019cc                __gedf2
                0x080019cc                __gtdf2
 .text          0x08001ab4       0xe4 C:/ST/STM32CubeIDE_1.17.0/STM32CubeIDE/plugins/com.st.stm32cube.ide.mcu.externaltools.gnu-tools-for-stm32.12.3.rel1.win32_1.1.0.202410251130/tools/bin/../lib/gcc/arm-none-eabi/12.3.1/thumb/v6-m/nofp\libgcc.a(ledf2.o)
                0x08001ab4                __ledf2
                0x08001ab4                __ltdf2
 .text          0x08001b98      0x590 C:/ST/STM32CubeIDE_1.17.0/STM32CubeIDE/plugins/com.st.stm32cube.ide.mcu.externaltools.gnu-tools-for-stm32.12.3.rel1.win32_1.1.0.202410251130/tools/bin/../lib/gcc/arm-none-eabi/12.3.1/thumb/v6-m/nofp\libgcc.a(muldf3.o)
                0x08001b98                __aeabi_dmul
 .text          0x08002128      0x738 C:/ST/STM32CubeIDE_1.17.0/STM32CubeIDE/plugins/com.st.stm32cube.ide.mcu.externaltools.gnu-tools-for-stm32.12.3.rel1.win32_1.1.0.202410251130/tools/bin/../lib/gcc/arm-none-eabi/12.3.1/thumb/v6-m/nofp\libgcc.a(subdf3.o)
                0x08002128                __aeabi_dsub
 .text          0x08002860       0x44 C:/ST/STM32CubeIDE_1.17.0/STM32CubeIDE/plugins/com.st.stm32cube.ide.mcu.externaltools.gnu-tools-for-stm32.12.3.rel1.win32_1.1.0.202410251130/tools/bin/../lib/gcc/arm-none-eabi/12.3.1/thumb/v6-m/nofp\libgcc.a(unorddf2.o)
                0x08002860                __aeabi_dcmpun
 .text          0x080028a4       0x78 C:/ST/STM32CubeIDE_1.17.0/STM32CubeIDE/plugins/com.st.stm32cube.ide.mcu.externaltools.gnu-tools-for-stm32.12.3.rel1.win32_1.1.0.202410251130/tools/bin/../lib/gcc/arm-none-eabi/12.3.1/thumb/v6-m/nofp\libgcc.a(fixdfsi.o)
                0x080028a4                __aeabi_d2iz
 .text          0x0800291c       0x5c C:/ST/STM32CubeIDE_1.17.0/STM32CubeIDE/plugins/com.st.stm32cube.ide.mcu.externaltools.gnu-tools-for-stm32.12.3.rel1.win32_1.1.0.202410251130/tools/bin/../lib/gcc/arm-none-eabi/12.3.1/thumb/v6-m/nofp\libgcc.a(floatsidf.o)
                0x0800291c                __aeabi_i2d
 .text          0x08002978       0x48 C:/ST/STM32CubeIDE_1.17.0/STM32CubeIDE/plugins/com.st.stm32cube.ide.mcu.externaltools.gnu-tools-for-stm32.12.3.rel1.win32_1.1.0.202410251130/tools/bin/../lib/gcc/arm-none-eabi/12.3.1/thumb/v6-m/nofp\libgcc.a(floatunsidf.o)
                0x08002978                __aeabi_ui2d
 .text          0x080029c0       0x90 C:/ST/STM32CubeIDE_1.17.0/STM32CubeIDE/plugins/com.st.stm32cube.ide.mcu.externaltools.gnu-tools-for-stm32.12.3.rel1.win32_1.1.0.202410251130/tools/bin/../lib/gcc/arm-none-eabi/12.3.1/thumb/v6-m/nofp\libgcc.a(extendsfdf2.o)
                0x080029c0                __aeabi_f2d
 .text          0x08002a50      0x108 C:/ST/STM32CubeIDE_1.17.0/STM32CubeIDE/plugins/com.st.stm32cube.ide.mcu.externaltools.gnu-tools-for-stm32.12.3.rel1.win32_1.1.0.202410251130/tools/bin/../lib/gcc/arm-none-eabi/12.3.1/thumb/v6-m/nofp\libgcc.a(truncdfsf2.o)
                0x08002a50                __aeabi_d2f
 .text          0x08002b58       0x3c C:/ST/STM32CubeIDE_1.17.0/STM32CubeIDE/plugins/com.st.stm32cube.ide.mcu.externaltools.gnu-tools-for-stm32.12.3.rel1.win32_1.1.0.202410251130/tools/bin/../lib/gcc/arm-none-eabi/12.3.1/thumb/v6-m/nofp\libgcc.a(_clzsi2.o)
                0x08002b58                __clzsi2
 .text          0x08002b94       0x18 C:/ST/STM32CubeIDE_1.17.0/STM32CubeIDE/plugins/com.st.stm32cube.ide.mcu.externaltools.gnu-tools-for-stm32.12.3.rel1.win32_1.1.0.202410251130/tools/bin/../lib/gcc/arm-none-eabi/12.3.1/thumb/v6-m/nofp\libgcc.a(_clzdi2.o)
                0x08002b94                __clzdi2
 *(.text*)
 .text.__NVIC_SystemReset
                0x08002bac       0x24 BOS\BOS.o
 .text.LoadEEvars
                0x08002bd0       0x2a BOS\BOS.o
                0x08002bd0                LoadEEvars
 *fill*         0x08002bfa        0x2 
 .text.LoadROtopology
                0x08002bfc       0xfc BOS\BOS.o
                0x08002bfc                LoadROtopology
 .text.LoadEEportsDir
                0x08002cf8       0x68 BOS\BOS.o
                0x08002cf8                LoadEEportsDir
 .text.LoadEEalias
                0x08002d60       0xd8 BOS\BOS.o
                0x08002d60                LoadEEalias
 .text.LoadEEgroup
                0x08002e38      0x120 BOS\BOS.o
                0x08002e38                LoadEEgroup
 .text.LoadEEstreams
                0x08002f58      0x228 BOS\BOS.o
                0x08002f58                LoadEEstreams
 .text.LoadEEparams
                0x08003180      0x2e4 BOS\BOS.o
                0x08003180                LoadEEparams
 .text.LoadEEbuttons
                0x08003464      0x124 BOS\BOS.o
                0x08003464                LoadEEbuttons
 .text.LoadROsnippets
                0x08003588      0x1d8 BOS\BOS.o
                0x08003588                LoadROsnippets
 .text.SaveEEportsDir
                0x08003760       0x78 BOS\BOS.o
                0x08003760                SaveEEportsDir
 .text.SaveEEalias
                0x080037d8       0xd0 BOS\BOS.o
                0x080037d8                SaveEEalias
 .text.SaveEEstreams
                0x080038a8       0xdc BOS\BOS.o
                0x080038a8                SaveEEstreams
 .text.SaveEEparams
                0x08003984       0xb4 BOS\BOS.o
                0x08003984                SaveEEparams
 .text.ClearEEportsDir
                0x08003a38       0x84 BOS\BOS.o
                0x08003a38                ClearEEportsDir
 .text.IsLowerCLIbaud
                0x08003abc       0xe8 BOS\BOS.o
                0x08003abc                IsLowerCLIbaud
 .text.IsModuleParameter
                0x08003ba4       0x64 BOS\BOS.o
                0x08003ba4                IsModuleParameter
 .text.IsMathOperator
                0x08003c08       0xc4 BOS\BOS.o
                0x08003c08                IsMathOperator
 .text.BOS_Init
                0x08003ccc      0x130 BOS\BOS.o
                0x08003ccc                BOS_Init
 .text.Module_Init
                0x08003dfc       0x1e BOS\BOS.o
                0x08003dfc                Module_Init
 *fill*         0x08003e1a        0x2 
 .text.Explore  0x08003e1c      0x9b0 BOS\BOS.o
                0x08003e1c                Explore
 .text.ExploreNeighbors
                0x080047cc       0x90 BOS\BOS.o
                0x080047cc                ExploreNeighbors
 .text.FindBroadcastRoutes
                0x0800485c      0x3b0 BOS\BOS.o
                0x0800485c                FindBroadcastRoutes
 .text.FindRoute
                0x08004c0c      0x2d8 BOS\BOS.o
                0x08004c0c                FindRoute
 .text.minArr   0x08004ee4       0x88 BOS\BOS.o
                0x08004ee4                minArr
 .text.QnotEmpty
                0x08004f6c       0x50 BOS\BOS.o
                0x08004f6c                QnotEmpty
 .text.DisplayTopology
                0x08004fbc      0x258 BOS\BOS.o
                0x08004fbc                DisplayTopology
 .text.DisplayPortsDir
                0x08005214      0x118 BOS\BOS.o
                0x08005214                DisplayPortsDir
 .text.DisplayModuleStatus
                0x0800532c      0x3b4 BOS\BOS.o
                0x0800532c                DisplayModuleStatus
 .text.GetID    0x080056e0      0x15c BOS\BOS.o
                0x080056e0                GetID
 .text.NameModule
                0x0800583c      0x140 BOS\BOS.o
                0x0800583c                NameModule
 .text.AddModuleToGroup
                0x0800597c      0x1b8 BOS\BOS.o
                0x0800597c                AddModuleToGroup
 .text.WriteToRemote
                0x08005b34      0x418 BOS\BOS.o
                0x08005b34                WriteToRemote
 .text.GetDateString
                0x08005f4c       0x5c BOS\BOS.o
                0x08005f4c                GetDateString
 .text.Bridge   0x08005fa8       0x4c BOS\BOS.o
                0x08005fa8                Bridge
 .text.Unbridge
                0x08005ff4       0xbc BOS\BOS.o
                0x08005ff4                Unbridge
 .text.prvCLITask
                0x080060b0      0x254 BOS\BOS_CLI.o
                0x080060b0                prvCLITask
 .text.CLI_CommandParser
                0x08006304      0x57c BOS\BOS_CLI.o
                0x08006304                CLI_CommandParser
 .text.StringToLowerCase
                0x08006880       0x6c BOS\BOS_CLI.o
                0x08006880                StringToLowerCase
 .text.AddSnippet
                0x080068ec      0x118 BOS\BOS_CLI.o
                0x080068ec                AddSnippet
 .text.ParseSnippetCondition
                0x08006a04      0x298 BOS\BOS_CLI.o
                0x08006a04                ParseSnippetCondition
 .text.CheckSnippetCondition
                0x08006c9c      0x1cc BOS\BOS_CLI.o
                0x08006c9c                CheckSnippetCondition
 .text.ExecuteSnippet
                0x08006e68       0xdc BOS\BOS_CLI.o
                0x08006e68                ExecuteSnippet
 .text.ParseSnippetCommand
                0x08006f44       0xe0 BOS\BOS_CLI.o
                0x08006f44                ParseSnippetCommand
 .text.__NVIC_SystemReset
                0x08007024       0x24 BOS\BOS_CLIcommands.o
 .text.RegisterUserCLICommands
                0x08007048        0xa BOS\BOS_CLIcommands.o
                0x08007048                RegisterUserCLICommands
 *fill*         0x08007052        0x2 
 .text.vRegisterCLICommands
                0x08007054      0x1a4 BOS\BOS_CLIcommands.o
                0x08007054                vRegisterCLICommands
 .text.prvTaskStatsCommand
                0x080071f8       0x40 BOS\BOS_CLIcommands.o
 .text.prvRunTimeStatsCommand
                0x08007238       0x40 BOS\BOS_CLIcommands.o
 .text.pingCommand
                0x08007278       0x98 BOS\BOS_CLIcommands.o
 .text.bootloaderUpdateCommand
                0x08007310      0x200 BOS\BOS_CLIcommands.o
 .text.exploreCommand
                0x08007510       0xf8 BOS\BOS_CLIcommands.o
 .text.resetCommand
                0x08007608       0x10 BOS\BOS_CLIcommands.o
 .text.nameCommand
                0x08007618       0xe8 BOS\BOS_CLIcommands.o
 .text.groupCommand
                0x08007700      0x2fc BOS\BOS_CLIcommands.o
 .text.statusCommand
                0x080079fc       0x1c BOS\BOS_CLIcommands.o
 .text.infoCommand
                0x08007a18       0xfc BOS\BOS_CLIcommands.o
 .text.addbuttonCommand
                0x08007b14      0x150 BOS\BOS_CLIcommands.o
 .text.removebuttonCommand
                0x08007c64       0x94 BOS\BOS_CLIcommands.o
 .text.setCommand
                0x08007cf8      0xba8 BOS\BOS_CLIcommands.o
 .text.getCommand
                0x080088a0      0x39c BOS\BOS_CLIcommands.o
 .text.defaultCommand
                0x08008c3c       0xf8 BOS\BOS_CLIcommands.o
 .text.timeCommand
                0x08008d34       0xd8 BOS\BOS_CLIcommands.o
 .text.dateCommand
                0x08008e0c       0x34 BOS\BOS_CLIcommands.o
 .text.setBaudrateCommand
                0x08008e40       0xc0 BOS\BOS_CLIcommands.o
 .text.uuidCommand
                0x08008f00       0x90 BOS\BOS_CLIcommands.o
 .text.idcodeCommand
                0x08008f90       0x7c BOS\BOS_CLIcommands.o
 .text.flashsizeCommand
                0x0800900c       0x34 BOS\BOS_CLIcommands.o
 .text.snipCommand
                0x08009040      0x2dc BOS\BOS_CLIcommands.o
 .text.actSnipCommand
                0x0800931c       0xb8 BOS\BOS_CLIcommands.o
 .text.pauseSnipCommand
                0x080093d4       0xb8 BOS\BOS_CLIcommands.o
 .text.delSnipCommand
                0x0800948c      0x1d4 BOS\BOS_CLIcommands.o
 .text.bridgeCommand
                0x08009660      0x11c BOS\BOS_CLIcommands.o
 .text.unbridgeCommand
                0x0800977c      0x11c BOS\BOS_CLIcommands.o
 .text.testportCommand
                0x08009898      0x2d8 BOS\BOS_CLIcommands.o
 .text.ADCReadCommand
                0x08009b70      0x12c BOS\BOS_CLIcommands.o
 .text.ReadTempCommand
                0x08009c9c       0x54 BOS\BOS_CLIcommands.o
 .text.ReadVrefCommand
                0x08009cf0       0x54 BOS\BOS_CLIcommands.o
 .text.GetReadPercentageCommand
                0x08009d44      0x104 BOS\BOS_CLIcommands.o
 .text.StartDMAstream
                0x08009e48       0xb0 BOS\BOS_dma.o
                0x08009e48                StartDMAstream
 .text.DMA_IRQHandler
                0x08009ef8      0x118 BOS\BOS_dma.o
                0x08009ef8                DMA_IRQHandler
 .text.ResetUartORE
                0x0800a010       0x48 BOS\BOS_dma.o
                0x0800a010                ResetUartORE
 .text.MX_FREERTOS_Init
                0x0800a058      0x214 BOS\BOS_freertos.o
                0x0800a058                MX_FREERTOS_Init
 .text.StartDefaultTask
                0x0800a26c       0xf8 BOS\BOS_freertos.o
                0x0800a26c                StartDefaultTask
 .text.vMainConfigureTimerForRunTimeStats
                0x0800a364       0x2c BOS\BOS_freertos.o
                0x0800a364                vMainConfigureTimerForRunTimeStats
 .text.ulMainGetRunTimeCounterValue
                0x0800a390       0x9c BOS\BOS_freertos.o
                0x0800a390                ulMainGetRunTimeCounterValue
 .text.SetupDMAStreams
                0x0800a42c      0x3c8 BOS\BOS_messaging.o
                0x0800a42c                SetupDMAStreams
 .text.StreamTimerCallback
                0x0800a7f4       0xa4 BOS\BOS_messaging.o
                0x0800a7f4                StreamTimerCallback
 .text.ForwardReceivedMessage
                0x0800a898       0x8c BOS\BOS_messaging.o
                0x0800a898                ForwardReceivedMessage
 .text.BroadcastReceivedMessage
                0x0800a924       0x70 BOS\BOS_messaging.o
                0x0800a924                BroadcastReceivedMessage
 .text.NotifyMessagingTask
                0x0800a994       0x90 BOS\BOS_messaging.o
                0x0800a994                NotifyMessagingTask
 .text.BroadcastMessage
                0x0800aa24       0x94 BOS\BOS_messaging.o
                0x0800aa24                BroadcastMessage
 .text.SendMessageToModule
                0x0800aab8       0xa4 BOS\BOS_messaging.o
                0x0800aab8                SendMessageToModule
 .text.SendLargeMessageToModule
                0x0800ab5c      0x10c BOS\BOS_messaging.o
                0x0800ab5c                SendLargeMessageToModule
 .text.SendMessageFromPort
                0x0800ac68      0x4e0 BOS\BOS_messaging.o
                0x0800ac68                SendMessageFromPort
 .text.StartScastDMAStream
                0x0800b148      0x314 BOS\BOS_messaging.o
                0x0800b148                StartScastDMAStream
 .text.__NVIC_SystemReset
                0x0800b45c       0x24 BOS\BOS_msgparser.o
 .text.BackEndTask
                0x0800b480      0xbb8 BOS\BOS_msgparser.o
                0x0800b480                BackEndTask
 .text.PxMessagingTask
                0x0800c038     0x48d4 BOS\BOS_msgparser.o
                0x0800c038                PxMessagingTask
 .text.User_MessagingParser
                0x0801090c       0x3a BOS\BOS_msgparser.o
                0x0801090c                User_MessagingParser
 .text.SystemClock_Config
                0x08010946       0xb4 H0FR7\H0FR7.o
                0x08010946                SystemClock_Config
 *fill*         0x080109fa        0x2 
 .text.EnableStopModebyUARTx
                0x080109fc       0xb8 H0FR7\H0FR7.o
                0x080109fc                EnableStopModebyUARTx
 .text.EnableStandbyModebyWakeupPinx
                0x08010ab4       0x64 H0FR7\H0FR7.o
                0x08010ab4                EnableStandbyModebyWakeupPinx
 .text.DisableStandbyModeWakeupPinx
                0x08010b18       0x98 H0FR7\H0FR7.o
                0x08010b18                DisableStandbyModeWakeupPinx
 .text.SaveTopologyToRO
                0x08010bb0      0x1bc H0FR7\H0FR7.o
                0x08010bb0                SaveTopologyToRO
 .text.SaveSnippetsToRO
                0x08010d6c      0x1f8 H0FR7\H0FR7.o
                0x08010d6c                SaveSnippetsToRO
 .text.ClearROtopology
                0x08010f64       0x38 H0FR7\H0FR7.o
                0x08010f64                ClearROtopology
 .text.RemoteBootloaderUpdate
                0x08010f9c      0x178 H0FR7\H0FR7.o
                0x08010f9c                RemoteBootloaderUpdate
 .text.SetupPortForRemoteBootloaderUpdate
                0x08011114       0x52 H0FR7\H0FR7.o
                0x08011114                SetupPortForRemoteBootloaderUpdate
 *fill*         0x08011166        0x2 
 .text.Module_Peripheral_Init
                0x08011168      0x15c H0FR7\H0FR7.o
                0x08011168                Module_Peripheral_Init
 .text.Module_MessagingTask
                0x080112c4       0x4e H0FR7\H0FR7.o
                0x080112c4                Module_MessagingTask
 *fill*         0x08011312        0x2 
 .text.GetPort  0x08011314       0x80 H0FR7\H0FR7.o
                0x08011314                GetPort
 .text.RegisterModuleCLICommands
                0x08011394        0xa H0FR7\H0FR7.o
                0x08011394                RegisterModuleCLICommands
 .text.GetModuleParameter
                0x0801139e       0x2a H0FR7\H0FR7.o
                0x0801139e                GetModuleParameter
 .text.DMA_Init
                0x080113c8       0x74 H0FR7\H0FR7_dma.o
                0x080113c8                DMA_Init
 .text.SetupMessagingRxDMAs
                0x0801143c       0xf4 H0FR7\H0FR7_dma.o
                0x0801143c                SetupMessagingRxDMAs
 .text.DMA_MSG_RX_Setup
                0x08011530       0x68 H0FR7\H0FR7_dma.o
                0x08011530                DMA_MSG_RX_Setup
 .text.DMA_STREAM_Setup
                0x08011598       0xf0 H0FR7\H0FR7_dma.o
                0x08011598                DMA_STREAM_Setup
 .text.StopDMA  0x08011688       0x98 H0FR7\H0FR7_dma.o
                0x08011688                StopDMA
 .text.SwitchMsgDMAToStream
                0x08011720       0x52 H0FR7\H0FR7_dma.o
                0x08011720                SwitchMsgDMAToStream
 *fill*         0x08011772        0x2 
 .text.SwitchStreamDMAToMsg
                0x08011774       0xc8 H0FR7\H0FR7_dma.o
                0x08011774                SwitchStreamDMAToMsg
 .text.CRC_Init
                0x0801183c       0x44 H0FR7\H0FR7_dma.o
                0x0801183c                CRC_Init
 .text.HAL_CRC_MspInit
                0x08011880       0x30 H0FR7\H0FR7_dma.o
                0x08011880                HAL_CRC_MspInit
 .text.CalculateCRC8
                0x080118b0      0x154 H0FR7\H0FR7_dma.o
                0x080118b0                CalculateCRC8
 .text.__NVIC_SystemReset
                0x08011a04       0x24 H0FR7\H0FR7_eeprom.o
 .text.EE_Init  0x08011a28       0x56 H0FR7\H0FR7_eeprom.o
                0x08011a28                EE_Init
 .text.EE_ReadVariable
                0x08011a7e       0x42 H0FR7\H0FR7_eeprom.o
                0x08011a7e                EE_ReadVariable
 .text.EE_WriteVariable
                0x08011ac0       0x72 H0FR7\H0FR7_eeprom.o
                0x08011ac0                EE_WriteVariable
 .text.EE_Format
                0x08011b32       0x3a H0FR7\H0FR7_eeprom.o
                0x08011b32                EE_Format
 .text.EE_FormatForFactoryReset
                0x08011b6c       0x2c H0FR7\H0FR7_eeprom.o
                0x08011b6c                EE_FormatForFactoryReset
 .text.GPIO_Init
                0x08011b98       0x90 H0FR7\H0FR7_gpio.o
                0x08011b98                GPIO_Init
 .text.IND_LED_Init
                0x08011c28       0x38 H0FR7\H0FR7_gpio.o
                0x08011c28                IND_LED_Init
 .text.IsFactoryReset
                0x08011c60      0x15c H0FR7\H0FR7_gpio.o
                0x08011c60                IsFactoryReset
 .text.GetPortGPIOs
                0x08011dbc      0x11c H0FR7\H0FR7_gpio.o
                0x08011dbc                GetPortGPIOs
 .text.MX_ADC_Init
                0x08011ed8       0x88 H0FR7\H0FR7_inputs.o
                0x08011ed8                MX_ADC_Init
 .text.HAL_ADC_MspInit
                0x08011f60       0xa8 H0FR7\H0FR7_inputs.o
                0x08011f60                HAL_ADC_MspInit
 .text.Error_Handler
                0x08012008       0x10 H0FR7\H0FR7_inputs.o
                0x08012008                Error_Handler
 .text.GetChannel
                0x08012018       0xa8 H0FR7\H0FR7_inputs.o
                0x08012018                GetChannel
 .text.GetRank  0x080120c0       0xa4 H0FR7\H0FR7_inputs.o
                0x080120c0                GetRank
 .text.CheckAttachedButtons
                0x08012164      0x580 H0FR7\H0FR7_inputs.o
                0x08012164                CheckAttachedButtons
 .text.AddPortButton
                0x080126e4      0x268 H0FR7\H0FR7_inputs.o
                0x080126e4                AddPortButton
 .text.RemovePortButton
                0x0801294c      0x194 H0FR7\H0FR7_inputs.o
                0x0801294c                RemovePortButton
 .text.SetButtonEvents
                0x08012ae0      0x174 H0FR7\H0FR7_inputs.o
                0x08012ae0                SetButtonEvents
 .text.ADCSelectPort
                0x08012c54       0x8c H0FR7\H0FR7_inputs.o
                0x08012c54                ADCSelectPort
 .text.ReadADCChannel
                0x08012ce0      0x154 H0FR7\H0FR7_inputs.o
                0x08012ce0                ReadADCChannel
 .text.ReadTempAndVref
                0x08012e34      0x1d0 H0FR7\H0FR7_inputs.o
                0x08012e34                ReadTempAndVref
 .text.GetReadPercentage
                0x08013004       0x7c H0FR7\H0FR7_inputs.o
                0x08013004                GetReadPercentage
 .text.buttonReleasedCallback
                0x08013080       0x14 H0FR7\H0FR7_inputs.o
                0x08013080                buttonReleasedCallback
 .text.buttonClickedCallback
                0x08013094       0x14 H0FR7\H0FR7_inputs.o
                0x08013094                buttonClickedCallback
 .text.buttonDblClickedCallback
                0x080130a8       0x14 H0FR7\H0FR7_inputs.o
                0x080130a8                buttonDblClickedCallback
 .text.__NVIC_SystemReset
                0x080130bc       0x24 H0FR7\H0FR7_it.o
 .text.SysTick_Handler
                0x080130e0       0x12 H0FR7\H0FR7_it.o
                0x080130e0                SysTick_Handler
 *fill*         0x080130f2        0x2 
 .text.HardFault_Handler
                0x080130f4       0x40 H0FR7\H0FR7_it.o
                0x080130f4                HardFault_Handler
 .text.HAL_UARTEx_RxEventCallback
                0x08013134       0x74 H0FR7\H0FR7_it.o
                0x08013134                HAL_UARTEx_RxEventCallback
 .text.USART1_IRQHandler
                0x080131a8       0xac H0FR7\H0FR7_it.o
                0x080131a8                USART1_IRQHandler
 .text.USART2_LPUART2_IRQHandler
                0x08013254       0xac H0FR7\H0FR7_it.o
                0x08013254                USART2_LPUART2_IRQHandler
 .text.USART3_4_5_6_LPUART1_IRQHandler
                0x08013300      0x1bc H0FR7\H0FR7_it.o
                0x08013300                USART3_4_5_6_LPUART1_IRQHandler
 .text.DMA1_Channel1_IRQHandler
                0x080134bc       0x20 H0FR7\H0FR7_it.o
                0x080134bc                DMA1_Channel1_IRQHandler
 .text.DMA1_Channel2_3_IRQHandler
                0x080134dc       0x54 H0FR7\H0FR7_it.o
                0x080134dc                DMA1_Channel2_3_IRQHandler
 .text.DMA1_Ch4_7_DMA2_Ch1_5_DMAMUX1_OVR_IRQHandler
                0x08013530       0x5c H0FR7\H0FR7_it.o
                0x08013530                DMA1_Ch4_7_DMA2_Ch1_5_DMAMUX1_OVR_IRQHandler
 .text.HAL_UART_TxCpltCallback
                0x0801358c       0x38 H0FR7\H0FR7_it.o
                0x0801358c                HAL_UART_TxCpltCallback
 .text.HAL_UART_ErrorCallback
                0x080135c4       0xd4 H0FR7\H0FR7_it.o
                0x080135c4                HAL_UART_ErrorCallback
 .text.HAL_UART_RxCpltCallback
                0x08013698       0x10 H0FR7\H0FR7_it.o
                0x08013698                HAL_UART_RxCpltCallback
 .text.HAL_UARTEx_WakeupCallback
                0x080136a8       0x5c H0FR7\H0FR7_it.o
                0x080136a8                HAL_UARTEx_WakeupCallback
 .text.vApplicationStackOverflowHook
                0x08013704       0x44 H0FR7\H0FR7_it.o
                0x08013704                vApplicationStackOverflowHook
 .text.vApplicationMallocFailedHook
                0x08013748       0x40 H0FR7\H0FR7_it.o
                0x08013748                vApplicationMallocFailedHook
 .text.RTC_Init
                0x08013788       0xd8 H0FR7\H0FR7_rtc.o
                0x08013788                RTC_Init
 .text.RTC_CalendarConfig
                0x08013860      0x18c H0FR7\H0FR7_rtc.o
                0x08013860                RTC_CalendarConfig
 .text.BOS_CalendarConfig
                0x080139ec      0x194 H0FR7\H0FR7_rtc.o
                0x080139ec                BOS_CalendarConfig
 .text.GetTimeDate
                0x08013b80       0x90 H0FR7\H0FR7_rtc.o
                0x08013b80                GetTimeDate
 .text.HAL_RTC_MspInit
                0x08013c10       0x74 H0FR7\H0FR7_rtc.o
                0x08013c10                HAL_RTC_MspInit
 .text.HAL_RTC_MspDeInit
                0x08013c84       0x44 H0FR7\H0FR7_rtc.o
                0x08013c84                HAL_RTC_MspDeInit
 .text.TIM_USEC_Init
                0x08013cc8       0x74 H0FR7\H0FR7_timers.o
                0x08013cc8                TIM_USEC_Init
 .text.TIM_MSEC_Init
                0x08013d3c       0x78 H0FR7\H0FR7_timers.o
                0x08013d3c                TIM_MSEC_Init
 .text.StartMicroDelay
                0x08013db4       0x48 H0FR7\H0FR7_timers.o
                0x08013db4                StartMicroDelay
 .text.StartMilliDelay
                0x08013dfc       0x48 H0FR7\H0FR7_timers.o
                0x08013dfc                StartMilliDelay
 .text.MX_USART1_UART_Init
                0x08013e44       0x7c H0FR7\H0FR7_uart.o
                0x08013e44                MX_USART1_UART_Init
 .text.MX_USART2_UART_Init
                0x08013ec0       0x7c H0FR7\H0FR7_uart.o
                0x08013ec0                MX_USART2_UART_Init
 .text.MX_USART3_UART_Init
                0x08013f3c       0x7c H0FR7\H0FR7_uart.o
                0x08013f3c                MX_USART3_UART_Init
 .text.MX_USART5_UART_Init
                0x08013fb8       0x60 H0FR7\H0FR7_uart.o
                0x08013fb8                MX_USART5_UART_Init
 .text.MX_USART6_UART_Init
                0x08014018       0x60 H0FR7\H0FR7_uart.o
                0x08014018                MX_USART6_UART_Init
 .text.HAL_UART_MspInit
                0x08014078      0x4ec H0FR7\H0FR7_uart.o
                0x08014078                HAL_UART_MspInit
 .text.writePxMutex
                0x08014564       0xac H0FR7\H0FR7_uart.o
                0x08014564                writePxMutex
 .text.writePxITMutex
                0x08014610       0x80 H0FR7\H0FR7_uart.o
                0x08014610                writePxITMutex
 .text.UpdateBaudrate
                0x08014690       0x3e H0FR7\H0FR7_uart.o
                0x08014690                UpdateBaudrate
 *fill*         0x080146ce        0x2 
 .text.GetUart  0x080146d0       0x54 H0FR7\H0FR7_uart.o
                0x080146d0                GetUart
 .text.SwapUartPins
                0x08014724      0x118 H0FR7\H0FR7_uart.o
                0x08014724                SwapUartPins
 .text.ReadPortsDir
                0x0801483c       0xa8 H0FR7\H0FR7_uart.o
                0x0801483c                ReadPortsDir
 .text.ReadPortsDirMSG
                0x080148e4       0x80 H0FR7\H0FR7_uart.o
                0x080148e4                ReadPortsDirMSG
 .text.UpdateMyPortsDir
                0x08014964       0x84 H0FR7\H0FR7_uart.o
                0x08014964                UpdateMyPortsDir
 .text.Reset_Handler
                0x080149e8       0x90 H0FR7\startup_stm32g0b1ceuxn.o
                0x080149e8                Reset_Handler
 .text.Default_Handler
                0x08014a78        0x2 H0FR7\startup_stm32g0b1ceuxn.o
                0x08014a78                I2C2_3_IRQHandler
                0x08014a78                TIM1_CC_IRQHandler
                0x08014a78                ADC1_COMP_IRQHandler
                0x08014a78                NMI_Handler
                0x08014a78                I2C1_IRQHandler
                0x08014a78                TIM7_LPTIM2_IRQHandler
                0x08014a78                TIM17_FDCAN_IT1_IRQHandler
                0x08014a78                RCC_CRS_IRQHandler
                0x08014a78                RTC_TAMP_IRQHandler
                0x08014a78                SPI1_IRQHandler
                0x08014a78                USB_UCPD1_2_IRQHandler
                0x08014a78                EXTI2_3_IRQHandler
                0x08014a78                PVD_VDDIO2_IRQHandler
                0x08014a78                EXTI4_15_IRQHandler
                0x08014a78                Default_Handler
                0x08014a78                CEC_IRQHandler
                0x08014a78                TIM14_IRQHandler
                0x08014a78                TIM15_IRQHandler
                0x08014a78                TIM3_TIM4_IRQHandler
                0x08014a78                EXTI0_1_IRQHandler
                0x08014a78                SPI2_3_IRQHandler
                0x08014a78                TIM6_DAC_LPTIM1_IRQHandler
                0x08014a78                WWDG_IRQHandler
                0x08014a78                TIM2_IRQHandler
                0x08014a78                FLASH_IRQHandler
                0x08014a78                TIM16_FDCAN_IT0_IRQHandler
                0x08014a78                TIM1_BRK_UP_TRG_COM_IRQHandler
 .text.SystemInit
                0x08014a7a        0xa Thirdparty\CMSIS\STM32G0xx\Device\ST\STM32G0xx\Source\Templates\system_stm32g0xx.o
                0x08014a7a                SystemInit
 .text.LL_CRC_ResetCRCCalculationUnit
                0x08014a84       0x1c Thirdparty\EEPROM_Emul\Core\eeprom_emul.o
 .text.LL_CRC_SetPolynomialSize
                0x08014aa0       0x24 Thirdparty\EEPROM_Emul\Core\eeprom_emul.o
 .text.LL_CRC_SetPolynomialCoef
                0x08014ac4       0x18 Thirdparty\EEPROM_Emul\Core\eeprom_emul.o
 .text.LL_CRC_FeedData32
                0x08014adc       0x18 Thirdparty\EEPROM_Emul\Core\eeprom_emul.o
 .text.LL_CRC_FeedData16
                0x08014af4       0x22 Thirdparty\EEPROM_Emul\Core\eeprom_emul.o
 .text.LL_CRC_ReadData16
                0x08014b16       0x16 Thirdparty\EEPROM_Emul\Core\eeprom_emul.o
 .text.LL_AHB1_GRP1_EnableClock
                0x08014b2c       0x2c Thirdparty\EEPROM_Emul\Core\eeprom_emul.o
 .text.EEPROM_Init
                0x08014b58     0x1874 Thirdparty\EEPROM_Emul\Core\eeprom_emul.o
                0x08014b58                EEPROM_Init
 .text.EEPROM_Format
                0x080163cc      0x2a8 Thirdparty\EEPROM_Emul\Core\eeprom_emul.o
                0x080163cc                EEPROM_Format
 .text.EE_ReadVariable16bits
                0x08016674       0x60 Thirdparty\EEPROM_Emul\Core\eeprom_emul.o
                0x08016674                EE_ReadVariable16bits
 .text.EE_WriteVariable16bits
                0x080166d4       0x48 Thirdparty\EEPROM_Emul\Core\eeprom_emul.o
                0x080166d4                EE_WriteVariable16bits
 .text.EE_CleanUp
                0x0801671c      0x2a4 Thirdparty\EEPROM_Emul\Core\eeprom_emul.o
                0x0801671c                EE_CleanUp
 .text.ReadVariable
                0x080169c0      0x340 Thirdparty\EEPROM_Emul\Core\eeprom_emul.o
 .text.WriteVariable
                0x08016d00       0x52 Thirdparty\EEPROM_Emul\Core\eeprom_emul.o
 .text.VerifyPageFullyErased
                0x08016d52       0x4e Thirdparty\EEPROM_Emul\Core\eeprom_emul.o
 .text.FindPage
                0x08016da0      0x444 Thirdparty\EEPROM_Emul\Core\eeprom_emul.o
 .text.PagesTransfer
                0x080171e4      0x8ec Thirdparty\EEPROM_Emul\Core\eeprom_emul.o
 .text.VerifyPagesFullWriteVariable
                0x08017ad0      0x1ac Thirdparty\EEPROM_Emul\Core\eeprom_emul.o
 .text.SetPageState
                0x08017c7c      0x364 Thirdparty\EEPROM_Emul\Core\eeprom_emul.o
 .text.GetPageState
                0x08017fe0       0xa0 Thirdparty\EEPROM_Emul\Core\eeprom_emul.o
 .text.ConfigureCrc
                0x08018080       0x34 Thirdparty\EEPROM_Emul\Core\eeprom_emul.o
                0x08018080                ConfigureCrc
 .text.CalculateCrc
                0x080180b4       0x48 Thirdparty\EEPROM_Emul\Core\eeprom_emul.o
                0x080180b4                CalculateCrc
 .text.FI_WriteDoubleWord
                0x080180fc       0x22 Thirdparty\EEPROM_Emul\Porting\STM32G0\flash_interface.o
                0x080180fc                FI_WriteDoubleWord
 *fill*         0x0801811e        0x2 
 .text.FI_PageErase
                0x08018120      0x120 Thirdparty\EEPROM_Emul\Porting\STM32G0\flash_interface.o
                0x08018120                FI_PageErase
 .text.FI_CacheFlush
                0x08018240        0xa Thirdparty\EEPROM_Emul\Porting\STM32G0\flash_interface.o
                0x08018240                FI_CacheFlush
 *fill*         0x0801824a        0x2 
 .text.GetBankNumber
                0x0801824c       0x90 Thirdparty\EEPROM_Emul\Porting\STM32G0\flash_interface.o
 .text.FI_CheckBankConfig
                0x080182dc       0x18 Thirdparty\EEPROM_Emul\Porting\STM32G0\flash_interface.o
                0x080182dc                FI_CheckBankConfig
 .text.inHandlerMode
                0x080182f4       0x1c Thirdparty\Middleware\STM32G0xx\FreeRTOS\Source\CMSIS_RTOS\cmsis_os.o
 .text.osKernelStart
                0x08018310       0x10 Thirdparty\Middleware\STM32G0xx\FreeRTOS\Source\CMSIS_RTOS\cmsis_os.o
                0x08018310                osKernelStart
 .text.osDelay  0x08018320       0x28 Thirdparty\Middleware\STM32G0xx\FreeRTOS\Source\CMSIS_RTOS\cmsis_os.o
                0x08018320                osDelay
 .text.osSemaphoreCreate
                0x08018348       0x4a Thirdparty\Middleware\STM32G0xx\FreeRTOS\Source\CMSIS_RTOS\cmsis_os.o
                0x08018348                osSemaphoreCreate
 *fill*         0x08018392        0x2 
 .text.osSemaphoreWait
                0x08018394       0x94 Thirdparty\Middleware\STM32G0xx\FreeRTOS\Source\CMSIS_RTOS\cmsis_os.o
                0x08018394                osSemaphoreWait
 .text.osSemaphoreRelease
                0x08018428       0x64 Thirdparty\Middleware\STM32G0xx\FreeRTOS\Source\CMSIS_RTOS\cmsis_os.o
                0x08018428                osSemaphoreRelease
 .text.osSystickHandler
                0x0801848c       0x18 Thirdparty\Middleware\STM32G0xx\FreeRTOS\Source\CMSIS_RTOS\cmsis_os.o
                0x0801848c                osSystickHandler
 .text.FreeRTOS_CLIRegisterCommand
                0x080184a4       0x50 Thirdparty\Middleware\STM32G0xx\FreeRTOS\Source\FreeRTOS_CLI.o
                0x080184a4                FreeRTOS_CLIRegisterCommand
 .text.FreeRTOS_CLIProcessCommand
                0x080184f4      0x11c Thirdparty\Middleware\STM32G0xx\FreeRTOS\Source\FreeRTOS_CLI.o
                0x080184f4                FreeRTOS_CLIProcessCommand
 .text.FreeRTOS_CLIGetOutputBuffer
                0x08018610       0x10 Thirdparty\Middleware\STM32G0xx\FreeRTOS\Source\FreeRTOS_CLI.o
                0x08018610                FreeRTOS_CLIGetOutputBuffer
 .text.FreeRTOS_CLIGetParameter
                0x08018620       0xbc Thirdparty\Middleware\STM32G0xx\FreeRTOS\Source\FreeRTOS_CLI.o
                0x08018620                FreeRTOS_CLIGetParameter
 .text.prvHelpCommand
                0x080186dc      0x154 Thirdparty\Middleware\STM32G0xx\FreeRTOS\Source\FreeRTOS_CLI.o
 .text.prvGetNumberOfParameters
                0x08018830       0x7a Thirdparty\Middleware\STM32G0xx\FreeRTOS\Source\FreeRTOS_CLI.o
 .text.vListInitialise
                0x080188aa       0x3c Thirdparty\Middleware\STM32G0xx\FreeRTOS\Source\list.o
                0x080188aa                vListInitialise
 .text.vListInitialiseItem
                0x080188e6       0x16 Thirdparty\Middleware\STM32G0xx\FreeRTOS\Source\list.o
                0x080188e6                vListInitialiseItem
 .text.vListInsertEnd
                0x080188fc       0x44 Thirdparty\Middleware\STM32G0xx\FreeRTOS\Source\list.o
                0x080188fc                vListInsertEnd
 .text.vListInsert
                0x08018940       0x6c Thirdparty\Middleware\STM32G0xx\FreeRTOS\Source\list.o
                0x08018940                vListInsert
 .text.uxListRemove
                0x080189ac       0x50 Thirdparty\Middleware\STM32G0xx\FreeRTOS\Source\list.o
                0x080189ac                uxListRemove
 .text.pxPortInitialiseStack
                0x080189fc       0x54 Thirdparty\Middleware\STM32G0xx\FreeRTOS\Source\portable\GCC\ARM_CM0\port.o
                0x080189fc                pxPortInitialiseStack
 .text.prvTaskExitError
                0x08018a50       0x1e Thirdparty\Middleware\STM32G0xx\FreeRTOS\Source\portable\GCC\ARM_CM0\port.o
 .text.SVC_Handler
                0x08018a6e        0xa Thirdparty\Middleware\STM32G0xx\FreeRTOS\Source\portable\GCC\ARM_CM0\port.o
                0x08018a6e                SVC_Handler
 *fill*         0x08018a78        0x8 
 .text.vPortStartFirstTask
                0x08018a80       0x38 Thirdparty\Middleware\STM32G0xx\FreeRTOS\Source\portable\GCC\ARM_CM0\port.o
 .text.xPortStartScheduler
                0x08018ab8       0x48 Thirdparty\Middleware\STM32G0xx\FreeRTOS\Source\portable\GCC\ARM_CM0\port.o
                0x08018ab8                xPortStartScheduler
 .text.vPortYield
                0x08018b00       0x20 Thirdparty\Middleware\STM32G0xx\FreeRTOS\Source\portable\GCC\ARM_CM0\port.o
                0x08018b00                vPortYield
 .text.vPortEnterCritical
                0x08018b20       0x24 Thirdparty\Middleware\STM32G0xx\FreeRTOS\Source\portable\GCC\ARM_CM0\port.o
                0x08018b20                vPortEnterCritical
 .text.vPortExitCritical
                0x08018b44       0x24 Thirdparty\Middleware\STM32G0xx\FreeRTOS\Source\portable\GCC\ARM_CM0\port.o
                0x08018b44                vPortExitCritical
 .text.ulSetInterruptMaskFromISR
                0x08018b68        0xc Thirdparty\Middleware\STM32G0xx\FreeRTOS\Source\portable\GCC\ARM_CM0\port.o
                0x08018b68                ulSetInterruptMaskFromISR
 .text.vClearInterruptMaskFromISR
                0x08018b74        0x8 Thirdparty\Middleware\STM32G0xx\FreeRTOS\Source\portable\GCC\ARM_CM0\port.o
                0x08018b74                vClearInterruptMaskFromISR
 *fill*         0x08018b7c        0x4 
 .text.PendSV_Handler
                0x08018b80       0x48 Thirdparty\Middleware\STM32G0xx\FreeRTOS\Source\portable\GCC\ARM_CM0\port.o
                0x08018b80                PendSV_Handler
 .text.xPortSysTickHandler
                0x08018bc8       0x34 Thirdparty\Middleware\STM32G0xx\FreeRTOS\Source\portable\GCC\ARM_CM0\port.o
                0x08018bc8                xPortSysTickHandler
 .text.vPortSetupTimerInterrupt
                0x08018bfc       0x44 Thirdparty\Middleware\STM32G0xx\FreeRTOS\Source\portable\GCC\ARM_CM0\port.o
                0x08018bfc                vPortSetupTimerInterrupt
 .text.pvPortMalloc
                0x08018c40      0x140 Thirdparty\Middleware\STM32G0xx\FreeRTOS\Source\portable\MemMang\heap_4.o
                0x08018c40                pvPortMalloc
 .text.vPortFree
                0x08018d80       0x80 Thirdparty\Middleware\STM32G0xx\FreeRTOS\Source\portable\MemMang\heap_4.o
                0x08018d80                vPortFree
 .text.prvHeapInit
                0x08018e00       0xc0 Thirdparty\Middleware\STM32G0xx\FreeRTOS\Source\portable\MemMang\heap_4.o
 .text.prvInsertBlockIntoFreeList
                0x08018ec0       0xb0 Thirdparty\Middleware\STM32G0xx\FreeRTOS\Source\portable\MemMang\heap_4.o
 .text.xQueueGenericReset
                0x08018f70       0x9e Thirdparty\Middleware\STM32G0xx\FreeRTOS\Source\queue.o
                0x08018f70                xQueueGenericReset
 .text.xQueueGenericCreate
                0x0801900e       0x52 Thirdparty\Middleware\STM32G0xx\FreeRTOS\Source\queue.o
                0x0801900e                xQueueGenericCreate
 .text.prvInitialiseNewQueue
                0x08019060       0x4e Thirdparty\Middleware\STM32G0xx\FreeRTOS\Source\queue.o
 .text.xQueueCreateCountingSemaphore
                0x080190ae       0x30 Thirdparty\Middleware\STM32G0xx\FreeRTOS\Source\queue.o
                0x080190ae                xQueueCreateCountingSemaphore
 .text.xQueueGenericSend
                0x080190de      0x12a Thirdparty\Middleware\STM32G0xx\FreeRTOS\Source\queue.o
                0x080190de                xQueueGenericSend
 .text.xQueueGenericSendFromISR
                0x08019208       0xa6 Thirdparty\Middleware\STM32G0xx\FreeRTOS\Source\queue.o
                0x08019208                xQueueGenericSendFromISR
 .text.xQueueGiveFromISR
                0x080192ae       0x96 Thirdparty\Middleware\STM32G0xx\FreeRTOS\Source\queue.o
                0x080192ae                xQueueGiveFromISR
 .text.xQueueReceive
                0x08019344      0x128 Thirdparty\Middleware\STM32G0xx\FreeRTOS\Source\queue.o
                0x08019344                xQueueReceive
 .text.xQueueSemaphoreTake
                0x0801946c      0x178 Thirdparty\Middleware\STM32G0xx\FreeRTOS\Source\queue.o
                0x0801946c                xQueueSemaphoreTake
 .text.xQueueReceiveFromISR
                0x080195e4       0xa0 Thirdparty\Middleware\STM32G0xx\FreeRTOS\Source\queue.o
                0x080195e4                xQueueReceiveFromISR
 .text.prvGetDisinheritPriorityAfterTimeout
                0x08019684       0x2c Thirdparty\Middleware\STM32G0xx\FreeRTOS\Source\queue.o
 .text.prvCopyDataToQueue
                0x080196b0       0xd6 Thirdparty\Middleware\STM32G0xx\FreeRTOS\Source\queue.o
 .text.prvCopyDataFromQueue
                0x08019786       0x4c Thirdparty\Middleware\STM32G0xx\FreeRTOS\Source\queue.o
 .text.prvUnlockQueue
                0x080197d2       0xbc Thirdparty\Middleware\STM32G0xx\FreeRTOS\Source\queue.o
 .text.prvIsQueueEmpty
                0x0801988e       0x2c Thirdparty\Middleware\STM32G0xx\FreeRTOS\Source\queue.o
 .text.prvIsQueueFull
                0x080198ba       0x30 Thirdparty\Middleware\STM32G0xx\FreeRTOS\Source\queue.o
 *fill*         0x080198ea        0x2 
 .text.vQueueAddToRegistry
                0x080198ec       0x50 Thirdparty\Middleware\STM32G0xx\FreeRTOS\Source\queue.o
                0x080198ec                vQueueAddToRegistry
 .text.vQueueWaitForMessageRestricted
                0x0801993c       0x66 Thirdparty\Middleware\STM32G0xx\FreeRTOS\Source\queue.o
                0x0801993c                vQueueWaitForMessageRestricted
 .text.xTaskCreate
                0x080199a2       0x90 Thirdparty\Middleware\STM32G0xx\FreeRTOS\Source\tasks.o
                0x080199a2                xTaskCreate
 *fill*         0x08019a32        0x2 
 .text.prvInitialiseNewTask
                0x08019a34      0x10c Thirdparty\Middleware\STM32G0xx\FreeRTOS\Source\tasks.o
 .text.prvAddNewTaskToReadyList
                0x08019b40       0xd0 Thirdparty\Middleware\STM32G0xx\FreeRTOS\Source\tasks.o
 .text.vTaskDelay
                0x08019c10       0x3a Thirdparty\Middleware\STM32G0xx\FreeRTOS\Source\tasks.o
                0x08019c10                vTaskDelay
 *fill*         0x08019c4a        0x2 
 .text.eTaskGetState
                0x08019c4c       0xd0 Thirdparty\Middleware\STM32G0xx\FreeRTOS\Source\tasks.o
                0x08019c4c                eTaskGetState
 .text.uxTaskPriorityGet
                0x08019d1c       0x34 Thirdparty\Middleware\STM32G0xx\FreeRTOS\Source\tasks.o
                0x08019d1c                uxTaskPriorityGet
 .text.vTaskPrioritySet
                0x08019d50      0x110 Thirdparty\Middleware\STM32G0xx\FreeRTOS\Source\tasks.o
                0x08019d50                vTaskPrioritySet
 .text.vTaskStartScheduler
                0x08019e60       0x74 Thirdparty\Middleware\STM32G0xx\FreeRTOS\Source\tasks.o
                0x08019e60                vTaskStartScheduler
 .text.vTaskSuspendAll
                0x08019ed4       0x18 Thirdparty\Middleware\STM32G0xx\FreeRTOS\Source\tasks.o
                0x08019ed4                vTaskSuspendAll
 .text.xTaskResumeAll
                0x08019eec      0x10c Thirdparty\Middleware\STM32G0xx\FreeRTOS\Source\tasks.o
                0x08019eec                xTaskResumeAll
 .text.xTaskGetTickCount
                0x08019ff8       0x1c Thirdparty\Middleware\STM32G0xx\FreeRTOS\Source\tasks.o
                0x08019ff8                xTaskGetTickCount
 .text.xTaskGetTickCountFromISR
                0x0801a014       0x20 Thirdparty\Middleware\STM32G0xx\FreeRTOS\Source\tasks.o
                0x0801a014                xTaskGetTickCountFromISR
 .text.uxTaskGetSystemState
                0x0801a034      0x120 Thirdparty\Middleware\STM32G0xx\FreeRTOS\Source\tasks.o
                0x0801a034                uxTaskGetSystemState
 .text.xTaskIncrementTick
                0x0801a154      0x150 Thirdparty\Middleware\STM32G0xx\FreeRTOS\Source\tasks.o
                0x0801a154                xTaskIncrementTick
 .text.vTaskSwitchContext
                0x0801a2a4      0x124 Thirdparty\Middleware\STM32G0xx\FreeRTOS\Source\tasks.o
                0x0801a2a4                vTaskSwitchContext
 .text.vTaskPlaceOnEventList
                0x0801a3c8       0x34 Thirdparty\Middleware\STM32G0xx\FreeRTOS\Source\tasks.o
                0x0801a3c8                vTaskPlaceOnEventList
 .text.vTaskPlaceOnEventListRestricted
                0x0801a3fc       0x44 Thirdparty\Middleware\STM32G0xx\FreeRTOS\Source\tasks.o
                0x0801a3fc                vTaskPlaceOnEventListRestricted
 .text.xTaskRemoveFromEventList
                0x0801a440       0xb0 Thirdparty\Middleware\STM32G0xx\FreeRTOS\Source\tasks.o
                0x0801a440                xTaskRemoveFromEventList
 .text.vTaskInternalSetTimeOutState
                0x0801a4f0       0x28 Thirdparty\Middleware\STM32G0xx\FreeRTOS\Source\tasks.o
                0x0801a4f0                vTaskInternalSetTimeOutState
 .text.xTaskCheckForTimeOut
                0x0801a518       0x8c Thirdparty\Middleware\STM32G0xx\FreeRTOS\Source\tasks.o
                0x0801a518                xTaskCheckForTimeOut
 .text.vTaskMissedYield
                0x0801a5a4       0x14 Thirdparty\Middleware\STM32G0xx\FreeRTOS\Source\tasks.o
                0x0801a5a4                vTaskMissedYield
 .text.prvIdleTask
                0x0801a5b8       0x20 Thirdparty\Middleware\STM32G0xx\FreeRTOS\Source\tasks.o
 .text.prvInitialiseTaskLists
                0x0801a5d8       0x88 Thirdparty\Middleware\STM32G0xx\FreeRTOS\Source\tasks.o
 .text.prvCheckTasksWaitingTermination
                0x0801a660       0x5c Thirdparty\Middleware\STM32G0xx\FreeRTOS\Source\tasks.o
 .text.vTaskGetInfo
                0x0801a6bc       0xd8 Thirdparty\Middleware\STM32G0xx\FreeRTOS\Source\tasks.o
                0x0801a6bc                vTaskGetInfo
 .text.prvListTasksWithinSingleList
                0x0801a794       0xa6 Thirdparty\Middleware\STM32G0xx\FreeRTOS\Source\tasks.o
 .text.prvTaskCheckFreeStackSpace
                0x0801a83a       0x34 Thirdparty\Middleware\STM32G0xx\FreeRTOS\Source\tasks.o
 .text.prvDeleteTCB
                0x0801a86e       0x22 Thirdparty\Middleware\STM32G0xx\FreeRTOS\Source\tasks.o
 .text.prvResetNextTaskUnblockTime
                0x0801a890       0x3c Thirdparty\Middleware\STM32G0xx\FreeRTOS\Source\tasks.o
 .text.xTaskGetSchedulerState
                0x0801a8cc       0x38 Thirdparty\Middleware\STM32G0xx\FreeRTOS\Source\tasks.o
                0x0801a8cc                xTaskGetSchedulerState
 .text.xTaskPriorityInherit
                0x0801a904       0xd0 Thirdparty\Middleware\STM32G0xx\FreeRTOS\Source\tasks.o
                0x0801a904                xTaskPriorityInherit
 .text.xTaskPriorityDisinherit
                0x0801a9d4       0x98 Thirdparty\Middleware\STM32G0xx\FreeRTOS\Source\tasks.o
                0x0801a9d4                xTaskPriorityDisinherit
 .text.vTaskPriorityDisinheritAfterTimeout
                0x0801aa6c       0xc0 Thirdparty\Middleware\STM32G0xx\FreeRTOS\Source\tasks.o
                0x0801aa6c                vTaskPriorityDisinheritAfterTimeout
 .text.prvWriteNameToBuffer
                0x0801ab2c       0x52 Thirdparty\Middleware\STM32G0xx\FreeRTOS\Source\tasks.o
 *fill*         0x0801ab7e        0x2 
 .text.vTaskList
                0x0801ab80      0x14c Thirdparty\Middleware\STM32G0xx\FreeRTOS\Source\tasks.o
                0x0801ab80                vTaskList
 .text.vTaskGetRunTimeStats
                0x0801accc      0x118 Thirdparty\Middleware\STM32G0xx\FreeRTOS\Source\tasks.o
                0x0801accc                vTaskGetRunTimeStats
 .text.pvTaskIncrementMutexHeldCount
                0x0801ade4       0x24 Thirdparty\Middleware\STM32G0xx\FreeRTOS\Source\tasks.o
                0x0801ade4                pvTaskIncrementMutexHeldCount
 .text.ulTaskNotifyTake
                0x0801ae08       0x84 Thirdparty\Middleware\STM32G0xx\FreeRTOS\Source\tasks.o
                0x0801ae08                ulTaskNotifyTake
 .text.xTaskGenericNotify
                0x0801ae8c      0x104 Thirdparty\Middleware\STM32G0xx\FreeRTOS\Source\tasks.o
                0x0801ae8c                xTaskGenericNotify
 .text.xTaskGenericNotifyFromISR
                0x0801af90      0x140 Thirdparty\Middleware\STM32G0xx\FreeRTOS\Source\tasks.o
                0x0801af90                xTaskGenericNotifyFromISR
 .text.vTaskNotifyGiveFromISR
                0x0801b0d0       0xd8 Thirdparty\Middleware\STM32G0xx\FreeRTOS\Source\tasks.o
                0x0801b0d0                vTaskNotifyGiveFromISR
 .text.prvAddCurrentTaskToDelayedList
                0x0801b1a8       0xa8 Thirdparty\Middleware\STM32G0xx\FreeRTOS\Source\tasks.o
 .text.xTimerCreateTimerTask
                0x0801b250       0x4c Thirdparty\Middleware\STM32G0xx\FreeRTOS\Source\timers.o
                0x0801b250                xTimerCreateTimerTask
 .text.xTimerCreate
                0x0801b29c       0x46 Thirdparty\Middleware\STM32G0xx\FreeRTOS\Source\timers.o
                0x0801b29c                xTimerCreate
 .text.prvInitialiseNewTimer
                0x0801b2e2       0x5a Thirdparty\Middleware\STM32G0xx\FreeRTOS\Source\timers.o
 .text.xTimerGenericCommand
                0x0801b33c       0x8c Thirdparty\Middleware\STM32G0xx\FreeRTOS\Source\timers.o
                0x0801b33c                xTimerGenericCommand
 .text.prvProcessExpiredTimer
                0x0801b3c8       0x80 Thirdparty\Middleware\STM32G0xx\FreeRTOS\Source\timers.o
 .text.prvTimerTask
                0x0801b448       0x28 Thirdparty\Middleware\STM32G0xx\FreeRTOS\Source\timers.o
 .text.prvProcessTimerOrBlockTask
                0x0801b470       0x90 Thirdparty\Middleware\STM32G0xx\FreeRTOS\Source\timers.o
 .text.prvGetNextExpireTime
                0x0801b500       0x44 Thirdparty\Middleware\STM32G0xx\FreeRTOS\Source\timers.o
 .text.prvSampleTimeNow
                0x0801b544       0x40 Thirdparty\Middleware\STM32G0xx\FreeRTOS\Source\timers.o
 .text.prvInsertTimerInActiveList
                0x0801b584       0x84 Thirdparty\Middleware\STM32G0xx\FreeRTOS\Source\timers.o
 .text.prvProcessReceivedCommands
                0x0801b608      0x16c Thirdparty\Middleware\STM32G0xx\FreeRTOS\Source\timers.o
 .text.prvSwitchTimerLists
                0x0801b774       0xb0 Thirdparty\Middleware\STM32G0xx\FreeRTOS\Source\timers.o
 .text.prvCheckForValidListAndQueue
                0x0801b824       0x74 Thirdparty\Middleware\STM32G0xx\FreeRTOS\Source\timers.o
 .text.HAL_Init
                0x0801b898       0x40 Thirdparty\STM32G0xx_HAL_Driver\Src\stm32g0xx_hal.o
                0x0801b898                HAL_Init
 .text.HAL_InitTick
                0x0801b8d8       0x94 Thirdparty\STM32G0xx_HAL_Driver\Src\stm32g0xx_hal.o
                0x0801b8d8                HAL_InitTick
 .text.HAL_IncTick
                0x0801b96c       0x24 Thirdparty\STM32G0xx_HAL_Driver\Src\stm32g0xx_hal.o
                0x0801b96c                HAL_IncTick
 .text.HAL_GetTick
                0x0801b990       0x14 Thirdparty\STM32G0xx_HAL_Driver\Src\stm32g0xx_hal.o
                0x0801b990                HAL_GetTick
 .text.HAL_Delay
                0x0801b9a4       0x48 Thirdparty\STM32G0xx_HAL_Driver\Src\stm32g0xx_hal.o
                0x0801b9a4                HAL_Delay
 .text.HAL_GetREVID
                0x0801b9ec       0x18 Thirdparty\STM32G0xx_HAL_Driver\Src\stm32g0xx_hal.o
                0x0801b9ec                HAL_GetREVID
 .text.HAL_GetDEVID
                0x0801ba04       0x18 Thirdparty\STM32G0xx_HAL_Driver\Src\stm32g0xx_hal.o
                0x0801ba04                HAL_GetDEVID
 .text.LL_ADC_SetCommonPathInternalCh
                0x0801ba1c       0x28 Thirdparty\STM32G0xx_HAL_Driver\Src\stm32g0xx_hal_adc.o
 .text.LL_ADC_GetCommonPathInternalCh
                0x0801ba44       0x1a Thirdparty\STM32G0xx_HAL_Driver\Src\stm32g0xx_hal_adc.o
 .text.LL_ADC_SetSamplingTimeCommonChannels
                0x0801ba5e       0x3a Thirdparty\STM32G0xx_HAL_Driver\Src\stm32g0xx_hal_adc.o
 .text.LL_ADC_GetSamplingTimeCommonChannels
                0x0801ba98       0x2e Thirdparty\STM32G0xx_HAL_Driver\Src\stm32g0xx_hal_adc.o
 .text.LL_ADC_REG_IsTriggerSourceSWStart
                0x0801bac6       0x22 Thirdparty\STM32G0xx_HAL_Driver\Src\stm32g0xx_hal_adc.o
 .text.LL_ADC_REG_SetSequencerRanks
                0x0801bae8       0x40 Thirdparty\STM32G0xx_HAL_Driver\Src\stm32g0xx_hal_adc.o
 .text.LL_ADC_REG_SetSequencerChAdd
                0x0801bb28       0x22 Thirdparty\STM32G0xx_HAL_Driver\Src\stm32g0xx_hal_adc.o
 .text.LL_ADC_REG_SetSequencerChRem
                0x0801bb4a       0x24 Thirdparty\STM32G0xx_HAL_Driver\Src\stm32g0xx_hal_adc.o
 *fill*         0x0801bb6e        0x2 
 .text.LL_ADC_SetChannelSamplingTime
                0x0801bb70       0x38 Thirdparty\STM32G0xx_HAL_Driver\Src\stm32g0xx_hal_adc.o
 .text.LL_ADC_EnableInternalRegulator
                0x0801bba8       0x28 Thirdparty\STM32G0xx_HAL_Driver\Src\stm32g0xx_hal_adc.o
 .text.LL_ADC_IsInternalRegulatorEnabled
                0x0801bbd0       0x28 Thirdparty\STM32G0xx_HAL_Driver\Src\stm32g0xx_hal_adc.o
 .text.LL_ADC_Enable
                0x0801bbf8       0x24 Thirdparty\STM32G0xx_HAL_Driver\Src\stm32g0xx_hal_adc.o
 .text.LL_ADC_Disable
                0x0801bc1c       0x24 Thirdparty\STM32G0xx_HAL_Driver\Src\stm32g0xx_hal_adc.o
 .text.LL_ADC_IsEnabled
                0x0801bc40       0x22 Thirdparty\STM32G0xx_HAL_Driver\Src\stm32g0xx_hal_adc.o
 .text.LL_ADC_IsDisableOngoing
                0x0801bc62       0x22 Thirdparty\STM32G0xx_HAL_Driver\Src\stm32g0xx_hal_adc.o
 .text.LL_ADC_REG_StartConversion
                0x0801bc84       0x24 Thirdparty\STM32G0xx_HAL_Driver\Src\stm32g0xx_hal_adc.o
 .text.LL_ADC_REG_StopConversion
                0x0801bca8       0x24 Thirdparty\STM32G0xx_HAL_Driver\Src\stm32g0xx_hal_adc.o
 .text.LL_ADC_REG_IsConversionOngoing
                0x0801bccc       0x22 Thirdparty\STM32G0xx_HAL_Driver\Src\stm32g0xx_hal_adc.o
 *fill*         0x0801bcee        0x2 
 .text.HAL_ADC_Init
                0x0801bcf0      0x350 Thirdparty\STM32G0xx_HAL_Driver\Src\stm32g0xx_hal_adc.o
                0x0801bcf0                HAL_ADC_Init
 .text.HAL_ADC_Start
                0x0801c040       0x9c Thirdparty\STM32G0xx_HAL_Driver\Src\stm32g0xx_hal_adc.o
                0x0801c040                HAL_ADC_Start
 .text.HAL_ADC_Stop
                0x0801c0dc       0x78 Thirdparty\STM32G0xx_HAL_Driver\Src\stm32g0xx_hal_adc.o
                0x0801c0dc                HAL_ADC_Stop
 .text.HAL_ADC_PollForConversion
                0x0801c154      0x128 Thirdparty\STM32G0xx_HAL_Driver\Src\stm32g0xx_hal_adc.o
                0x0801c154                HAL_ADC_PollForConversion
 .text.HAL_ADC_GetValue
                0x0801c27c       0x16 Thirdparty\STM32G0xx_HAL_Driver\Src\stm32g0xx_hal_adc.o
                0x0801c27c                HAL_ADC_GetValue
 *fill*         0x0801c292        0x2 
 .text.HAL_ADC_ConfigChannel
                0x0801c294      0x3b0 Thirdparty\STM32G0xx_HAL_Driver\Src\stm32g0xx_hal_adc.o
                0x0801c294                HAL_ADC_ConfigChannel
 .text.ADC_ConversionStop
                0x0801c644       0x84 Thirdparty\STM32G0xx_HAL_Driver\Src\stm32g0xx_hal_adc.o
                0x0801c644                ADC_ConversionStop
 .text.ADC_Enable
                0x0801c6c8      0x10c Thirdparty\STM32G0xx_HAL_Driver\Src\stm32g0xx_hal_adc.o
                0x0801c6c8                ADC_Enable
 .text.ADC_Disable
                0x0801c7d4       0xbc Thirdparty\STM32G0xx_HAL_Driver\Src\stm32g0xx_hal_adc.o
                0x0801c7d4                ADC_Disable
 .text.__NVIC_EnableIRQ
                0x0801c890       0x34 Thirdparty\STM32G0xx_HAL_Driver\Src\stm32g0xx_hal_cortex.o
 .text.__NVIC_SetPriority
                0x0801c8c4       0xdc Thirdparty\STM32G0xx_HAL_Driver\Src\stm32g0xx_hal_cortex.o
 .text.SysTick_Config
                0x0801c9a0       0x48 Thirdparty\STM32G0xx_HAL_Driver\Src\stm32g0xx_hal_cortex.o
 .text.HAL_NVIC_SetPriority
                0x0801c9e8       0x2a Thirdparty\STM32G0xx_HAL_Driver\Src\stm32g0xx_hal_cortex.o
                0x0801c9e8                HAL_NVIC_SetPriority
 .text.HAL_NVIC_EnableIRQ
                0x0801ca12       0x20 Thirdparty\STM32G0xx_HAL_Driver\Src\stm32g0xx_hal_cortex.o
                0x0801ca12                HAL_NVIC_EnableIRQ
 .text.HAL_SYSTICK_Config
                0x0801ca32       0x1a Thirdparty\STM32G0xx_HAL_Driver\Src\stm32g0xx_hal_cortex.o
                0x0801ca32                HAL_SYSTICK_Config
 .text.HAL_CRC_Init
                0x0801ca4c       0xcc Thirdparty\STM32G0xx_HAL_Driver\Src\stm32g0xx_hal_crc.o
                0x0801ca4c                HAL_CRC_Init
 .text.HAL_CRC_Accumulate
                0x0801cb18       0x8e Thirdparty\STM32G0xx_HAL_Driver\Src\stm32g0xx_hal_crc.o
                0x0801cb18                HAL_CRC_Accumulate
 .text.HAL_CRC_Calculate
                0x0801cba6       0x9e Thirdparty\STM32G0xx_HAL_Driver\Src\stm32g0xx_hal_crc.o
                0x0801cba6                HAL_CRC_Calculate
 .text.CRC_Handle_8
                0x0801cc44      0x122 Thirdparty\STM32G0xx_HAL_Driver\Src\stm32g0xx_hal_crc.o
 .text.CRC_Handle_16
                0x0801cd66       0x6e Thirdparty\STM32G0xx_HAL_Driver\Src\stm32g0xx_hal_crc.o
 .text.HAL_CRCEx_Polynomial_Set
                0x0801cdd4       0xea Thirdparty\STM32G0xx_HAL_Driver\Src\stm32g0xx_hal_crc_ex.o
                0x0801cdd4                HAL_CRCEx_Polynomial_Set
 *fill*         0x0801cebe        0x2 
 .text.HAL_DMA_Init
                0x0801cec0      0x158 Thirdparty\STM32G0xx_HAL_Driver\Src\stm32g0xx_hal_dma.o
                0x0801cec0                HAL_DMA_Init
 .text.HAL_DMA_Start_IT
                0x0801d018      0x10c Thirdparty\STM32G0xx_HAL_Driver\Src\stm32g0xx_hal_dma.o
                0x0801d018                HAL_DMA_Start_IT
 .text.HAL_DMA_Abort
                0x0801d124       0xc0 Thirdparty\STM32G0xx_HAL_Driver\Src\stm32g0xx_hal_dma.o
                0x0801d124                HAL_DMA_Abort
 .text.HAL_DMA_Abort_IT
                0x0801d1e4       0xd0 Thirdparty\STM32G0xx_HAL_Driver\Src\stm32g0xx_hal_dma.o
                0x0801d1e4                HAL_DMA_Abort_IT
 .text.HAL_DMA_IRQHandler
                0x0801d2b4      0x188 Thirdparty\STM32G0xx_HAL_Driver\Src\stm32g0xx_hal_dma.o
                0x0801d2b4                HAL_DMA_IRQHandler
 .text.HAL_DMA_GetError
                0x0801d43c       0x14 Thirdparty\STM32G0xx_HAL_Driver\Src\stm32g0xx_hal_dma.o
                0x0801d43c                HAL_DMA_GetError
 .text.DMA_SetConfig
                0x0801d450       0x78 Thirdparty\STM32G0xx_HAL_Driver\Src\stm32g0xx_hal_dma.o
 .text.DMA_CalcDMAMUXChannelBaseAndMask
                0x0801d4c8       0x94 Thirdparty\STM32G0xx_HAL_Driver\Src\stm32g0xx_hal_dma.o
 .text.DMA_CalcDMAMUXRequestGenBaseAndMask
                0x0801d55c       0x48 Thirdparty\STM32G0xx_HAL_Driver\Src\stm32g0xx_hal_dma.o
 .text.HAL_FLASH_Program
                0x0801d5a4       0x9c Thirdparty\STM32G0xx_HAL_Driver\Src\stm32g0xx_hal_flash.o
                0x0801d5a4                HAL_FLASH_Program
 .text.HAL_FLASH_Unlock
                0x0801d640       0x48 Thirdparty\STM32G0xx_HAL_Driver\Src\stm32g0xx_hal_flash.o
                0x0801d640                HAL_FLASH_Unlock
 .text.HAL_FLASH_Lock
                0x0801d688       0x44 Thirdparty\STM32G0xx_HAL_Driver\Src\stm32g0xx_hal_flash.o
                0x0801d688                HAL_FLASH_Lock
 .text.FLASH_WaitForLastOperation
                0x0801d6cc       0x9c Thirdparty\STM32G0xx_HAL_Driver\Src\stm32g0xx_hal_flash.o
                0x0801d6cc                FLASH_WaitForLastOperation
 .text.FLASH_Program_DoubleWord
                0x0801d768       0x40 Thirdparty\STM32G0xx_HAL_Driver\Src\stm32g0xx_hal_flash.o
 .text.HAL_FLASHEx_Erase
                0x0801d7a8       0xe0 Thirdparty\STM32G0xx_HAL_Driver\Src\stm32g0xx_hal_flash_ex.o
                0x0801d7a8                HAL_FLASHEx_Erase
 .text.FLASH_MassErase
                0x0801d888       0x28 Thirdparty\STM32G0xx_HAL_Driver\Src\stm32g0xx_hal_flash_ex.o
 .text.FLASH_PageErase
                0x0801d8b0       0x58 Thirdparty\STM32G0xx_HAL_Driver\Src\stm32g0xx_hal_flash_ex.o
                0x0801d8b0                FLASH_PageErase
 .text.HAL_GPIO_Init
                0x0801d908      0x2d8 Thirdparty\STM32G0xx_HAL_Driver\Src\stm32g0xx_hal_gpio.o
                0x0801d908                HAL_GPIO_Init
 .text.HAL_GPIO_ReadPin
                0x0801dbe0       0x3a Thirdparty\STM32G0xx_HAL_Driver\Src\stm32g0xx_hal_gpio.o
                0x0801dbe0                HAL_GPIO_ReadPin
 .text.HAL_GPIO_WritePin
                0x0801dc1a       0x3a Thirdparty\STM32G0xx_HAL_Driver\Src\stm32g0xx_hal_gpio.o
                0x0801dc1a                HAL_GPIO_WritePin
 .text.HAL_GPIO_TogglePin
                0x0801dc54       0x36 Thirdparty\STM32G0xx_HAL_Driver\Src\stm32g0xx_hal_gpio.o
                0x0801dc54                HAL_GPIO_TogglePin
 .text.HAL_MspInit
                0x0801dc8a        0xa Thirdparty\STM32G0xx_HAL_Driver\Src\stm32g0xx_hal_msp_template.o
                0x0801dc8a                HAL_MspInit
 .text.HAL_PWR_EnableWakeUpPin
                0x0801dc94       0x40 Thirdparty\STM32G0xx_HAL_Driver\Src\stm32g0xx_hal_pwr.o
                0x0801dc94                HAL_PWR_EnableWakeUpPin
 .text.HAL_PWR_DisableWakeUpPin
                0x0801dcd4       0x28 Thirdparty\STM32G0xx_HAL_Driver\Src\stm32g0xx_hal_pwr.o
                0x0801dcd4                HAL_PWR_DisableWakeUpPin
 .text.HAL_PWR_EnterSTOPMode
                0x0801dcfc       0x70 Thirdparty\STM32G0xx_HAL_Driver\Src\stm32g0xx_hal_pwr.o
                0x0801dcfc                HAL_PWR_EnterSTOPMode
 .text.HAL_PWR_EnterSTANDBYMode
                0x0801dd6c       0x34 Thirdparty\STM32G0xx_HAL_Driver\Src\stm32g0xx_hal_pwr.o
                0x0801dd6c                HAL_PWR_EnterSTANDBYMode
 .text.HAL_PWREx_EnableSRAMRetention
                0x0801dda0       0x1c Thirdparty\STM32G0xx_HAL_Driver\Src\stm32g0xx_hal_pwr_ex.o
                0x0801dda0                HAL_PWREx_EnableSRAMRetention
 .text.HAL_PWREx_ControlVoltageScaling
                0x0801ddbc       0x80 Thirdparty\STM32G0xx_HAL_Driver\Src\stm32g0xx_hal_pwr_ex.o
                0x0801ddbc                HAL_PWREx_ControlVoltageScaling
 .text.LL_RCC_GetAPB1Prescaler
                0x0801de3c       0x18 Thirdparty\STM32G0xx_HAL_Driver\Src\stm32g0xx_hal_rcc.o
 .text.HAL_RCC_OscConfig
                0x0801de54      0x6c0 Thirdparty\STM32G0xx_HAL_Driver\Src\stm32g0xx_hal_rcc.o
                0x0801de54                HAL_RCC_OscConfig
 .text.HAL_RCC_ClockConfig
                0x0801e514      0x210 Thirdparty\STM32G0xx_HAL_Driver\Src\stm32g0xx_hal_rcc.o
                0x0801e514                HAL_RCC_ClockConfig
 .text.HAL_RCC_GetSysClockFreq
                0x0801e724      0x104 Thirdparty\STM32G0xx_HAL_Driver\Src\stm32g0xx_hal_rcc.o
                0x0801e724                HAL_RCC_GetSysClockFreq
 .text.HAL_RCC_GetHCLKFreq
                0x0801e828       0x14 Thirdparty\STM32G0xx_HAL_Driver\Src\stm32g0xx_hal_rcc.o
                0x0801e828                HAL_RCC_GetHCLKFreq
 .text.HAL_RCC_GetPCLK1Freq
                0x0801e83c       0x2c Thirdparty\STM32G0xx_HAL_Driver\Src\stm32g0xx_hal_rcc.o
                0x0801e83c                HAL_RCC_GetPCLK1Freq
 .text.HAL_RCCEx_PeriphCLKConfig
                0x0801e868      0x478 Thirdparty\STM32G0xx_HAL_Driver\Src\stm32g0xx_hal_rcc_ex.o
                0x0801e868                HAL_RCCEx_PeriphCLKConfig
 .text.HAL_RTC_Init
                0x0801ece0      0x144 Thirdparty\STM32G0xx_HAL_Driver\Src\stm32g0xx_hal_rtc.o
                0x0801ece0                HAL_RTC_Init
 .text.HAL_RTC_DeInit
                0x0801ee24      0x138 Thirdparty\STM32G0xx_HAL_Driver\Src\stm32g0xx_hal_rtc.o
                0x0801ee24                HAL_RTC_DeInit
 .text.HAL_RTC_SetTime
                0x0801ef5c      0x150 Thirdparty\STM32G0xx_HAL_Driver\Src\stm32g0xx_hal_rtc.o
                0x0801ef5c                HAL_RTC_SetTime
 .text.HAL_RTC_GetTime
                0x0801f0ac       0xb8 Thirdparty\STM32G0xx_HAL_Driver\Src\stm32g0xx_hal_rtc.o
                0x0801f0ac                HAL_RTC_GetTime
 .text.HAL_RTC_SetDate
                0x0801f164      0x124 Thirdparty\STM32G0xx_HAL_Driver\Src\stm32g0xx_hal_rtc.o
                0x0801f164                HAL_RTC_SetDate
 .text.HAL_RTC_GetDate
                0x0801f288       0x9c Thirdparty\STM32G0xx_HAL_Driver\Src\stm32g0xx_hal_rtc.o
                0x0801f288                HAL_RTC_GetDate
 .text.HAL_RTC_WaitForSynchro
                0x0801f324       0x4c Thirdparty\STM32G0xx_HAL_Driver\Src\stm32g0xx_hal_rtc.o
                0x0801f324                HAL_RTC_WaitForSynchro
 .text.RTC_EnterInitMode
                0x0801f370       0x84 Thirdparty\STM32G0xx_HAL_Driver\Src\stm32g0xx_hal_rtc.o
                0x0801f370                RTC_EnterInitMode
 .text.RTC_ExitInitMode
                0x0801f3f4       0x88 Thirdparty\STM32G0xx_HAL_Driver\Src\stm32g0xx_hal_rtc.o
                0x0801f3f4                RTC_ExitInitMode
 .text.RTC_ByteToBcd2
                0x0801f47c       0x50 Thirdparty\STM32G0xx_HAL_Driver\Src\stm32g0xx_hal_rtc.o
                0x0801f47c                RTC_ByteToBcd2
 .text.RTC_Bcd2ToByte
                0x0801f4cc       0x3a Thirdparty\STM32G0xx_HAL_Driver\Src\stm32g0xx_hal_rtc.o
                0x0801f4cc                RTC_Bcd2ToByte
 .text.HAL_RTCEx_BKUPWrite
                0x0801f506       0x3a Thirdparty\STM32G0xx_HAL_Driver\Src\stm32g0xx_hal_rtc_ex.o
                0x0801f506                HAL_RTCEx_BKUPWrite
 .text.HAL_RTCEx_BKUPRead
                0x0801f540       0x36 Thirdparty\STM32G0xx_HAL_Driver\Src\stm32g0xx_hal_rtc_ex.o
                0x0801f540                HAL_RTCEx_BKUPRead
 .text.HAL_TIM_Base_Init
                0x0801f576       0xb0 Thirdparty\STM32G0xx_HAL_Driver\Src\stm32g0xx_hal_tim.o
                0x0801f576                HAL_TIM_Base_Init
 .text.HAL_TIM_Base_MspInit
                0x0801f626       0x10 Thirdparty\STM32G0xx_HAL_Driver\Src\stm32g0xx_hal_tim.o
                0x0801f626                HAL_TIM_Base_MspInit
 *fill*         0x0801f636        0x2 
 .text.HAL_TIM_Base_Start
                0x0801f638       0xb4 Thirdparty\STM32G0xx_HAL_Driver\Src\stm32g0xx_hal_tim.o
                0x0801f638                HAL_TIM_Base_Start
 .text.TIM_Base_SetConfig
                0x0801f6ec      0x130 Thirdparty\STM32G0xx_HAL_Driver\Src\stm32g0xx_hal_tim.o
                0x0801f6ec                TIM_Base_SetConfig
 .text.HAL_UART_Init
                0x0801f81c       0xac Thirdparty\STM32G0xx_HAL_Driver\Src\stm32g0xx_hal_uart.o
                0x0801f81c                HAL_UART_Init
 .text.HAL_UART_DeInit
                0x0801f8c8       0x80 Thirdparty\STM32G0xx_HAL_Driver\Src\stm32g0xx_hal_uart.o
                0x0801f8c8                HAL_UART_DeInit
 .text.HAL_UART_MspDeInit
                0x0801f948       0x10 Thirdparty\STM32G0xx_HAL_Driver\Src\stm32g0xx_hal_uart.o
                0x0801f948                HAL_UART_MspDeInit
 .text.HAL_UART_Transmit
                0x0801f958      0x148 Thirdparty\STM32G0xx_HAL_Driver\Src\stm32g0xx_hal_uart.o
                0x0801f958                HAL_UART_Transmit
 .text.HAL_UART_Transmit_IT
                0x0801faa0      0x150 Thirdparty\STM32G0xx_HAL_Driver\Src\stm32g0xx_hal_uart.o
                0x0801faa0                HAL_UART_Transmit_IT
 .text.HAL_UART_DMAStop
                0x0801fbf0      0x128 Thirdparty\STM32G0xx_HAL_Driver\Src\stm32g0xx_hal_uart.o
                0x0801fbf0                HAL_UART_DMAStop
 .text.HAL_UART_IRQHandler
                0x0801fd18      0x64c Thirdparty\STM32G0xx_HAL_Driver\Src\stm32g0xx_hal_uart.o
                0x0801fd18                HAL_UART_IRQHandler
 .text.HAL_UART_RxHalfCpltCallback
                0x08020364       0x10 Thirdparty\STM32G0xx_HAL_Driver\Src\stm32g0xx_hal_uart.o
                0x08020364                HAL_UART_RxHalfCpltCallback
 .text.UART_SetConfig
                0x08020374      0x6ac Thirdparty\STM32G0xx_HAL_Driver\Src\stm32g0xx_hal_uart.o
                0x08020374                UART_SetConfig
 .text.UART_AdvFeatureConfig
                0x08020a20      0x168 Thirdparty\STM32G0xx_HAL_Driver\Src\stm32g0xx_hal_uart.o
                0x08020a20                UART_AdvFeatureConfig
 .text.UART_CheckIdleState
                0x08020b88      0x154 Thirdparty\STM32G0xx_HAL_Driver\Src\stm32g0xx_hal_uart.o
                0x08020b88                UART_CheckIdleState
 .text.UART_WaitOnFlagUntilTimeout
                0x08020cdc       0xde Thirdparty\STM32G0xx_HAL_Driver\Src\stm32g0xx_hal_uart.o
                0x08020cdc                UART_WaitOnFlagUntilTimeout
 *fill*         0x08020dba        0x2 
 .text.UART_Start_Receive_DMA
                0x08020dbc      0x14c Thirdparty\STM32G0xx_HAL_Driver\Src\stm32g0xx_hal_uart.o
                0x08020dbc                UART_Start_Receive_DMA
 .text.UART_EndTxTransfer
                0x08020f08       0x80 Thirdparty\STM32G0xx_HAL_Driver\Src\stm32g0xx_hal_uart.o
 .text.UART_EndRxTransfer
                0x08020f88       0xcc Thirdparty\STM32G0xx_HAL_Driver\Src\stm32g0xx_hal_uart.o
 .text.UART_DMAReceiveCplt
                0x08021054      0x130 Thirdparty\STM32G0xx_HAL_Driver\Src\stm32g0xx_hal_uart.o
 .text.UART_DMARxHalfCplt
                0x08021184       0x42 Thirdparty\STM32G0xx_HAL_Driver\Src\stm32g0xx_hal_uart.o
 .text.UART_DMAError
                0x080211c6       0x86 Thirdparty\STM32G0xx_HAL_Driver\Src\stm32g0xx_hal_uart.o
 .text.UART_DMAAbortOnError
                0x0802124c       0x2e Thirdparty\STM32G0xx_HAL_Driver\Src\stm32g0xx_hal_uart.o
 .text.UART_TxISR_8BIT
                0x0802127a       0xb4 Thirdparty\STM32G0xx_HAL_Driver\Src\stm32g0xx_hal_uart.o
 .text.UART_TxISR_16BIT
                0x0802132e       0xbe Thirdparty\STM32G0xx_HAL_Driver\Src\stm32g0xx_hal_uart.o
 .text.UART_TxISR_8BIT_FIFOEN
                0x080213ec       0xec Thirdparty\STM32G0xx_HAL_Driver\Src\stm32g0xx_hal_uart.o
 .text.UART_TxISR_16BIT_FIFOEN
                0x080214d8       0xf4 Thirdparty\STM32G0xx_HAL_Driver\Src\stm32g0xx_hal_uart.o
 .text.UART_EndTransmit_IT
                0x080215cc       0x58 Thirdparty\STM32G0xx_HAL_Driver\Src\stm32g0xx_hal_uart.o
 .text.HAL_UARTEx_RxFifoFullCallback
                0x08021624       0x10 Thirdparty\STM32G0xx_HAL_Driver\Src\stm32g0xx_hal_uart_ex.o
                0x08021624                HAL_UARTEx_RxFifoFullCallback
 .text.HAL_UARTEx_TxFifoEmptyCallback
                0x08021634       0x10 Thirdparty\STM32G0xx_HAL_Driver\Src\stm32g0xx_hal_uart_ex.o
                0x08021634                HAL_UARTEx_TxFifoEmptyCallback
 .text.HAL_UARTEx_StopModeWakeUpSourceConfig
                0x08021644       0xd0 Thirdparty\STM32G0xx_HAL_Driver\Src\stm32g0xx_hal_uart_ex.o
                0x08021644                HAL_UARTEx_StopModeWakeUpSourceConfig
 .text.HAL_UARTEx_EnableStopMode
                0x08021714       0x62 Thirdparty\STM32G0xx_HAL_Driver\Src\stm32g0xx_hal_uart_ex.o
                0x08021714                HAL_UARTEx_EnableStopMode
 .text.HAL_UARTEx_DisableStopMode
                0x08021776       0x62 Thirdparty\STM32G0xx_HAL_Driver\Src\stm32g0xx_hal_uart_ex.o
                0x08021776                HAL_UARTEx_DisableStopMode
 .text.HAL_UARTEx_DisableFifoMode
                0x080217d8       0x74 Thirdparty\STM32G0xx_HAL_Driver\Src\stm32g0xx_hal_uart_ex.o
                0x080217d8                HAL_UARTEx_DisableFifoMode
 .text.HAL_UARTEx_SetTxFifoThreshold
                0x0802184c       0x7e Thirdparty\STM32G0xx_HAL_Driver\Src\stm32g0xx_hal_uart_ex.o
                0x0802184c                HAL_UARTEx_SetTxFifoThreshold
 *fill*         0x080218ca        0x2 
 .text.HAL_UARTEx_SetRxFifoThreshold
                0x080218cc       0x84 Thirdparty\STM32G0xx_HAL_Driver\Src\stm32g0xx_hal_uart_ex.o
                0x080218cc                HAL_UARTEx_SetRxFifoThreshold
 .text.HAL_UARTEx_ReceiveToIdle_DMA
                0x08021950       0xd0 Thirdparty\STM32G0xx_HAL_Driver\Src\stm32g0xx_hal_uart_ex.o
                0x08021950                HAL_UARTEx_ReceiveToIdle_DMA
 .text.UARTEx_Wakeup_AddressConfig
                0x08021a20       0x48 Thirdparty\STM32G0xx_HAL_Driver\Src\stm32g0xx_hal_uart_ex.o
 .text.UARTEx_SetNbDataToProcess
                0x08021a68       0xbc Thirdparty\STM32G0xx_HAL_Driver\Src\stm32g0xx_hal_uart_ex.o
 .text.main     0x08021b24        0xa User\main.o
                0x08021b24                main
 *fill*         0x08021b2e        0x2 
 .text.UserTask
                0x08021b30       0x50 User\main.o
                0x08021b30                UserTask
 .text._write   0x08021b80       0x18 syscalls.o
                0x08021b80                _write
 .text._read    0x08021b98       0x18 syscalls.o
                0x08021b98                _read
 .text._lseek   0x08021bb0       0x18 syscalls.o
                0x08021bb0                _lseek
 .text._kill    0x08021bc8       0x16 syscalls.o
                0x08021bc8                _kill
 .text._isatty  0x08021bde       0x12 syscalls.o
                0x08021bde                _isatty
 .text._getpid  0x08021bf0        0xc syscalls.o
                0x08021bf0                _getpid
 .text._fstat   0x08021bfc       0x1c syscalls.o
                0x08021bfc                _fstat
 .text._close   0x08021c18       0x14 syscalls.o
                0x08021c18                _close
 .text.atof     0x08021c2c        0xa C:/ST/STM32CubeIDE_1.17.0/STM32CubeIDE/plugins/com.st.stm32cube.ide.mcu.externaltools.gnu-tools-for-stm32.12.3.rel1.win32_1.1.0.202410251130/tools/bin/../lib/gcc/arm-none-eabi/12.3.1/../../../../arm-none-eabi/lib/thumb/v6-m/nofp\libc.a(libc_a-atof.o)
                0x08021c2c                atof
 .text.atoi     0x08021c36        0xc C:/ST/STM32CubeIDE_1.17.0/STM32CubeIDE/plugins/com.st.stm32cube.ide.mcu.externaltools.gnu-tools-for-stm32.12.3.rel1.win32_1.1.0.202410251130/tools/bin/../lib/gcc/arm-none-eabi/12.3.1/../../../../arm-none-eabi/lib/thumb/v6-m/nofp\libc.a(libc_a-atoi.o)
                0x08021c36                atoi